###############################################################################
#
# IAR ELF Linker V9.50.2.385/W64 for ARM                  02/Dec/2024  13:02:39
# Copyright 2007-2024 IAR Systems AB.
#
#    Output file                  =
#        D:\FG23\FG23_final_code\MeshApp_FG23_LBR\Kimbal_MeshApp_FG23_LBR\AppBuild\ewarm-iar\exe\ProNICApp.out
#    Map file                     =
#        D:\FG23\FG23_final_code\MeshApp_FG23_LBR\Kimbal_MeshApp_FG23_LBR\AppBuild\ewarm-iar\lst\ProNICApp.map
#    Import CMSE library file out =
#        D:\FG23\FG23_final_code\MeshApp_FG23_LBR\Kimbal_MeshApp_FG23_LBR\AppBuild\ewarm-iar\exe\ProNICApp_import_lib.o
#    Command line                 =
#        -f
#        D:\FG23\FG23_final_code\MeshApp_FG23_LBR\Kimbal_MeshApp_FG23_LBR\AppBuild\ewarm-iar\exe\ProNICApp.out.rsp
#        (D:\FG23\FG23_final_code\MeshApp_FG23_LBR\Kimbal_MeshApp_FG23_LBR\libraries\80154_PHY_Lib.a
#        D:\FG23\FG23_final_code\MeshApp_FG23_LBR\Kimbal_MeshApp_FG23_LBR\libraries\802154_MAC_lib.a
#        D:\FG23\FG23_final_code\MeshApp_FG23_LBR\Kimbal_MeshApp_FG23_LBR\AppBuild\ewarm-iar\obj\app_init.o
#        D:\FG23\FG23_final_code\MeshApp_FG23_LBR\Kimbal_MeshApp_FG23_LBR\AppBuild\ewarm-iar\obj\APP_LOG_4972416739147312130.dir\app_log.o
#        D:\FG23\FG23_final_code\MeshApp_FG23_LBR\Kimbal_MeshApp_FG23_LBR\AppBuild\ewarm-iar\obj\network_manager_5005759070473877390.dir\app_mac_security_interface.o
#        D:\FG23\FG23_final_code\MeshApp_FG23_LBR\Kimbal_MeshApp_FG23_LBR\AppBuild\ewarm-iar\obj\app_process.o
#        D:\FG23\FG23_final_code\MeshApp_FG23_LBR\Kimbal_MeshApp_FG23_LBR\AppBuild\ewarm-iar\obj\Src_14949699383848397354.dir\AppPING6Process.o
#        D:\FG23\FG23_final_code\MeshApp_FG23_LBR\Kimbal_MeshApp_FG23_LBR\AppBuild\ewarm-iar\obj\Src_14949699383848397354.dir\AppUDPprocess.o
#        D:\FG23\FG23_final_code\MeshApp_FG23_LBR\Kimbal_MeshApp_FG23_LBR\AppBuild\ewarm-iar\obj\Util_9809783495009140069.dir\buff_mgmt.o
#        D:\FG23\FG23_final_code\MeshApp_FG23_LBR\Kimbal_MeshApp_FG23_LBR\AppBuild\ewarm-iar\obj\Util_9809783495009140069.dir\buffer_service.o
#        D:\FG23\FG23_final_code\MeshApp_FG23_LBR\Kimbal_MeshApp_FG23_LBR\AppBuild\ewarm-iar\obj\HAL_18155169353449485031.dir\clock.o
#        D:\FG23\FG23_final_code\MeshApp_FG23_LBR\Kimbal_MeshApp_FG23_LBR\libraries\ContikiOS_lib.a
#        D:\FG23\FG23_final_code\MeshApp_FG23_LBR\Kimbal_MeshApp_FG23_LBR\AppBuild\ewarm-iar\obj\src_8171704489610867858.dir\dmadrv.o
#        D:\FG23\FG23_final_code\MeshApp_FG23_LBR\Kimbal_MeshApp_FG23_LBR\AppBuild\ewarm-iar\obj\Src_14949699383848397354.dir\eeprom_emulation.o
#        D:\FG23\FG23_final_code\MeshApp_FG23_LBR\Kimbal_MeshApp_FG23_LBR\AppBuild\ewarm-iar\obj\src_3303982371595999919.dir\em_cmu.o
#        D:\FG23\FG23_final_code\MeshApp_FG23_LBR\Kimbal_MeshApp_FG23_LBR\AppBuild\ewarm-iar\obj\src_3303982371595999919.dir\em_core.o
#        D:\FG23\FG23_final_code\MeshApp_FG23_LBR\Kimbal_MeshApp_FG23_LBR\AppBuild\ewarm-iar\obj\src_3303982371595999919.dir\em_crypto.o
#        D:\FG23\FG23_final_code\MeshApp_FG23_LBR\Kimbal_MeshApp_FG23_LBR\AppBuild\ewarm-iar\obj\src_3303982371595999919.dir\em_emu.o
#        D:\FG23\FG23_final_code\MeshApp_FG23_LBR\Kimbal_MeshApp_FG23_LBR\AppBuild\ewarm-iar\obj\src_3303982371595999919.dir\em_eusart.o
#        D:\FG23\FG23_final_code\MeshApp_FG23_LBR\Kimbal_MeshApp_FG23_LBR\AppBuild\ewarm-iar\obj\src_3303982371595999919.dir\em_gpio.o
#        D:\FG23\FG23_final_code\MeshApp_FG23_LBR\Kimbal_MeshApp_FG23_LBR\AppBuild\ewarm-iar\obj\src_3303982371595999919.dir\em_ldma.o
#        D:\FG23\FG23_final_code\MeshApp_FG23_LBR\Kimbal_MeshApp_FG23_LBR\AppBuild\ewarm-iar\obj\src_3303982371595999919.dir\em_leuart.o
#        D:\FG23\FG23_final_code\MeshApp_FG23_LBR\Kimbal_MeshApp_FG23_LBR\AppBuild\ewarm-iar\obj\src_3303982371595999919.dir\em_msc.o
#        D:\FG23\FG23_final_code\MeshApp_FG23_LBR\Kimbal_MeshApp_FG23_LBR\AppBuild\ewarm-iar\obj\src_3303982371595999919.dir\em_prs.o
#        D:\FG23\FG23_final_code\MeshApp_FG23_LBR\Kimbal_MeshApp_FG23_LBR\AppBuild\ewarm-iar\obj\src_3303982371595999919.dir\em_rmu.o
#        D:\FG23\FG23_final_code\MeshApp_FG23_LBR\Kimbal_MeshApp_FG23_LBR\AppBuild\ewarm-iar\obj\src_3303982371595999919.dir\em_rtc.o
#        D:\FG23\FG23_final_code\MeshApp_FG23_LBR\Kimbal_MeshApp_FG23_LBR\AppBuild\ewarm-iar\obj\src_3303982371595999919.dir\em_rtcc.o
#        D:\FG23\FG23_final_code\MeshApp_FG23_LBR\Kimbal_MeshApp_FG23_LBR\AppBuild\ewarm-iar\obj\src_3303982371595999919.dir\em_system.o
#        D:\FG23\FG23_final_code\MeshApp_FG23_LBR\Kimbal_MeshApp_FG23_LBR\AppBuild\ewarm-iar\obj\src_3303982371595999919.dir\em_timer.o
#        D:\FG23\FG23_final_code\MeshApp_FG23_LBR\Kimbal_MeshApp_FG23_LBR\AppBuild\ewarm-iar\obj\src_3303982371595999919.dir\em_usart.o
#        D:\FG23\FG23_final_code\MeshApp_FG23_LBR\Kimbal_MeshApp_FG23_LBR\AppBuild\ewarm-iar\obj\src_3303982371595999919.dir\em_wdog.o
#        D:\FG23\FG23_final_code\MeshApp_FG23_LBR\Kimbal_MeshApp_FG23_LBR\AppBuild\ewarm-iar\obj\Util_9809783495009140069.dir\event_manager.o
#        D:\FG23\FG23_final_code\MeshApp_FG23_LBR\Kimbal_MeshApp_FG23_LBR\AppBuild\ewarm-iar\obj\Src_14949699383848397354.dir\fan_api.o
#        D:\FG23\FG23_final_code\MeshApp_FG23_LBR\Kimbal_MeshApp_FG23_LBR\AppBuild\ewarm-iar\obj\Src_14949699383848397354.dir\fan_app_auto.o
#        D:\FG23\FG23_final_code\MeshApp_FG23_LBR\Kimbal_MeshApp_FG23_LBR\AppBuild\ewarm-iar\obj\Src_14949699383848397354.dir\fan_app_test_harness.o
#        D:\FG23\FG23_final_code\MeshApp_FG23_LBR\Kimbal_MeshApp_FG23_LBR\AppBuild\ewarm-iar\obj\Src_14949699383848397354.dir\fan_factorycmd.o
#        D:\FG23\FG23_final_code\MeshApp_FG23_LBR\Kimbal_MeshApp_FG23_LBR\AppBuild\ewarm-iar\obj\Util_9809783495009140069.dir\hif_process.o
#        D:\FG23\FG23_final_code\MeshApp_FG23_LBR\Kimbal_MeshApp_FG23_LBR\AppBuild\ewarm-iar\obj\Util_9809783495009140069.dir\hif_service.o
#        D:\FG23\FG23_final_code\MeshApp_FG23_LBR\Kimbal_MeshApp_FG23_LBR\AppBuild\ewarm-iar\obj\Util_9809783495009140069.dir\hif_utility.o
#        D:\FG23\FG23_final_code\MeshApp_FG23_LBR\Kimbal_MeshApp_FG23_LBR\AppBuild\ewarm-iar\obj\HAL_18155169353449485031.dir\hw_tmr.o
#        D:\FG23\FG23_final_code\MeshApp_FG23_LBR\Kimbal_MeshApp_FG23_LBR\NVM\nvm3\lib\libnvm3_CM33_iar.a
#        D:\FG23\FG23_final_code\MeshApp_FG23_LBR\Kimbal_MeshApp_FG23_LBR\PHY\radio\rail_lib\autogen\librail_release\librail_efr32xg23_iar_release.a
#        D:\FG23\FG23_final_code\MeshApp_FG23_LBR\Kimbal_MeshApp_FG23_LBR\AppBuild\ewarm-iar\obj\Util_9809783495009140069.dir\list_latest.o
#        D:\FG23\FG23_final_code\MeshApp_FG23_LBR\Kimbal_MeshApp_FG23_LBR\AppBuild\ewarm-iar\obj\main.o
#        D:\FG23\FG23_final_code\MeshApp_FG23_LBR\Kimbal_MeshApp_FG23_LBR\AppBuild\ewarm-iar\obj\MeterApp_12051819094922122343.dir\meterReading.o
#        D:\FG23\FG23_final_code\MeshApp_FG23_LBR\Kimbal_MeshApp_FG23_LBR\AppBuild\ewarm-iar\obj\network_manager_5005759070473877390.dir\network-manager.o
#        D:\FG23\FG23_final_code\MeshApp_FG23_LBR\Kimbal_MeshApp_FG23_LBR\AppBuild\ewarm-iar\obj\Src_12316784073195354395.dir\nvm3_default_common_linker.o
#        D:\FG23\FG23_final_code\MeshApp_FG23_LBR\Kimbal_MeshApp_FG23_LBR\AppBuild\ewarm-iar\obj\Src_12316784073195354395.dir\nvm3_hal_flash.o
#        D:\FG23\FG23_final_code\MeshApp_FG23_LBR\Kimbal_MeshApp_FG23_LBR\AppBuild\ewarm-iar\obj\Src_12316784073195354395.dir\nvm3_lock.o
#        D:\FG23\FG23_final_code\MeshApp_FG23_LBR\Kimbal_MeshApp_FG23_LBR\AppBuild\ewarm-iar\obj\Src_14949699383848397354.dir\nvm_app.o
#        D:\FG23\FG23_final_code\MeshApp_FG23_LBR\Kimbal_MeshApp_FG23_LBR\AppBuild\ewarm-iar\obj\Util_9809783495009140069.dir\queue_latest.o
#        D:\FG23\FG23_final_code\MeshApp_FG23_LBR\Kimbal_MeshApp_FG23_LBR\libraries\RPL_IPv6_Lib.a
#        D:\FG23\FG23_final_code\MeshApp_FG23_LBR\Kimbal_MeshApp_FG23_LBR\AppBuild\ewarm-iar\obj\src_8861381384260072712.dir\sl_assert.o
#        D:\FG23\FG23_final_code\MeshApp_FG23_LBR\Kimbal_MeshApp_FG23_LBR\AppBuild\ewarm-iar\obj\autogen_4020999569460366166.dir\sl_device_init_clocks.o
#        D:\FG23\FG23_final_code\MeshApp_FG23_LBR\Kimbal_MeshApp_FG23_LBR\AppBuild\ewarm-iar\obj\src_17898116864519350784.dir\sl_device_init_dcdc_s1.o
#        D:\FG23\FG23_final_code\MeshApp_FG23_LBR\Kimbal_MeshApp_FG23_LBR\AppBuild\ewarm-iar\obj\src_17898116864519350784.dir\sl_device_init_emu_s1.o
#        D:\FG23\FG23_final_code\MeshApp_FG23_LBR\Kimbal_MeshApp_FG23_LBR\AppBuild\ewarm-iar\obj\src_17898116864519350784.dir\sl_device_init_hfxo_s1.o
#        D:\FG23\FG23_final_code\MeshApp_FG23_LBR\Kimbal_MeshApp_FG23_LBR\AppBuild\ewarm-iar\obj\src_17898116864519350784.dir\sl_device_init_nvic.o
#        D:\FG23\FG23_final_code\MeshApp_FG23_LBR\Kimbal_MeshApp_FG23_LBR\AppBuild\ewarm-iar\obj\autogen_4020999569460366166.dir\sl_event_handler.o
#        D:\FG23\FG23_final_code\MeshApp_FG23_LBR\Kimbal_MeshApp_FG23_LBR\AppBuild\ewarm-iar\obj\src_14552146716814908185.dir\sl_iostream.o
#        D:\FG23\FG23_final_code\MeshApp_FG23_LBR\Kimbal_MeshApp_FG23_LBR\AppBuild\ewarm-iar\obj\src_14552146716814908185.dir\sl_iostream_eusart.o
#        D:\FG23\FG23_final_code\MeshApp_FG23_LBR\Kimbal_MeshApp_FG23_LBR\AppBuild\ewarm-iar\obj\sl_iostream_init_eusart_instances.o
#        D:\FG23\FG23_final_code\MeshApp_FG23_LBR\Kimbal_MeshApp_FG23_LBR\AppBuild\ewarm-iar\obj\src_14552146716814908185.dir\sl_iostream_retarget_stdio.o
#        D:\FG23\FG23_final_code\MeshApp_FG23_LBR\Kimbal_MeshApp_FG23_LBR\AppBuild\ewarm-iar\obj\src_14552146716814908185.dir\sl_iostream_uart.o
#        D:\FG23\FG23_final_code\MeshApp_FG23_LBR\Kimbal_MeshApp_FG23_LBR\AppBuild\ewarm-iar\obj\src_11161112033672506470.dir\sl_memory.o
#        D:\FG23\FG23_final_code\MeshApp_FG23_LBR\Kimbal_MeshApp_FG23_LBR\AppBuild\ewarm-iar\obj\src_11659692754380993443.dir\sl_mpu.o
#        D:\FG23\FG23_final_code\MeshApp_FG23_LBR\Kimbal_MeshApp_FG23_LBR\AppBuild\ewarm-iar\obj\src_16845863010765532355.dir\sl_system_init.o
#        D:\FG23\FG23_final_code\MeshApp_FG23_LBR\Kimbal_MeshApp_FG23_LBR\AppBuild\ewarm-iar\obj\src_16845863010765532355.dir\sl_system_process_action.o
#        D:\FG23\FG23_final_code\MeshApp_FG23_LBR\Kimbal_MeshApp_FG23_LBR\AppBuild\ewarm-iar\obj\Source_14930429232095039707.dir\startup_efr32fg23.o
#        D:\FG23\FG23_final_code\MeshApp_FG23_LBR\Kimbal_MeshApp_FG23_LBR\AppBuild\ewarm-iar\obj\Util_9809783495009140069.dir\sw_timer.o
#        D:\FG23\FG23_final_code\MeshApp_FG23_LBR\Kimbal_MeshApp_FG23_LBR\AppBuild\ewarm-iar\obj\Source_14930429232095039707.dir\system_efr32fg23.o
#        D:\FG23\FG23_final_code\MeshApp_FG23_LBR\Kimbal_MeshApp_FG23_LBR\AppBuild\ewarm-iar\obj\Util_9809783495009140069.dir\timer_service.o
#        D:\FG23\FG23_final_code\MeshApp_FG23_LBR\Kimbal_MeshApp_FG23_LBR\AppBuild\ewarm-iar\obj\HAL_18155169353449485031.dir\uart_hal.o
#        --no_out_extension -o
#        D:\FG23\FG23_final_code\MeshApp_FG23_LBR\Kimbal_MeshApp_FG23_LBR\AppBuild\ewarm-iar\exe\ProNICApp.out
#        --map
#        D:\FG23\FG23_final_code\MeshApp_FG23_LBR\Kimbal_MeshApp_FG23_LBR\AppBuild\ewarm-iar\lst\ProNICApp.map
#        --log initialization,modules,sections,veneers --log_file
#        D:\FG23\FG23_final_code\MeshApp_FG23_LBR\Kimbal_MeshApp_FG23_LBR\AppBuild\ewarm-iar\lst\ProNICApp.log
#        --config
#        D:\FG23\FG23_final_code\MeshApp_FG23_LBR\Kimbal_MeshApp_FG23_LBR\AppBuild\..\SiliconLabs\autogen\linkerfile.icf
#        --diag_suppress Lp012 --semihosting --entry __iar_program_start
#        --redirect __iar_sh_stdout=__iar_sh_stdout_swo --no_vfe --text_out
#        locale --import_cmse_lib_out
#        D:\FG23\FG23_final_code\MeshApp_FG23_LBR\Kimbal_MeshApp_FG23_LBR\AppBuild\ewarm-iar\exe\ProNICApp_import_lib.o
#        --cpu=Cortex-M33 --fpu=VFPv5_sp) --dependencies=n
#        D:\FG23\FG23_final_code\MeshApp_FG23_LBR\Kimbal_MeshApp_FG23_LBR\AppBuild\ewarm-iar\exe\ProNICApp.out.iar_deps
#
###############################################################################

*******************************************************************************
*** RUNTIME MODEL ATTRIBUTES
***

CppFlavor       = *
__CPP_Runtime   = 1
__SystemLibrary = DLib
__dlib_version  = 6


*******************************************************************************
*** HEAP SELECTION
***

The basic heap was selected because --advanced_heap
was not specified and the application did not appear to
be primarily optimized for speed.


*******************************************************************************
*** PLACEMENT SUMMARY
***

define block application with fixed order { ro section .intvec, ro };
define block text_application_ram_init
   with alignment = 8 { ro code section text_application_ram_init };
"application":
       place at start of [from 0x800'0000 to 0x807'dfff] {
          block application, block text_application_ram_init };
define block storage with alignment = 8K { section INTERNAL_STORAGE };
define block nvm with alignment = 8K { section SIMEE };
"storage_regions":
       place at end of [from 0x800'0000 to 0x807'dfff] {
          block storage, block nvm };
define block CSTACK with alignment = 8 { section .stack };
define block HEAP with alignment = 8 { section .heap };
define block application_ram with fixed order { block CSTACK, rw, block HEAP };
"application_ram":
       place in [from 0x2000'0000 to 0x2000'ffff] { block application_ram };
do not initialize { section .noinit, section .stack, section .heap };
initialize by copy { rw };
keep { section .intvec };

No sections matched the following patterns:

  ro code section text_application_ram_init  in block text_application_ram_init
  rw code section text_application_ram       in block text_application_ram
  section INTERNAL_STORAGE                   in block storage


  Section              Kind         Address  Aligment      Size  Object
  -------              ----         -------  --------      ----  ------
"application":                                         0x3'4e10
  application                    0x800'0000            0x3'4e10  <Block>
    .intvec            const     0x800'0000       512     0x170  startup_efr32fg23.o [5]
    .rodata            const     0x800'0170         4       0x8  app_mac_security_interface.o [10]
    .rodata            const     0x800'0178         4      0x10  dmadrv.o [17]
    .rodata            const     0x800'0188         4      0x10  dmadrv.o [17]
    .rodata            const     0x800'0198         4       0x4  dmadrv.o [17]
    .rodata            const     0x800'019c         4     0x100  event_manager.o [8]
    .rodata            const     0x800'029c         4       0x8  fan_app_auto.o [7]
    .rodata            const     0x800'02a4         4      0x10  fan_app_auto.o [7]
    .rodata            const     0x800'02b4         4      0x10  fan_app_auto.o [7]
    .rodata            const     0x800'02c4         4      0x10  fan_app_auto.o [7]
    .rodata            const     0x800'02d4         4      0x10  fan_app_auto.o [7]
    .rodata            const     0x800'02e4         4      0x14  fan_app_auto.o [7]
    .rodata            const     0x800'02f8         4      0x14  fan_app_auto.o [7]
    .rodata            const     0x800'030c         4       0x8  fan_app_auto.o [7]
    .rodata            const     0x800'0314         4       0x8  fan_app_test_harness.o [7]
    .rodata            const     0x800'031c         4       0x8  fan_factorycmd.o [7]
    .rodata            const     0x800'0324         4       0xc  fan_factorycmd.o [7]
    .rodata            const     0x800'0330         4       0x8  fan_factorycmd.o [7]
    .rodata            const     0x800'0338         4       0x8  fan_factorycmd.o [7]
    .rodata            const     0x800'0340         4       0x8  fan_factorycmd.o [7]
    .rodata            const     0x800'0348         4       0x8  fan_factorycmd.o [7]
    .rodata            const     0x800'0350         4       0x8  fan_factorycmd.o [7]
    .rodata            const     0x800'0358         4      0x10  hw_tmr.o [3]
    .rodata            const     0x800'0368         4      0x10  hw_tmr.o [3]
    .rodata            const     0x800'0378         4      0x10  hw_tmr.o [3]
    .rodata            const     0x800'0388         4      0x28  main.o [1]
    .rodata            const     0x800'03b0         4      0x28  main.o [1]
    .rodata            const     0x800'03d8         4      0x10  main.o [1]
    .rodata            const     0x800'03e8         4      0x18  main.o [1]
    .rodata            const     0x800'0400         4      0x10  main.o [1]
    .rodata            const     0x800'0410         4       0x8  network-manager.o [10]
    .rodata            const     0x800'0418         4      0x1c  network-manager.o [10]
    .rodata            const     0x800'0434         4      0x18  network-manager.o [10]
    .rodata            const     0x800'044c         4       0x8  network-manager.o [10]
    .rodata            const     0x800'0454         4       0x8  network-manager.o [10]
    .rodata            const     0x800'045c         4       0x8  network-manager.o [10]
    .rodata            const     0x800'0464         4       0x8  network-manager.o [10]
    .rodata            const     0x800'046c         4       0x8  network-manager.o [10]
    .rodata            const     0x800'0474         4       0x8  network-manager.o [10]
    .rodata            const     0x800'047c         4       0x8  network-manager.o [10]
    .rodata            const     0x800'0484         4       0x8  network-manager.o [10]
    .rodata            const     0x800'048c         4       0x8  network-manager.o [10]
    .rodata            const     0x800'0494         4       0x8  network-manager.o [10]
    .rodata            const     0x800'049c         4       0x8  network-manager.o [10]
    .rodata            const     0x800'04a4         4       0x8  network-manager.o [10]
    .rodata            const     0x800'04ac         4       0x8  network-manager.o [10]
    .rodata            const     0x800'04b4         4      0x1c  nvm3_hal_flash.o [6]
    .rodata            const     0x800'04d0         4       0x4  nvm3_lock.o [6]
    .rodata            const     0x800'04d4         4       0x8  sl_device_init_dcdc_s1.o [15]
    .rodata            const     0x800'04dc         4      0x28  sl_device_init_hfxo_s1.o [15]
    .rodata            const     0x800'0504         4      0x20  sl_iostream_init_eusart_instances.o [1]
    .rodata            const     0x800'0524         4      0x30  sl_iostream_init_eusart_instances.o [1]
    .rodata            const     0x800'0554         4       0x8  sl_iostream_init_eusart_instances.o [1]
    .rodata            const     0x800'055c         4      0x18  sl_iostream_init_eusart_instances.o [1]
    .rodata            const     0x800'0574         4      0x20  startup_efr32fg23.o [5]
    .rodata            const     0x800'0594         4      0x10  startup_efr32fg23.o [5]
    .rodata            const     0x800'05a4         4      0x14  startup_efr32fg23.o [5]
    .rodata            const     0x800'05b8         4      0x14  startup_efr32fg23.o [5]
    .rodata            const     0x800'05cc         4      0x10  startup_efr32fg23.o [5]
    .rodata            const     0x800'05dc         4      0x10  startup_efr32fg23.o [5]
    .rodata            const     0x800'05ec         4      0x10  startup_efr32fg23.o [5]
    .rodata            const     0x800'05fc         4      0x10  startup_efr32fg23.o [5]
    .rodata            const     0x800'060c         4      0x10  startup_efr32fg23.o [5]
    .rodata            const     0x800'061c         4      0x10  startup_efr32fg23.o [5]
    .rodata            const     0x800'062c         4      0x10  startup_efr32fg23.o [5]
    .rodata            const     0x800'063c         4      0x10  startup_efr32fg23.o [5]
    .rodata            const     0x800'064c         4      0x10  startup_efr32fg23.o [5]
    .rodata            const     0x800'065c         4      0x10  startup_efr32fg23.o [5]
    .rodata            const     0x800'066c         4      0x1c  uart_hal.o [3]
    .rodata            const     0x800'0688         4      0x88  mac_interface_layer.o [20]
    .rodata            const     0x800'0710         4       0xc  sicslowpan.o [22]
    .rodata            const     0x800'071c         4       0x4  sicslowpan.o [22]
    .rodata            const     0x800'0720         4       0x4  sicslowpan.o [22]
    .rodata            const     0x800'0724         4       0x4  sicslowpan.o [22]
    .rodata            const     0x800'0728         4       0x4  sicslowpan.o [22]
    .rodata            const     0x800'072c         4       0xc  sicslowpan.o [22]
    .rodata            const     0x800'0738         4     0x200  plme.o [19]
    .rodata            const     0x800'0938         4      0x50  trx_access.o [19]
    .rodata            const     0x800'0988         4      0x18  uip-ds6-nbr.o [22]
    .rodata            const     0x800'09a0         4     0x228  mac_pib.o [20]
    .rodata            const     0x800'0bc8         4     0x4e0  mac_pib.o [20]
    .rodata            const     0x800'10a8         4      0x54  mac_pib.o [20]
    .rodata            const     0x800'10fc         4      0x48  mac_downlink.o [20]
    .rodata            const     0x800'1144         4       0x4  rpl-dag.o [22]
    .rodata            const     0x800'1148         4       0x8  linkaddr.o [22]
    .rodata            const     0x800'1150         4      0x14  rpl-dag-root.o [22]
    .rodata            const     0x800'1164         4      0x18  rpl-dag-root.o [22]
    .rodata            const     0x800'117c         4      0x14  l2_l3_interface.o [22]
    .rodata            const     0x800'1190         4      0x1c  l2_l3_interface.o [22]
    .rodata            const     0x800'11ac         4       0x8  roll-tm.o [22]
    .rodata            const     0x800'11b4         4       0x8  roll-tm.o [22]
    .rodata            const     0x800'11bc         4       0x8  roll-tm.o [22]
    .rodata            const     0x800'11c4         4      0x10  roll-tm.o [22]
    .rodata            const     0x800'11d4         4      0x50  rail_singleprotocol.o [25]
    .rodata            const     0x800'1224         4       0xc  rail_rf.o [25]
    .rodata            const     0x800'1230         4      0x18  rail_config.o [19]
    .rodata            const     0x800'1248         4       0xc  rail_config.o [19]
    .rodata            const     0x800'1254         4       0xc  rail_config.o [19]
    .rodata            const     0x800'1260         4       0xc  rail_config.o [19]
    .rodata            const     0x800'126c         4      0x24  rail_config.o [19]
    .rodata            const     0x800'1290         4       0x8  rail_config.o [19]
    .rodata            const     0x800'1298         4       0x8  rail_config.o [19]
    .rodata            const     0x800'12a0         4       0x8  rail_config.o [19]
    .rodata            const     0x800'12a8         4      0x50  rail_config.o [19]
    .rodata            const     0x800'12f8         4      0x50  rail_config.o [19]
    .rodata            const     0x800'1348         4      0x50  rail_config.o [19]
    .rodata            const     0x800'1398         4     0x4dc  rail_config.o [19]
    .rodata            const     0x800'1874         4     0x4dc  rail_config.o [19]
    .rodata            const     0x800'1d50         4     0x4dc  rail_config.o [19]
    .rodata            const     0x800'222c         4      0x24  rail_config.o [19]
    .rodata            const     0x800'2250         4      0x24  rail_config.o [19]
    .rodata            const     0x800'2274         4      0x24  rail_config.o [19]
    .rodata            const     0x800'2298         4      0x18  rail_config.o [19]
    .rodata            const     0x800'22b0         4      0x18  rail_config.o [19]
    .rodata            const     0x800'22c8         4      0x18  rail_config.o [19]
    .rodata            const     0x800'22e0         4      0x10  uip-debug.o [22]
    .rodata            const     0x800'22f0         4      0x14  uip-debug.o [22]
    .rodata            const     0x800'2304         4      0x4c  pa_curves_efr32.o [19]
    .rodata            const     0x800'2350         4      0x4c  pa_curves_efr32.o [19]
    .rodata            const     0x800'239c         4      0x4c  pa_curves_efr32.o [19]
    .rodata            const     0x800'23e8         4      0x4c  pa_curves_efr32.o [19]
    .rodata            const     0x800'2434         4      0x28  pa_curves_efr32.o [19]
    .rodata            const     0x800'245c         4     0x100  p3_aes.o [20]
    .rodata            const     0x800'255c         4     0x180  rail_rf_hal.o [25]
    .rodata            const     0x800'26dc         4      0x2c  rfhal_radio.o [25]
    .rodata            const     0x800'2708         4    0x31dc  generic_efr32xg23_release_seq.o [25]
    .rodata            const     0x800'58e4         4       0x4  generic_efr32xg23_release_seq.o [25]
    .rodata            const     0x800'58e8         4      0x18  generic_efr32xg23_release_seq.o [25]
    .rodata            const     0x800'5900         4      0x18  generic_efr32xg23_release_seq.o [25]
    .rodata            const     0x800'5918         4      0x18  generic_efr32xg23_release_seq.o [25]
    .rodata            const     0x800'5930         4      0x18  generic_efr32xg23_release_seq.o [25]
    .text              ro code   0x800'5948         4     0x190  app_init.o [1]
    .text              ro code   0x800'5ad8         4     0x2b8  em_gpio.o [16]
    .text              ro code   0x800'5d90         2       0x8  em_core.o [16]
    .text              ro code   0x800'5d98         2       0x8  em_core.o [16]
    .text              ro code   0x800'5da0         4      0x3c  app_log.o [2]
    .text              ro code   0x800'5ddc         4      0xcc  sl_iostream.o [13]
    .text              ro code   0x800'5ea8         4      0x1c  vprintf.o [23]
    .text              ro code   0x800'5ec4         4     0xea6  xprintffull_nomb.o [23]
    .rodata            const     0x800'6d6a         2       0x2  buffer_service.o [8]
    .text              ro code   0x800'6d6c         4      0x16  strchr.o [27]
    .rodata            const     0x800'6d82         2       0x2  fan_factorycmd.o [7]
    .text              ro code   0x800'6d84         4      0x40  xfail_s.o [23]
    .text              ro code   0x800'6dc4         4      0x36  strlen.o [27]
    .rodata            const     0x800'6dfa         2       0x2  sicslowpan.o [22]
    .text              ro code   0x800'6dfc         4      0x58  memchr.o [27]
    .text              ro code   0x800'6e54         4      0x76  ABImemcpy_unaligned.o [27]
    .rodata            const     0x800'6eca         2       0x2  sicslowpan.o [22]
    .text              ro code   0x800'6ecc         4      0x70  frexp.o [26]
    .text              ro code   0x800'6f3c         4      0x34  DblCmpLe.o [26]
    .text              ro code   0x800'6f70         4      0x34  DblCmpGe.o [26]
    .text              ro code   0x800'6fa4         4     0x13a  ldexp.o [26]
    .rodata            const     0x800'70de         2       0x2  sicslowpan.o [22]
    .text              ro code   0x800'70e0         4      0x36  DblToS32.o [26]
    .text              ro code   0x800'7116         2      0x7e  lz77_init_single.o [27]
    .text              ro code   0x800'7194         4      0x22  S32ToDbl.o [26]
    .rodata            const     0x800'71b6                 0x1  nvm3_lock.o [6]
    .text              ro code   0x800'71b8         4     0x25e  DblAddSub.o [26]
    .text              ro code   0x800'7418         4     0x246  DblDiv.o [26]
    .text              ro code   0x800'7660         4      0x22  DblToU32.o [26]
    .text              ro code   0x800'7684         4      0x1c  U32ToDbl.o [26]
    .text              ro code   0x800'76a0         4     0x1aa  DblMul.o [26]
    .text              ro code   0x800'784c         4     0x230  I64DivMod.o [27]
    .text              ro code   0x800'7a7c         2       0x6  abort.o [23]
    .text              ro code   0x800'7a84         4       0x2  I64DivZer.o [27]
    .text              ro code   0x800'7a88         4      0x14  exit.o [28]
    .text              ro code   0x800'7a9c         4     0x15a  app_mac_security_interface.o [10]
    .text              ro code   0x800'7bf8         4     0x9d4  mac_interface_layer.o [20]
    .text              ro code   0x800'85cc         4      0x66  ABImemset.o [27]
    .text              ro code   0x800'8632         2      0x24  macutils.o [20]
    .text              ro code   0x800'8658         4     0xaa4  mac_security.o [20]
    .text              ro code   0x800'90fc         2     0x1ea  queue_latest.o [8]
    .text              ro code   0x800'92e8         4     0x19c  phy.o [19]
    .text              ro code   0x800'9484         4     0xec4  mac_if.o [20]
    .text              ro code   0x800'a348         4     0x1d4  timer_service.o [8]
    .text              ro code   0x800'a51c         4      0xa4  event_manager.o [8]
    .text              ro code   0x800'a5c0         4      0xe4  hif_service.o [8]
    .text              ro code   0x800'a6a4         4     0x77c  macproc.o [20]
    .text              ro code   0x800'ae20         4     0x59c  mac_rcv.o [20]
    .text              ro code   0x800'b3bc         4     0xc04  network-manager.o [10]
    .text              ro code   0x800'bfc0         4     0xfd4  mac_downlink.o [20]
    .text              ro code   0x800'cf94         4      0x38  buffer_service.o [8]
    .text              ro code   0x800'cfcc         4      0x3a  ABImemset48.o [27]
    .text              ro code   0x800'd008         4      0x62  memcmp_unaligned.o [27]
    .text              ro code   0x800'd06c         4     0x314  p3_ccmstar.o [20]
    .text              ro code   0x800'd380         4     0x2d8  sha256.o [20]
    .text              ro code   0x800'd658         4     0x8c8  trx_access.o [19]
    .text              ro code   0x800'df20         4     0x49e  plme.o [19]
    .text              ro code   0x800'e3c0         4     0x8d0  mac_pib.o [20]
    .text              ro code   0x800'ec90         4      0xd0  mac_queue_manager.o [20]
    .text              ro code   0x800'ed60         4     0xc60  trxsm.o [20]
    .text              ro code   0x800'f9c0         4     0x7c0  mac_uplink.o [20]
    .text              ro code   0x801'0180         4    0x1040  mac_frame_build.o [20]
    .text              ro code   0x801'11c0         4     0x17a  mac_mem.o [20]
    .text              ro code   0x801'133c         4     0x32c  fan_sm.o [20]
    .text              ro code   0x801'1668         4      0x78  mac_timer.o [20]
    .text              ro code   0x801'16e0         4     0x9c4  mac_nbr_manager.o [20]
    .text              ro code   0x801'20a4         4     0x2d8  pa_tmr.o [20]
    .text              ro code   0x801'237c         4     0x284  pas_tmr.o [20]
    .text              ro code   0x801'2600         4     0x2a4  pcs_tmr.o [20]
    .text              ro code   0x801'28a4         4     0x320  pc_tmr.o [20]
    .text              ro code   0x801'2bc4         4     0x2c4  sw_timer.o [8]
    .text              ro code   0x801'2e88         2      0xae  list_latest.o [8]
    .text              ro code   0x801'2f36         2       0x4  rail_timer_interface.o [20]
    .text              ro code   0x801'2f3c         4      0x5c  contiki_mac_interface.o [20]
    .text              ro code   0x801'2f98         4     0x5b4  hif_utility.o [8]
    .text              ro code   0x801'354c         4     0x508  mac_frame_parse.o [20]
    .text              ro code   0x801'3a54         4     0xdb2  fan_factorycmd.o [7]
    .text              ro code   0x801'4808         4    0x149a  ie_manager.o [20]
    .text              ro code   0x801'5ca4         4     0x56e  l2_l3_interface.o [22]
    .text              ro code   0x801'6214         4     0x55e  hw_tmr.o [3]
    .text              ro code   0x801'6774         4     0x508  main.o [1]
    .text              ro code   0x801'6c7c         2       0x2  app_log.o [2]
    .text              ro code   0x801'6c80         4     0x848  fan_app_test_harness.o [7]
    .text              ro code   0x801'74c8         4     0x268  buff_mgmt.o [8]
    .text              ro code   0x801'7730         4     0x1cc  p3_aes.o [20]
    .text              ro code   0x801'78fc         4     0x298  pd.o [19]
    .text              ro code   0x801'7b94         4     0x1c4  rail_singleprotocol.o [25]
    .text              ro code   0x801'7d58         2      0x96  rail_data.o [25]
    .text              ro code   0x801'7df0         4     0x484  rail_rf.o [25]
    .text              ro code   0x801'8274         4      0x5c  rail_calibration.o [25]
    .text              ro code   0x801'82d0         4     0x15a  rail_tx.o [25]
    .text              ro code   0x801'842c         4      0x28  printf.o [23]
    .text              ro code   0x801'8454         2       0x4  rail_features.o [25]
    .text              ro code   0x801'8458         4      0xa0  rand.o [23]
    .text              ro code   0x801'84f8         4       0x6  ABImemclr4.o [27]
    .text              ro code   0x801'84fe         2      0xcc  l3_timer_utility.o [22]
    .text              ro code   0x801'85cc         4     0xd28  uip-ds6-nbr.o [22]
    .text              ro code   0x801'92f4         4      0x48  U64ToFlt.o [26]
    .text              ro code   0x801'933c         4      0x48  FltToDbl.o [26]
    .text              ro code   0x801'9384         4      0x66  ceil.o [26]
    .text              ro code   0x801'93ea         2      0xd6  rail_timer.o [25]
    .text              ro code   0x801'94c0         2      0x44  l3_process_interface.o [22]
    .text              ro code   0x801'9504         4     0x280  uart_hal.o [3]
    .text              ro code   0x801'9784         4     0x1b0  packetbuf.o [22]
    .text              ro code   0x801'9934         4     0x3e8  uip-ds6-route.o [22]
    .text              ro code   0x801'9d1c         4    0x132c  rpl-dag.o [22]
    .text              ro code   0x801'b048         4     0x4f8  AppUDPprocess.o [7]
    .text              ro code   0x801'b540         4     0x380  link-stats.o [22]
    .text              ro code   0x801'b8c0         4      0x22  I64Shl.o [27]
    .text              ro code   0x801'b8e4         4      0x68  clock.o [3]
    .text              ro code   0x801'b94c         4    0x155c  em_cmu.o [16]
    .text              ro code   0x801'cea8         4     0x2ae  em_timer.o [16]
    .text              ro code   0x801'd158         4      0x10  netstack.o [22]
    .text              ro code   0x801'd168         4     0x100  queuebuf.o [22]
    .text              ro code   0x801'd268         4     0x4dc  tcpip.o [22]
    .text              ro code   0x801'd744         4     0x370  rpl-dag-root.o [22]
    .text              ro code   0x801'dab4         2      0x1c  sl_system_init.o [14]
    .text              ro code   0x801'dad0         4      0xa0  sl_iostream_init_eusart_instances.o [1]
    .text              ro code   0x801'db70         4      0x18  nvm3_default_common_linker.o [6]
    .text              ro code   0x801'db88         4      0x1c  em_rmu.o [16]
    .text              ro code   0x801'dba4         4    0x18e0  nvm3.o [24]
    .text              ro code   0x801'f484         4     0x1f4  process.o [21]
    .text              ro code   0x801'f678         4     0x148  ctimer.o [21]
    .text              ro code   0x801'f7c0         4     0x3b0  fan_app_auto.o [7]
    .text              ro code   0x801'fb70         2      0x14  sl_system_process_action.o [14]
    .text              ro code   0x801'fb84         2     0x134  em_wdog.o [16]
    .text              ro code   0x801'fcb8         4     0x9e4  rpl-timers.o [22]
    .text              ro code   0x802'069c         4     0xda4  fan_api.o [7]
    .text              ro code   0x802'1440         4     0x774  AppPING6Process.o [7]
    .text              ro code   0x802'1bb4         4      0xa8  rfhal_rac.o [25]
    .text              ro code   0x802'1c5c         2       0x4  rfhal_rfsense.o [25]
    .text              ro code   0x802'1c60         4    0x1af0  rail_rf_hal.o [25]
    .text              ro code   0x802'3750         2      0x22  rail_rx.o [25]
    .text              ro code   0x802'3772         2       0xa  rail_config.o [19]
    .text              ro code   0x802'377c         4      0x2e  rfhal_module.o [25]
    .text              ro code   0x802'37ac         4      0x20  rail_assert.o [25]
    .text              ro code   0x802'37cc         4     0x1a4  rfhal_signing.o [25]
    .text              ro code   0x802'3970         4     0x6bc  rfhal_radio.o [25]
    .text              ro code   0x802'402c         4     0x284  pa_conversions_efr32.o [19]
    .text              ro code   0x802'42b0         4       0x6  rail_zwave_rf_hal.o [25]
    .text              ro code   0x802'42b8         4     0x182  rfhal_rftest.o [25]
    .text              ro code   0x802'443c         4     0x660  rfhal_pa.o [25]
    .text              ro code   0x802'4a9c         2      0x2c  stimer.o [21]
    .text              ro code   0x802'4ac8         4     0x1b8  etimer.o [21]
    .text              ro code   0x802'4c80         2      0x80  timer.o [21]
    .text              ro code   0x802'4d00         4     0x46c  nbr-table.o [22]
    .text              ro code   0x802'516c         4     0x8c0  uip-ds6.o [22]
    .text              ro code   0x802'5a2c         4      0xa6  uip-packetqueue.o [22]
    .text              ro code   0x802'5ad4         4     0x120  rpl.o [22]
    .text              ro code   0x802'5bf4         4      0x3a  linkaddr.o [22]
    .text              ro code   0x802'5c30         4     0xbe0  uip-nd6.o [22]
    .text              ro code   0x802'6810         4      0x14  wisun_l3_modified.o [22]
    .text              ro code   0x802'6824         4      0x68  floor.o [26]
    .text              ro code   0x802'688c         4     0x6a0  rfhal_protimer.o [25]
    .text              ro code   0x802'6f2c         4     0x2ee  tmrdrv.o [25]
    .text              ro code   0x802'721a         2       0xc  em_core.o [16]
    .text              ro code   0x802'7226         2       0x6  em_core.o [16]
    .text              ro code   0x802'722c         4     0x252  em_usart.o [16]
    .text              ro code   0x802'747e         2      0x60  l3_list_utility.o [22]
    .text              ro code   0x802'74de         2      0x46  l3_memb_utility.o [22]
    .text              ro code   0x802'7524         4      0xbc  uip-debug.o [22]
    .text              ro code   0x802'75e0         4     0xe18  rpl-ext-header.o [22]
    .text              ro code   0x802'83f8         4    0x13a4  rpl-icmp6.o [22]
    .text              ro code   0x802'979c         4     0x1bc  simple-udp.o [22]
    .text              ro code   0x802'9958         4     0x20c  system_efr32fg23.o [5]
    .text              ro code   0x802'9b64         4     0x340  em_emu.o [16]
    .text              ro code   0x802'9ea4         4     0xa50  uip6.o [22]
    .text              ro code   0x802'a8f4         4      0xea  sl_event_handler.o [9]
    .text              ro code   0x802'a9e0         4      0x44  em_msc.o [16]
    .text              ro code   0x802'aa24         4     0x3e0  sl_iostream_eusart.o [13]
    .text              ro code   0x802'ae04         4     0x242  nvm3_page.o [24]
    .text              ro code   0x802'b048         4     0x1ba  nvm3_object.o [24]
    .text              ro code   0x802'b204         4     0x284  nvm3_cache.o [24]
    .text              ro code   0x802'b488         2      0x3e  nvm3_utils.o [24]
    .text              ro code   0x802'b4c8         4      0x10  nvm3_lock.o [6]
    .text              ro code   0x802'b4d8         4      0x10  nvm3_lock.o [6]
    .text              ro code   0x802'b4e8         2      0x14  nvm3_lock.o [6]
    .text              ro code   0x802'b4fc         2      0xb2  list.o [21]
    .text              ro code   0x802'b5ae         2       0x8  l3_random_utility.o [22]
    .text              ro code   0x802'b5b8         4     0x220  rpl-ns.o [22]
    .text              ro code   0x802'b7d8         4     0x600  uip-icmp6.o [22]
    .text              ro code   0x802'bdd8         4    0x23d8  sicslowpan.o [22]
    .text              ro code   0x802'e1b0         4     0x30c  rfhal_timings.o [25]
    .text              ro code   0x802'e4bc         4    0x13fc  generic_phy.o [25]
    .text              ro code   0x802'f8b8         4      0x2c  rail_data.o [25]
    .text              ro code   0x802'f8e4         4     0x69c  rfhal_bufc.o [25]
    .text              ro code   0x802'ff80         4     0x780  rfhal_synth.o [25]
    .text              ro code   0x803'0700         4      0x48  rail_ieee802154_rf_hal.o [25]
    .text              ro code   0x803'0748         4      0xb8  rail_mfm_rf_hal.o [25]
    .text              ro code   0x803'0800         4      0x58  rfhal_antenna.o [25]
    .text              ro code   0x803'0858         4      0x88  rfhal_ircal.o [25]
    .text              ro code   0x803'08e0         4     0x828  rfhal_rfeca.o [25]
    .text              ro code   0x803'1108         4     0x21c  rfhal_pti.o [25]
    .text              ro code   0x803'1324         2      0x1a  sl_rail_util_callbacks.o [19]
    .text              ro code   0x803'1340         4      0x50  em_system.o [16]
    .text              ro code   0x803'1390         4       0x6  ABImemclr.o [27]
    .text              ro code   0x803'1398         4      0x54  seq_globals.o [25]
    .text              ro code   0x803'13ec         4      0x28  tmrdrv_config.o [25]
    .text              ro code   0x803'1414         2      0xb4  memb.o [21]
    .text              ro code   0x803'14c8         4      0x78  ABImemmove_unaligned.o [27]
    .text              ro code   0x803'1540         4      0xc0  uip-udp-packet.o [22]
    .text              ro code   0x803'1600         2       0x2  em_emu.o [16]
    .text              ro code   0x803'1604         4      0x54  sl_device_init_nvic.o [15]
    .text              ro code   0x803'1658         4      0x1c  sl_device_init_dcdc_s1.o [15]
    .text              ro code   0x803'1674         4      0xa4  sl_device_init_hfxo_s1.o [15]
    .text              ro code   0x803'1718         4      0xa0  sl_device_init_clocks.o [9]
    .text              ro code   0x803'17b8         4      0x2c  sl_device_init_emu_s1.o [15]
    .text              ro code   0x803'17e4         4     0x22c  sl_mpu.o [12]
    .text              ro code   0x803'1a10         4      0x34  sl_rail_util_pti.o [19]
    .text              ro code   0x803'1a44         2       0xc  sl_rail_util_rssi.o [19]
    .text              ro code   0x803'1a50         4     0x680  sl_iostream_uart.o [13]
    .text              ro code   0x803'20d0         4     0x752  em_eusart.o [16]
    .text              ro code   0x803'2822         2       0xa  random.o [21]
    .text              ro code   0x803'282c         4      0x24  rfhal_rand.o [25]
    .text              ro code   0x803'2850         4      0x10  generic_phy.o [25]
    .text              ro code   0x803'2860         4      0x1e  U64Shr.o [27]
    .text              ro code   0x803'287e         2       0x2  sl_rail_util_callbacks.o [19]
    .text              ro code   0x803'2880         4       0x2  rfhal_tempcal.o [25]
    .text              ro code   0x803'2882         2       0x8  sl_mpu.o [12]
    .text              ro code   0x803'288a         2       0x6  rail_pti.o [25]
    .text              ro code   0x803'2890         2       0xc  rail_rssi.o [25]
    .text              ro code   0x803'289c         4     0x51c  dmadrv.o [17]
    .text              ro code   0x803'2db8         4     0x384  em_ldma.o [16]
    Veneer             ro code   0x803'313c         4       0x8  - Linker created -
    Veneer             ro code   0x803'3144         4       0x8  - Linker created -
    .text              ro code   0x803'314c         4     0x150  nvm3_hal_flash.o [6]
    .text              ro code   0x803'329c         4      0xe4  startup_efr32fg23.o [5]
    .text              ro code   0x803'3380         4      0x1c  cstartup_M.o [27]
    .text              ro code   0x803'339c         4      0x22  fpinit_M.o [26]
    .text              ro code   0x803'33c0         4      0x1e  cmain.o [27]
    .text              ro code   0x803'33de         2       0x4  low_level_init.o [23]
    .text              ro code   0x803'33e4         4      0x2a  data_init.o [27]
    .text              ro code   0x803'340e         2       0x4  exit.o [23]
    .text              ro code   0x803'3414         4       0xa  cexit.o [27]
    .text              ro code   0x803'3420         4    0x1028  roll-tm.o [22]
    .text              ro code   0x803'4448         4       0x8  rail_power_manager.o [25]
    .text              ro code   0x803'4450         4      0x1c  rfhal_rtccsync.o [25]
    .text              ro code   0x803'446c         4       0x6  rfhal_thermistor.o [25]
    .text              ro code   0x803'4472         2      0x58  sl_iostream_retarget_stdio.o [13]
    .text              ro code   0x803'44ca         2     0x222  rpl-mrhof.o [22]
    .text              ro code   0x803'46ec         2      0x16  xprout.o [23]
    .text              ro code   0x803'4702         2      0x20  putchar.o [23]
    .text              ro code   0x803'4722         2      0x38  zero_init3.o [27]
    .iar.init_table    const     0x803'475c         4      0x38  - Linker created -
    .rodata            const     0x803'4794                 0x0  zero_init3.o [27]
    .rodata            const     0x803'4794                 0x0  lz77_init_single.o [27]
    Initializer bytes  const     0x803'4794               0x4b8  <for rw-1>
    Initializer bytes  const     0x803'4c4c               0x1c4  <for .textrw-1>
                               - 0x803'4e10            0x3'4e10

"storage_regions":                                       0xa000
  storage                        0x807'4000      8192       0x0  <Block>
  nvm                            0x807'4000      8192    0xa000  <Block>
    SIMEE              zero      0x807'4000         4    0xa000  nvm3_default_common_linker.o [6]
                               - 0x807'e000              0xa000

"application_ram":                                       0xe2b0
  application_ram               0x2000'0000              0xe2b0  <Block>
    CSTACK                      0x2000'0000         8     0x800  <Block>
      .stack           uninit   0x2000'0000         4     0x800  sl_memory.o [11]
    .textrw                     0x2000'0800               0x214  <Block>
      .textrw-1                 0x2000'0800               0x214  <Init block>
        .textrw        inited   0x2000'0800         4     0x214  em_msc.o [16]
    rw-1                        0x2000'0a18               0x8ba  <Init block>
      .data            inited   0x2000'0a18         8      0x18  etimer.o [21]
      .data            inited   0x2000'0a30         4       0xc  AppPING6Process.o [7]
      .data            inited   0x2000'0a3c         4       0xc  AppUDPprocess.o [7]
      .data            inited   0x2000'0a48         4      0x3c  buffer_service.o [8]
      .data            inited   0x2000'0a84         4       0x8  fan_app_test_harness.o [7]
      .data            inited   0x2000'0a8c         4      0x14  hif_service.o [8]
      .data            inited   0x2000'0aa0         4      0x40  hw_tmr.o [3]
      .data            inited   0x2000'0ae0         4       0x4  main.o [1]
      .data            inited   0x2000'0ae4         4      0x78  network-manager.o [10]
      .data            inited   0x2000'0b5c         4       0x8  network-manager.o [10]
      .data            inited   0x2000'0b64         4       0x4  nvm3_default_common_linker.o [6]
      .data            inited   0x2000'0b68         4      0x1c  nvm3_default_common_linker.o [6]
      .data            inited   0x2000'0b84         4       0x4  nvm3_default_common_linker.o [6]
      .data            inited   0x2000'0b88         4       0x4  system_efr32fg23.o [5]
      .data            inited   0x2000'0b8c         4       0x4  system_efr32fg23.o [5]
      .data            inited   0x2000'0b90         4       0x4  system_efr32fg23.o [5]
      .data            inited   0x2000'0b94         4       0x4  system_efr32fg23.o [5]
      .data            inited   0x2000'0b98         4       0x4  uart_hal.o [3]
      .data            inited   0x2000'0b9c         4       0xc  tcpip.o [22]
      .data            inited   0x2000'0ba8         4       0x4  uip-icmp6.o [22]
      .data            inited   0x2000'0bac         4       0x4  uip-icmp6.o [22]
      .data            inited   0x2000'0bb0         4       0xc  uip-icmp6.o [22]
      .data            inited   0x2000'0bbc         4       0xc  uip-icmp6.o [22]
      .data            inited   0x2000'0bc8         4       0xc  simple-udp.o [22]
      .data            inited   0x2000'0bd4         4       0xc  contiki_mac_interface.o [20]
      .data            inited   0x2000'0be0         4     0x1b0  plme.o [19]
      .data            inited   0x2000'0d90         4     0x174  trx_access.o [19]
      .data            inited   0x2000'0f04         4      0x10  uip-ds6-nbr.o [22]
      .data            inited   0x2000'0f14         4       0x4  uip-ds6-nbr.o [22]
      .data            inited   0x2000'0f18         4       0x4  rpl-ns.o [22]
      .data            inited   0x2000'0f1c         4       0xc  rpl-ns.o [22]
      .data            inited   0x2000'0f28         4      0x14  pd.o [19]
      .data            inited   0x2000'0f3c         4      0x10  link-stats.o [22]
      .data            inited   0x2000'0f4c         4       0x4  link-stats.o [22]
      .data            inited   0x2000'0f50         4      0x10  rpl-dag.o [22]
      .data            inited   0x2000'0f60         4       0x4  rpl-dag.o [22]
      .data            inited   0x2000'0f64         4      0x14  ctimer.o [21]
      .data            inited   0x2000'0f78         4       0xc  queuebuf.o [22]
      .data            inited   0x2000'0f84         4       0xc  queuebuf.o [22]
      .data            inited   0x2000'0f90         4       0x8  pa_conversions_efr32.o [19]
      .data            inited   0x2000'0f98         4     0x100  sha256.o [20]
      .data            inited   0x2000'1098         4       0x4  packetbuf.o [22]
      .data            inited   0x2000'109c         4       0xc  uip-nd6.o [22]
      .data            inited   0x2000'10a8         4       0xc  uip-nd6.o [22]
      .data            inited   0x2000'10b4         4      0x10  uip-ds6-route.o [22]
      .data            inited   0x2000'10c4         4       0x4  uip-ds6-route.o [22]
      .data            inited   0x2000'10c8         4       0xc  uip-ds6-route.o [22]
      .data            inited   0x2000'10d4         4       0x4  uip-ds6-route.o [22]
      .data            inited   0x2000'10d8         4       0xc  uip-ds6-route.o [22]
      .data            inited   0x2000'10e4         4       0x4  uip-ds6-route.o [22]
      .data            inited   0x2000'10e8         4       0xc  uip-ds6-route.o [22]
      .data            inited   0x2000'10f4         4       0x4  uip-ds6-route.o [22]
      .data            inited   0x2000'10f8         4       0xc  uip-packetqueue.o [22]
      .data            inited   0x2000'1104         4       0xc  roll-tm.o [22]
      .data            inited   0x2000'1110         4      0x1c  rail_singleprotocol.o [25]
      .data            inited   0x2000'112c         4       0x4  rail_rf.o [25]
      .data            inited   0x2000'1130         4      0x10  rail_rf.o [25]
      .data            inited   0x2000'1140         4       0x8  rail_config.o [19]
      .data            inited   0x2000'1148         4       0x8  rail_config.o [19]
      .data            inited   0x2000'1150         4       0x8  rail_config.o [19]
      .data            inited   0x2000'1158         4      0x10  rail_config.o [19]
      .data            inited   0x2000'1168         4       0xc  nbr-table.o [22]
      .data            inited   0x2000'1174         4       0x4  nbr-table.o [22]
      .data            inited   0x2000'1178         4       0xc  rpl-icmp6.o [22]
      .data            inited   0x2000'1184         4       0xc  rpl-icmp6.o [22]
      .data            inited   0x2000'1190         4       0xc  rpl-icmp6.o [22]
      .data            inited   0x2000'119c         4       0xc  rpl-icmp6.o [22]
      .data            inited   0x2000'11a8         4      0x28  rpl-mrhof.o [22]
      .data            inited   0x2000'11d0         4      0x58  rail_power_manager.o [25]
      .data            inited   0x2000'1228         4      0x1c  rail_rf_hal.o [25]
      .data            inited   0x2000'1244         4       0xc  rail_rf_hal.o [25]
      .data            inited   0x2000'1250         4      0x10  rfhal_radio.o [25]
      .data            inited   0x2000'1260         4       0x8  rfhal_radio.o [25]
      .data            inited   0x2000'1268         4      0x1c  rfhal_pa.o [25]
      .data            inited   0x2000'1284         4       0xc  rail_assert.o [25]
      .data            inited   0x2000'1290         4       0x4  generic_efr32xg23_release_seq.o [25]
      .data            inited   0x2000'1294         4      0x20  rfhal_thermistor.o [25]
      .data            inited   0x2000'12b4         4       0x8  rand.o [23]
      .data            inited   0x2000'12bc         2       0x2  em_cmu.o [16]
      .data            inited   0x2000'12be         2       0x2  sicslowpan.o [22]
      .data            inited   0x2000'12c0         2       0x2  sicslowpan.o [22]
      .data            inited   0x2000'12c2         2       0x2  rail_rf_hal.o [25]
      .data            inited   0x2000'12c4                 0x1  app_log.o [2]
      .data            inited   0x2000'12c5                 0x1  app_log.o [2]
      .data            inited   0x2000'12c6                 0x1  app_log.o [2]
      .data            inited   0x2000'12c7                 0x1  em_cmu.o [16]
      .data            inited   0x2000'12c8                 0x1  fan_app_test_harness.o [7]
      .data            inited   0x2000'12c9                 0x1  uart_hal.o [3]
      .data            inited   0x2000'12ca                 0x1  tcpip.o [22]
      .data            inited   0x2000'12cb                 0x1  uip-icmp6.o [22]
      .data            inited   0x2000'12cc                 0x1  uip-icmp6.o [22]
      .data            inited   0x2000'12cd                 0x1  uip-ds6-nbr.o [22]
      .data            inited   0x2000'12ce                 0x1  rpl-dag.o [22]
      .data            inited   0x2000'12cf                 0x1  rpl-dag.o [22]
      .data            inited   0x2000'12d0                 0x2  pa_tmr.o [20]
    .bss               zero     0x2000'12d8         8      0x18  AppPING6Process.o [7]
    .bss               zero     0x2000'12f0         8      0x30  AppPING6Process.o [7]
    .bss               zero     0x2000'1320         8      0x30  AppUDPprocess.o [7]
    .bss               zero     0x2000'1350         8       0x8  clock.o [3]
    .bss               zero     0x2000'1358         8       0x8  clock.o [3]
    .bss               zero     0x2000'1360         8     0x270  network-manager.o [10]
    .bss               zero     0x2000'15d0         8      0x50  nvm3_default_common_linker.o [6]
    .bss               zero     0x2000'1620         8      0x30  sicslowpan.o [22]
    .bss               zero     0x2000'1650         8      0x18  uip-ds6.o [22]
    .bss               zero     0x2000'1668         8      0x40  trx_access.o [19]
    .bss               zero     0x2000'16a8         8      0xc0  mac_if.o [20]
    .bss               zero     0x2000'1768         8      0x4c  pc_tmr.o [20]
    .bss               zero     0x2000'17b4         4       0x4  app_log.o [2]
    .bss               zero     0x2000'17b8         8     0x188  link-stats.o [22]
    .bss               zero     0x2000'1940         8      0x30  link-stats.o [22]
    .bss               zero     0x2000'1970         8     0x1e8  rpl-dag.o [22]
    .bss               zero     0x2000'1b58         8      0x4c  pa_tmr.o [20]
    .bss               zero     0x2000'1ba4         4       0x4  AppPING6Process.o [7]
    .bss               zero     0x2000'1ba8         8      0x30  rpl-timers.o [22]
    .bss               zero     0x2000'1bd8         8      0x30  rpl-timers.o [22]
    .bss               zero     0x2000'1c08         8      0x30  rpl-timers.o [22]
    .bss               zero     0x2000'1c38         8      0x30  rpl-dag-root.o [22]
    .bss               zero     0x2000'1c68         8      0x30  l2_l3_interface.o [22]
    .bss               zero     0x2000'1c98         8      0x30  l2_l3_interface.o [22]
    .bss               zero     0x2000'1cc8         8      0x90  uip-packetqueue.o [22]
    .bss               zero     0x2000'1d58         8      0xc0  roll-tm.o [22]
    .bss               zero     0x2000'1e18         8     0x198  rail_rf.o [25]
    .bss               zero     0x2000'1fb0         8      0x4c  pas_tmr.o [20]
    .bss               zero     0x2000'1ffc         4      0x24  AppUDPprocess.o [7]
    .bss               zero     0x2000'2020         8      0x4c  pcs_tmr.o [20]
    .bss               zero     0x2000'206c         4      0x24  AppUDPprocess.o [7]
    .bss               zero     0x2000'2090         8      0x30  mac_timer.o [20]
    .bss               zero     0x2000'20c0         8      0x30  mac_timer.o [20]
    .bss               zero     0x2000'20f0         8      0x30  mac_timer.o [20]
    .bss               zero     0x2000'2120         8      0x30  mac_timer.o [20]
    .bss               zero     0x2000'2150         8      0x28  trxsm.o [20]
    .bss               zero     0x2000'2178         8      0x90  rfhal_bufc.o [25]
    .bss               zero     0x2000'2208         8      0x18  generic_phy.o [25]
    .bss               zero     0x2000'2220         4      0x30  AppPING6Process.o [7]
    .bss               zero     0x2000'2250         4      0x50  AppPING6Process.o [7]
    .bss               zero     0x2000'22a0         4      0x24  AppUDPprocess.o [7]
    .bss               zero     0x2000'22c4         4      0x24  AppUDPprocess.o [7]
    .bss               zero     0x2000'22e8         4      0x24  AppUDPprocess.o [7]
    .bss               zero     0x2000'230c         4      0x30  AppUDPprocess.o [7]
    .bss               zero     0x2000'233c         4       0x4  buff_mgmt.o [8]
    .bss               zero     0x2000'2340         4       0x4  buff_mgmt.o [8]
    .bss               zero     0x2000'2344         4    0x55b0  buffer_service.o [8]
    .bss               zero     0x2000'78f4         4      0x80  dmadrv.o [17]
    .bss               zero     0x2000'7974         4     0x100  dmadrv.o [17]
    .bss               zero     0x2000'7a74         4       0x4  event_manager.o [8]
    .bss               zero     0x2000'7a78         4       0x8  fan_api.o [7]
    .bss               zero     0x2000'7a80         4      0x4c  fan_app_auto.o [7]
    .bss               zero     0x2000'7acc         4      0x3c  fan_app_auto.o [7]
    .bss               zero     0x2000'7b08         4       0xc  fan_app_auto.o [7]
    .bss               zero     0x2000'7b14         4      0x44  fan_app_auto.o [7]
    .bss               zero     0x2000'7b58         4      0x10  fan_app_test_harness.o [7]
    .bss               zero     0x2000'7b68         4      0x18  fan_factorycmd.o [7]
    .bss               zero     0x2000'7b80         4      0x18  fan_factorycmd.o [7]
    .bss               zero     0x2000'7b98         4       0x4  fan_factorycmd.o [7]
    .bss               zero     0x2000'7b9c         4       0x4  fan_factorycmd.o [7]
    .bss               zero     0x2000'7ba0         4       0x8  fan_factorycmd.o [7]
    .bss               zero     0x2000'7ba8         4      0x10  fan_factorycmd.o [7]
    .bss               zero     0x2000'7bb8         4       0x4  hif_service.o [8]
    .bss               zero     0x2000'7bbc         4       0x4  hif_utility.o [8]
    .bss               zero     0x2000'7bc0         4       0x4  hif_utility.o [8]
    .bss               zero     0x2000'7bc4         4       0x4  hif_utility.o [8]
    .bss               zero     0x2000'7bc8         4       0x4  hif_utility.o [8]
    .bss               zero     0x2000'7bcc         4      0x18  hif_utility.o [8]
    .bss               zero     0x2000'7be4         4       0x4  hw_tmr.o [3]
    .bss               zero     0x2000'7be8         4       0x4  main.o [1]
    .bss               zero     0x2000'7bec         4      0x4c  main.o [1]
    .bss               zero     0x2000'7c38         4      0x10  main.o [1]
    .bss               zero     0x2000'7c48         4       0x4  main.o [1]
    .bss               zero     0x2000'7c4c         4       0x4  main.o [1]
    .bss               zero     0x2000'7c50         4       0x4  main.o [1]
    .bss               zero     0x2000'7c54         4       0x8  network-manager.o [10]
    .bss               zero     0x2000'7c5c         4     0x640  nvm3_default_common_linker.o [6]
    .bss               zero     0x2000'829c         4       0x4  nvm3_lock.o [6]
    .bss               zero     0x2000'82a0         4      0x2c  nvm3_lock.o [6]
    .bss               zero     0x2000'82cc         4      0x2c  nvm3_lock.o [6]
    .bss               zero     0x2000'82f8         4      0x2c  nvm3_lock.o [6]
    .bss               zero     0x2000'8324         4      0x2c  nvm3_lock.o [6]
    .bss               zero     0x2000'8350         4       0x4  sl_event_handler.o [9]
    .bss               zero     0x2000'8354         4       0x4  sl_iostream.o [13]
    .bss               zero     0x2000'8358         4      0x18  sl_iostream_init_eusart_instances.o [1]
    .bss               zero     0x2000'8370         4      0x64  sl_iostream_init_eusart_instances.o [1]
    .bss               zero     0x2000'83d4         4      0x20  sl_iostream_init_eusart_instances.o [1]
    .bss               zero     0x2000'83f4         4       0x4  sl_mpu.o [12]
    .bss               zero     0x2000'83f8         4       0x4  sw_timer.o [8]
    .bss               zero     0x2000'83fc         4      0x34  timer_service.o [8]
    .bss               zero     0x2000'8430         4      0x10  timer_service.o [8]
    .bss               zero     0x2000'8440         4       0x4  timer_service.o [8]
    .bss               zero     0x2000'8444         4       0x4  timer_service.o [8]
    .bss               zero     0x2000'8448         4       0xc  uart_hal.o [3]
    .bss               zero     0x2000'8454         4       0x4  uart_hal.o [3]
    .bss               zero     0x2000'8458         4       0x4  uart_hal.o [3]
    .bss               zero     0x2000'845c         4       0x8  uart_hal.o [3]
    .bss               zero     0x2000'8464         4      0x64  uart_hal.o [3]
    .bss               zero     0x2000'84c8         4      0x18  mac_interface_layer.o [20]
    .bss               zero     0x2000'84e0         4       0x4  mac_security.o [20]
    .bss               zero     0x2000'84e4         4     0x184  mac_security.o [20]
    .bss               zero     0x2000'8668         4       0x4  mac_security.o [20]
    .bss               zero     0x2000'866c         4       0x4  sicslowpan.o [22]
    .bss               zero     0x2000'8670         4       0x4  sicslowpan.o [22]
    .bss               zero     0x2000'8674         4       0x4  sicslowpan.o [22]
    .bss               zero     0x2000'8678         4      0xc8  sicslowpan.o [22]
    .bss               zero     0x2000'8740         4       0x4  sicslowpan.o [22]
    .bss               zero     0x2000'8744         4       0x4  sicslowpan.o [22]
    .bss               zero     0x2000'8748         4       0xc  sicslowpan.o [22]
    .bss               zero     0x2000'8754         4       0x4  sicslowpan.o [22]
    .bss               zero     0x2000'8758         4       0x4  sicslowpan.o [22]
    .bss               zero     0x2000'875c         4       0x4  tcpip.o [22]
    .bss               zero     0x2000'8760         4       0x4  tcpip.o [22]
    .bss               zero     0x2000'8764         4       0xc  process.o [21]
    .bss               zero     0x2000'8770         4     0x180  process.o [21]
    .bss               zero     0x2000'88f0         4       0x8  uip6.o [22]
    .bss               zero     0x2000'88f8         4       0x4  uip6.o [22]
    .bss               zero     0x2000'88fc         4     0x800  uip6.o [22]
    .bss               zero     0x2000'90fc         4       0x4  uip6.o [22]
    .bss               zero     0x2000'9100         4       0x4  uip6.o [22]
    .bss               zero     0x2000'9104         4       0x4  uip6.o [22]
    .bss               zero     0x2000'9108         4       0x4  uip6.o [22]
    .bss               zero     0x2000'910c         4     0x140  uip6.o [22]
    .bss               zero     0x2000'924c         4       0x8  uip6.o [22]
    .bss               zero     0x2000'9254         4     0x108  uip-ds6.o [22]
    .bss               zero     0x2000'935c         4      0x60  uip-ds6.o [22]
    .bss               zero     0x2000'93bc         4      0x10  uip-ds6.o [22]
    .bss               zero     0x2000'93cc         4       0x4  uip-ds6.o [22]
    .bss               zero     0x2000'93d0         4       0x4  uip-ds6.o [22]
    .bss               zero     0x2000'93d4         4       0x4  uip-ds6.o [22]
    .bss               zero     0x2000'93d8         4      0x10  uip-icmp6.o [22]
    .bss               zero     0x2000'93e8         4       0x4  uip-icmp6.o [22]
    .bss               zero     0x2000'93ec         4       0x4  uip-icmp6.o [22]
    .bss               zero     0x2000'93f0         4     0x800  simple-udp.o [22]
    .bss               zero     0x2000'9bf0         4      0x40  plme.o [19]
    .bss               zero     0x2000'9c30         4       0x4  plme.o [19]
    .bss               zero     0x2000'9c34         4       0x4  trx_access.o [19]
    .bss               zero     0x2000'9c38         4     0x200  trx_access.o [19]
    .bss               zero     0x2000'9e38         4     0x400  trx_access.o [19]
    .bss               zero     0x2000'a238         4       0x4  trx_access.o [19]
    .bss               zero     0x2000'a23c         4       0x4  trx_access.o [19]
    .bss               zero     0x2000'a240         4       0x4  trx_access.o [19]
    .bss               zero     0x2000'a244         4       0x8  mac_nbr_manager.o [20]
    .bss               zero     0x2000'a24c         4      0x12  mac_nbr_manager.o [20]
    .bss               zero     0x2000'a25e         2       0x2  AppPING6Process.o [7]
    .bss               zero     0x2000'a260         4     0x118  mac_nbr_manager.o [20]
    .bss               zero     0x2000'a378         4      0x10  mac_nbr_manager.o [20]
    .bss               zero     0x2000'a388         4     0x834  mac_if.o [20]
    .bss               zero     0x2000'abbc         4      0x18  mac_if.o [20]
    .bss               zero     0x2000'abd4         4     0x214  uip-ds6-nbr.o [22]
    .bss               zero     0x2000'ade8         4      0x10  uip-ds6-nbr.o [22]
    .bss               zero     0x2000'adf8         4      0x10  uip-ds6-nbr.o [22]
    .bss               zero     0x2000'ae08         4       0x4  rpl-ns.o [22]
    .bss               zero     0x2000'ae0c         4       0x4  rpl-ns.o [22]
    .bss               zero     0x2000'ae10         4      0x20  rpl-ns.o [22]
    .bss               zero     0x2000'ae30         4     0x400  rpl-ns.o [22]
    .bss               zero     0x2000'b230         4       0x6  pc_tmr.o [20]
    .bss               zero     0x2000'b236         2       0x2  AppPING6Process.o [7]
    .bss               zero     0x2000'b238         4     0x228  mac_pib.o [20]
    .bss               zero     0x2000'b460         4       0x8  mac_pib.o [20]
    .bss               zero     0x2000'b468         4       0x4  link-stats.o [22]
    .bss               zero     0x2000'b46c         4       0x4  link-stats.o [22]
    .bss               zero     0x2000'b470         4      0x38  rpl-dag.o [22]
    .bss               zero     0x2000'b4a8         4       0x4  rpl-dag.o [22]
    .bss               zero     0x2000'b4ac         4       0x8  linkaddr.o [22]
    .bss               zero     0x2000'b4b4         4       0x8  nvm3.o [24]
    .bss               zero     0x2000'b4bc         4       0x5  pa_tmr.o [20]
    .bss               zero     0x2000'b4c2         2       0x2  AppPING6Process.o [7]
    .bss               zero     0x2000'b4c4         4      0x1c  queuebuf.o [22]
    .bss               zero     0x2000'b4e0         4      0x68  queuebuf.o [22]
    .bss               zero     0x2000'b548         4      0x1c  queuebuf.o [22]
    .bss               zero     0x2000'b564         4     0x6e8  queuebuf.o [22]
    .bss               zero     0x2000'bc4c         4       0x8  rpl-dag-root.o [22]
    .bss               zero     0x2000'bc54         4      0x10  rpl-dag-root.o [22]
    .bss               zero     0x2000'bc64         4       0x8  l2_l3_interface.o [22]
    .bss               zero     0x2000'bc6c         4       0x8  l2_l3_interface.o [22]
    .bss               zero     0x2000'bc74         4      0x30  pa_conversions_efr32.o [19]
    .bss               zero     0x2000'bca4         4       0x8  mac_rcv.o [20]
    .bss               zero     0x2000'bcac         4     0x178  mac_data.o [20]
    .bss               zero     0x2000'be24         4      0x2c  packetbuf.o [22]
    .bss               zero     0x2000'be50         4      0x10  packetbuf.o [22]
    .bss               zero     0x2000'be60         4     0x708  packetbuf.o [22]
    .bss               zero     0x2000'c568         4      0x64  rpl-ext-header.o [22]
    .bss               zero     0x2000'c5cc         4       0x8  rpl-ext-header.o [22]
    .bss               zero     0x2000'c5d4         4       0x4  rpl-ext-header.o [22]
    .bss               zero     0x2000'c5d8         4       0x4  uip-nd6.o [22]
    .bss               zero     0x2000'c5dc         4       0x4  uip-nd6.o [22]
    .bss               zero     0x2000'c5e0         4       0x4  uip-nd6.o [22]
    .bss               zero     0x2000'c5e4         4       0x4  uip-nd6.o [22]
    .bss               zero     0x2000'c5e8         4      0x38  uip-ds6-route.o [22]
    .bss               zero     0x2000'c620         4      0x28  uip-ds6-route.o [22]
    .bss               zero     0x2000'c648         4     0x140  uip-ds6-route.o [22]
    .bss               zero     0x2000'c788         4       0x4  uip-ds6-route.o [22]
    .bss               zero     0x2000'c78c         4      0x28  uip-ds6-route.o [22]
    .bss               zero     0x2000'c7b4         4     0x640  uip-ds6-route.o [22]
    .bss               zero     0x2000'cdf4         4       0x4  uip-ds6-route.o [22]
    .bss               zero     0x2000'cdf8         4       0x4  uip-ds6-route.o [22]
    .bss               zero     0x2000'cdfc         4      0x40  uip-ds6-route.o [22]
    .bss               zero     0x2000'ce3c         4       0x4  uip-ds6-route.o [22]
    .bss               zero     0x2000'ce40         4      0x30  roll-tm.o [22]
    .bss               zero     0x2000'ce70         4      0x8c  roll-tm.o [22]
    .bss               zero     0x2000'cefc         4       0x4  roll-tm.o [22]
    .bss               zero     0x2000'cf00         4       0x4  roll-tm.o [22]
    .bss               zero     0x2000'cf04         4       0x4  roll-tm.o [22]
    .bss               zero     0x2000'cf08         4       0x4  roll-tm.o [22]
    .bss               zero     0x2000'cf0c         4       0x4  roll-tm.o [22]
    .bss               zero     0x2000'cf10         4       0x4  roll-tm.o [22]
    .bss               zero     0x2000'cf14         4       0x4  roll-tm.o [22]
    .bss               zero     0x2000'cf18         4       0x8  rail_singleprotocol.o [25]
    .bss               zero     0x2000'cf20         4     0x200  rail_data.o [25]
    .bss               zero     0x2000'd120         4       0x4  pas_tmr.o [20]
    .bss               zero     0x2000'd124         4       0x4  pcs_tmr.o [20]
    .bss               zero     0x2000'd128         4      0x38  fan_sm.o [20]
    .bss               zero     0x2000'd160         4     0x1a4  fan_sm.o [20]
    .bss               zero     0x2000'd304         4     0x12c  mac_queue_manager.o [20]
    .bss               zero     0x2000'd430         4       0xc  trxsm.o [20]
    .bss               zero     0x2000'd43c         4       0x4  trxsm.o [20]
    .bss               zero     0x2000'd440         4       0x8  nbr-table.o [22]
    .bss               zero     0x2000'd448         4       0x8  nbr-table.o [22]
    .bss               zero     0x2000'd450         4      0x20  nbr-table.o [22]
    .bss               zero     0x2000'd470         4       0x4  nbr-table.o [22]
    .bss               zero     0x2000'd474         4       0x8  nbr-table.o [22]
    .bss               zero     0x2000'd47c         4      0x54  nbr-table.o [22]
    .bss               zero     0x2000'd4d0         4       0x4  nbr-table.o [22]
    .bss               zero     0x2000'd4d4         4     0x3c4  rpl-icmp6.o [22]
    .bss               zero     0x2000'd898         4      0x10  rpl-icmp6.o [22]
    .bss               zero     0x2000'd8a8         4       0x4  mac_frame_parse.o [20]
    .bss               zero     0x2000'd8ac         4      0x14  rail_rf_hal.o [25]
    .bss               zero     0x2000'd8c0         4      0x48  rfhal_radio.o [25]
    .bss               zero     0x2000'd908         4       0x4  rfhal_timings.o [25]
    .bss               zero     0x2000'd90c         4       0x4  rfhal_timings.o [25]
    .bss               zero     0x2000'd910         4      0x1c  rfhal_signing.o [25]
    .bss               zero     0x2000'd92c         4      0x34  rfhal_rftest.o [25]
    .bss               zero     0x2000'd960         4      0x16  rfhal_pti.o [25]
    .bss               zero     0x2000'd976         2       0x2  AppUDPprocess.o [7]
    .bss               zero     0x2000'd978         4       0xc  rfhal_protimer.o [25]
    .bss               zero     0x2000'd984         4      0x10  rfhal_protimer.o [25]
    .bss               zero     0x2000'd994         4       0x4  rfhal_protimer.o [25]
    .bss               zero     0x2000'd998         4       0xc  tmrdrv.o [25]
    .bss               zero     0x2000'd9a4         4       0xc  rfhal_synth.o [25]
    .bss               zero     0x2000'd9b0         4       0xc  rfhal_rfeca.o [25]
    .bss               zero     0x2000'd9bc         4      0x84  rand.o [23]
    .bss               zero     0x2000'da40         4       0x4  xfail_s.o [23]
    .bss               zero     0x2000'da44         2       0x2  fan_app_auto.o [7]
    .bss               zero     0x2000'da46         2       0x2  fan_factorycmd.o [7]
    .bss               zero     0x2000'da48         2       0x2  hif_service.o [8]
    .bss               zero     0x2000'da4a         2       0x2  hif_utility.o [8]
    .bss               zero     0x2000'da4c         2       0x2  main.o [1]
    .bss               zero     0x2000'da4e         2       0x2  sw_timer.o [8]
    .bss               zero     0x2000'da50         2       0x2  uart_hal.o [3]
    .bss               zero     0x2000'da52         2       0x2  uart_hal.o [3]
    .bss               zero     0x2000'da54         2       0x2  uart_hal.o [3]
    .bss               zero     0x2000'da56         2       0x2  uart_hal.o [3]
    .bss               zero     0x2000'da58         2       0x2  sicslowpan.o [22]
    .bss               zero     0x2000'da5a         2       0x2  sicslowpan.o [22]
    .bss               zero     0x2000'da5c         2       0x2  uip6.o [22]
    .bss               zero     0x2000'da5e         2       0x2  uip6.o [22]
    .bss               zero     0x2000'da60         2       0x2  uip6.o [22]
    .bss               zero     0x2000'da62         2       0x2  rpl-timers.o [22]
    .bss               zero     0x2000'da64         2       0x2  l2_l3_interface.o [22]
    .bss               zero     0x2000'da66         2       0x2  packetbuf.o [22]
    .bss               zero     0x2000'da68         2       0x2  packetbuf.o [22]
    .bss               zero     0x2000'da6a         2       0x2  rpl-ext-header.o [22]
    .bss               zero     0x2000'da6c         2       0x2  uip-ds6-route.o [22]
    .bss               zero     0x2000'da6e         2       0x2  uip-packetqueue.o [22]
    .bss               zero     0x2000'da70         2       0x2  roll-tm.o [22]
    .bss               zero     0x2000'da72         2       0x2  roll-tm.o [22]
    .bss               zero     0x2000'da74         2       0x2  trxsm.o [20]
    .bss               zero     0x2000'da76         2       0x2  rpl-icmp6.o [22]
    .bss               zero     0x2000'da78         2       0x2  rpl-icmp6.o [22]
    .bss               zero     0x2000'da7a         2       0x2  generic_phy.o [25]
    .bss               zero     0x2000'da7c                 0x1  app_log.o [2]
    .bss               zero     0x2000'da7d                 0x1  AppPING6Process.o [7]
    .bss               zero     0x2000'da7e                 0x1  AppUDPprocess.o [7]
    .bss               zero     0x2000'da7f                 0x1  dmadrv.o [17]
    .bss               zero     0x2000'da80                 0x1  em_emu.o [16]
    .bss               zero     0x2000'da81                 0x1  fan_app_auto.o [7]
    .bss               zero     0x2000'da82                 0x1  fan_factorycmd.o [7]
    .bss               zero     0x2000'da83                 0x1  fan_factorycmd.o [7]
    .bss               zero     0x2000'da84                 0x1  fan_factorycmd.o [7]
    .bss               zero     0x2000'da85                 0x1  hif_utility.o [8]
    .bss               zero     0x2000'da86                 0x1  hw_tmr.o [3]
    .bss               zero     0x2000'da87                 0x1  hw_tmr.o [3]
    .bss               zero     0x2000'da88                 0x1  main.o [1]
    .bss               zero     0x2000'da89                 0x1  main.o [1]
    .bss               zero     0x2000'da8a                 0x1  network-manager.o [10]
    .bss               zero     0x2000'da8b                 0x1  network-manager.o [10]
    .bss               zero     0x2000'da8c                 0x1  timer_service.o [8]
    .bss               zero     0x2000'da8d                 0x1  timer_service.o [8]
    .bss               zero     0x2000'da8e                 0x1  sicslowpan.o [22]
[...]
trxsm_activate_csm       0x800'f8b3    0x32  Code  Lc  trxsm.o [20]
trxsm_alarm              0x800'f769     0x8  Code  Lc  trxsm.o [20]
trxsm_alarm_cap_tx_wait
                         0x800'f7c9    0x22  Code  Lc  trxsm.o [20]
trxsm_alarm_wait_bcn_wait
                         0x800'f771    0x34  Code  Lc  trxsm.o [20]
trxsm_alarm_wait_mpm_eb_wait
                         0x800'f7a5    0x22  Code  Lc  trxsm.o [20]
trxsm_cancel_curr_activities
                         0x800'f909    0x22  Code  Lc  trxsm.o [20]
trxsm_cap_ack_tx_send    0x800'f6cd    0x66  Code  Lc  trxsm.o [20]
trxsm_cap_tx_send        0x800'f309   0x1fc  Code  Lc  trxsm.o [20]
trxsm_cap_tx_wait        0x800'f505   0x1c6  Code  Lc  trxsm.o [20]
trxsm_cfp                0x800'f735     0xe  Code  Lc  trxsm.o [20]
trxsm_deactivate_csm     0x800'f8e5    0x24  Code  Lc  trxsm.o [20]
trxsm_enqueue_completed_msg
                         0x800'f935    0x20  Code  Lc  trxsm.o [20]
trxsm_get_result         0x800'edff     0x4  Code  Gb  trxsm.o [20]
trxsm_get_state          0x800'edfb     0x4  Code  Gb  trxsm.o [20]
trxsm_idle               0x800'ee69   0x2e0  Code  Lc  trxsm.o [20]
trxsm_initialise         0x800'edb9    0x16  Code  Gb  trxsm.o [20]
trxsm_off                0x800'f745    0x24  Code  Lc  trxsm.o [20]
trxsm_p                 0x2000'a388     0x4  Data  Gb  mac_if.o [20]
trxsm_requeue            0x800'f7eb    0xc8  Code  Lc  trxsm.o [20]
trxsm_start              0x800'edcf    0x2c  Code  Gb  trxsm.o [20]
trxsm_transit            0x800'f92b     0xa  Code  Gb  trxsm.o [20]
trxsm_wait_bcn_wait      0x800'f149    0x9e  Code  Lc  trxsm.o [20]
trxsm_wait_mpm_eb_wait   0x800'f1e9   0x11e  Code  Lc  trxsm.o [20]
tsm_alarm                0x801'4435    0x10  Code  Gb  fan_factorycmd.o [7]
tsm_sending_mod_stream   0x801'4161    0x50  Code  Lc  fan_factorycmd.o [7]
tsm_sending_unmod_stream
                         0x801'4115    0x4a  Code  Lc  fan_factorycmd.o [7]
ttl_values               0x800'0728     0x4  Data  Lc  sicslowpan.o [22]
tunnel_ptr              0x2000'c5d4     0x4  Data  Gb  rpl-ext-header.o [22]
txBuffer                0x2000'9c38   0x200  Data  Gb  trx_access.o [19]
txPowerConfigSubGhz     0x2000'0f90     0x8  Data  Lc  pa_conversions_efr32.o [19]
tx_fifo                 0x2000'0e5c    0x80  Data  Lc  trx_access.o [19]
tx_irq_count            0x2000'0dc4     0x4  Data  Lc  trx_access.o [19]
tx_try_index            0x2000'0d9f     0x1  Data  Gb  trx_access.o [19]
uart0                   0x2000'0b98     0x4  Data  Lc  uart_hal.o [3]
uart0_rx_buffer         0x2000'8448     0xc  Data  Gb  uart_hal.o [3]
uart0_trigger_tx        0x2000'12c9     0x1  Data  Gb  uart_hal.o [3]
uart_debug              0x2000'7bcc    0x18  Data  Gb  hif_utility.o [8]
uart_debug_buff         0x2000'8464    0x64  Data  Gb  uart_hal.o [3]
uart_debug_buff_Cnt     0x2000'da56     0x2  Data  Gb  uart_hal.o [3]
uart_debug_rx_count     0x2000'7bc0     0x4  Data  Gb  hif_utility.o [8]
uart_deinit              0x803'1bdd    0x8e  Code  Lc  sl_iostream_uart.o [13]
uart_drop_else_bytes    0x2000'7bc8     0x4  Data  Gb  hif_utility.o [8]
uart_hal_info           0x2000'845c     0x8  Data  Gb  uart_hal.o [3]
uart_hal_read            0x801'95e5    0x1a  Code  Gb  uart_hal.o [3]
uart_hal_register_back   0x801'963f     0xc  Code  Gb  uart_hal.o [3]
uart_hal_write           0x801'95ff    0x40  Code  Gb  uart_hal.o [3]
uart_read                0x803'1d85    0x36  Code  Lc  sl_iostream_uart.o [13]
uart_write               0x803'1d6d    0x16  Code  Lc  sl_iostream_uart.o [13]
udp_counter             0x2000'd976     0x2  Data  Lc  AppUDPprocess.o [7]
udp_new                  0x801'd2ab    0x2e  Code  Gb  tcpip.o [22]
udp_param               0x2000'230c    0x30  Data  Lc  AppUDPprocess.o [7]
udp_process             0x2000'0a3c     0xc  Data  Gb  AppUDPprocess.o [7]
udp_send_ctimer         0x2000'1320    0x30  Data  Lc  AppUDPprocess.o [7]
udp_send_ctimer_callback
                         0x801'b391    0x48  Code  Lc  AppUDPprocess.o [7]
udp_test_counter        0x2000'da7e     0x1  Data  Gb  AppUDPprocess.o [7]
uip_aligned_buf         0x2000'88fc   0x800  Data  Gb  uip6.o [22]
uip_appdata             0x2000'90fc     0x4  Data  Gb  uip6.o [22]
uip_conn                0x2000'9104     0x4  Data  Gb  uip6.o [22]
uip_create_multi_dao_opt
                         0x802'94d5   0x1a6  Code  Gb  rpl-icmp6.o [22]
uip_data_len            0x2000'da6a     0x2  Data  Gb  rpl-ext-header.o [22]
uip_debug_ipaddr_print   0x802'7525    0xbc  Code  Gb  uip-debug.o [22]
uip_ds6_addr_add         0x802'5555    0x96  Code  Gb  uip-ds6.o [22]
uip_ds6_addr_lookup      0x802'563b    0x28  Code  Gb  uip-ds6.o [22]
uip_ds6_addr_rm          0x802'55eb    0x50  Code  Gb  uip-ds6.o [22]
uip_ds6_addr_size       0x2000'da96     0x1  Data  Gb  uip-ds6.o [22]
uip_ds6_compute_reachable_time
                         0x802'59af    0x32  Code  Gb  uip-ds6.o [22]
uip_ds6_defrt_add        0x801'9b91    0x5c  Code  Gb  uip-ds6-route.o [22]
uip_ds6_defrt_choose     0x801'9c5d    0x3c  Code  Gb  uip-ds6-route.o [22]
uip_ds6_defrt_lookup     0x801'9c2b    0x32  Code  Gb  uip-ds6-route.o [22]
uip_ds6_defrt_rm         0x801'9bed    0x3e  Code  Gb  uip-ds6-route.o [22]
uip_ds6_get_addr_iid     0x802'5935    0x26  Code  Gb  uip-ds6.o [22]
uip_ds6_get_global       0x802'56c5    0x62  Code  Gb  uip-ds6.o [22]
uip_ds6_get_link_local   0x802'5663    0x62  Code  Gb  uip-ds6.o [22]
uip_ds6_if              0x2000'9254   0x108  Data  Gb  uip-ds6.o [22]
uip_ds6_init             0x802'516d   0x1a2  Code  Gb  uip-ds6.o [22]
uip_ds6_is_addr_directlink
                         0x802'549f    0xb6  Code  Gb  uip-ds6.o [22]
uip_ds6_is_addr_onlink   0x802'544b    0x54  Code  Gb  uip-ds6.o [22]
uip_ds6_link_neighbor_callback
                         0x801'884f    0x32  Code  Gb  uip-ds6-nbr.o [22]
uip_ds6_list_loop        0x802'5361    0x72  Code  Gb  uip-ds6.o [22]
uip_ds6_maddr_add        0x802'5727    0x3a  Code  Gb  uip-ds6.o [22]
uip_ds6_maddr_lookup     0x802'576b    0x24  Code  Gb  uip-ds6.o [22]
uip_ds6_maddr_rm         0x802'5761     0xa  Code  Gb  uip-ds6.o [22]
uip_ds6_nbr_add          0x801'85e3   0x100  Code  Gb  uip-ds6-nbr.o [22]
uip_ds6_nbr_get_ll       0x801'878d    0x12  Code  Gb  uip-ds6-nbr.o [22]
uip_ds6_nbr_ipaddr_from_lladdr
                         0x801'8821    0x12  Code  Gb  uip-ds6-nbr.o [22]
uip_ds6_nbr_ll_lookup    0x801'880f    0x12  Code  Gb  uip-ds6-nbr.o [22]
uip_ds6_nbr_lladdr_from_ipaddr
                         0x801'8833    0x1c  Code  Gb  uip-ds6-nbr.o [22]
uip_ds6_nbr_lookup       0x801'87c5    0x4a  Code  Gb  uip-ds6-nbr.o [22]
uip_ds6_nbr_num          0x801'879f    0x26  Code  Gb  uip-ds6-nbr.o [22]
uip_ds6_nbr_refresh_reachable_state
                         0x801'8957    0x24  Code  Gb  uip-ds6-nbr.o [22]
uip_ds6_nbr_rm           0x801'8765    0x28  Code  Gb  uip-ds6-nbr.o [22]
uip_ds6_nbr_update_rsl_ie
                         0x801'8c2d    0x80  Code  Gb  uip-ds6-nbr.o [22]
uip_ds6_neighbor_periodic
                         0x801'8881    0xd6  Code  Gb  uip-ds6-nbr.o [22]
uip_ds6_neighbors_init   0x801'85cd    0x16  Code  Gb  uip-ds6-nbr.o [22]
uip_ds6_netif_addr_list_offset
                        0x2000'da97     0x1  Data  Gb  uip-ds6.o [22]
uip_ds6_notification_add
                         0x801'9989    0x20  Code  Gb  uip-ds6-route.o [22]
uip_ds6_periodic         0x802'530f    0x52  Code  Gb  uip-ds6.o [22]
uip_ds6_prefix_add       0x802'53d3    0x78  Code  Gb  uip-ds6.o [22]
uip_ds6_prefix_list     0x2000'935c    0x60  Data  Gb  uip-ds6.o [22]
uip_ds6_route_head       0x801'9a1b     0xe  Code  Gb  uip-ds6-route.o [22]
uip_ds6_route_init       0x801'99a9    0x40  Code  Gb  uip-ds6-route.o [22]
uip_ds6_route_lookup     0x801'9a3d    0x80  Code  Gb  uip-ds6-route.o [22]
uip_ds6_route_next       0x801'9a29    0x14  Code  Gb  uip-ds6-route.o [22]
uip_ds6_route_nexthop    0x801'9a03    0x18  Code  Gb  uip-ds6-route.o [22]
uip_ds6_route_nexthop_lladdr
                         0x801'99e9    0x1a  Code  Lc  uip-ds6-route.o [22]
uip_ds6_route_rm         0x801'9abd    0x90  Code  Gb  uip-ds6-route.o [22]
uip_ds6_rpl_choose       0x801'9c99    0x58  Code  Gb  uip-ds6-route.o [22]
uip_ds6_select_src       0x802'578f   0x180  Code  Gb  uip-ds6.o [22]
uip_ds6_set_addr_iid     0x802'590f    0x26  Code  Gb  uip-ds6.o [22]
uip_ds6_timer_periodic  0x2000'1650    0x18  Data  Gb  uip-ds6.o [22]
uip_ds6_update_rsl_ie    0x801'8b9f    0x8e  Code  Gb  uip-ds6-nbr.o [22]
uip_ext_bitmap          0x2000'da92     0x1  Data  Gb  uip6.o [22]
uip_ext_len             0x2000'da93     0x1  Data  Gb  uip6.o [22]
uip_ext_opt_offset      0x2000'da94     0x1  Data  Gb  uip6.o [22]
uip_flags               0x2000'da95     0x1  Data  Gb  uip6.o [22]
uip_get_prio_based_parent_ip
                         0x801'903b    0x32  Code  Gb  uip-ds6-nbr.o [22]
uip_get_prio_based_parent_nbr
                         0x801'906d    0x32  Code  Gb  uip-ds6-nbr.o [22]
uip_htonl                0x802'a88f    0x22  Code  Gb  uip6.o [22]
uip_htons                0x802'a87f    0x10  Code  Gb  uip6.o [22]
uip_icmp6_conns         0x2000'924c     0x8  Data  Gb  uip6.o [22]
uip_icmp6_error_output   0x802'b94b   0x1b4  Code  Gb  uip-icmp6.o [22]
uip_icmp6_init           0x802'bd93    0x10  Code  Gb  uip-icmp6.o [22]
uip_icmp6_input          0x802'b81d    0x40  Code  Gb  uip-icmp6.o [22]
uip_icmp6_register_input_handler
                         0x802'b85d    0x12  Code  Gb  uip-icmp6.o [22]
uip_icmp6_send           0x802'baff   0x10a  Code  Gb  uip-icmp6.o [22]
uip_icmp6_send_echo_request
                         0x802'18fb    0xac  Code  Gb  AppPING6Process.o [7]
uip_icmp6chksum          0x802'9f5b     0xa  Code  Gb  uip6.o [22]
uip_init                 0x802'9f6f    0x38  Code  Gb  uip6.o [22]
uip_len                 0x2000'da5c     0x2  Data  Gb  uip6.o [22]
uip_lladdr              0x2000'88f0     0x8  Data  Gb  uip6.o [22]
uip_nd6_init             0x802'6783    0x10  Code  Gb  uip-nd6.o [22]
uip_nd6_ns_aro_output    0x802'62e7   0x214  Code  Gb  uip-nd6.o [22]
uip_nd6_ns_output        0x802'6179   0x16e  Code  Gb  uip-nd6.o [22]
uip_next_hdr            0x2000'88f8     0x4  Data  Gb  uip6.o [22]
uip_packetqueue_alloc    0x802'5a47    0x36  Code  Gb  uip-packetqueue.o [22]
uip_packetqueue_buf      0x802'5aa5    0x10  Code  Gb  uip-packetqueue.o [22]
uip_packetqueue_buflen   0x802'5ab5    0x12  Code  Gb  uip-packetqueue.o [22]
uip_packetqueue_free     0x802'5a7d    0x20  Code  Gb  uip-packetqueue.o [22]
uip_packetqueue_new      0x802'5a41     0x6  Code  Gb  uip-packetqueue.o [22]
uip_packetqueue_set_buflen
                         0x802'5ac7     0xc  Code  Gb  uip-packetqueue.o [22]
uip_process              0x802'a1bd   0x6c2  Code  Gb  uip6.o [22]
uip_sappdata            0x2000'9100     0x4  Data  Gb  uip6.o [22]
uip_slen                0x2000'da5e     0x2  Data  Gb  uip6.o [22]
uip_udp_conn            0x2000'9108     0x4  Data  Gb  uip6.o [22]
uip_udp_conns           0x2000'910c   0x140  Data  Gb  uip6.o [22]
uip_udp_new              0x802'a00d    0xc0  Code  Gb  uip6.o [22]
uip_udp_packet_send      0x803'1541    0x62  Code  Gb  uip-udp-packet.o [22]
uip_udp_packet_sendto    0x803'15b5    0x4c  Code  Gb  uip-udp-packet.o [22]
uip_udpchksum            0x802'9f65     0xa  Code  Gb  uip6.o [22]
unc_ctxconf              0x800'0720     0x4  Data  Gb  sicslowpan.o [22]
unc_llconf               0x800'071c     0x4  Data  Gb  sicslowpan.o [22]
unc_mxconf               0x800'0724     0x4  Data  Gb  sicslowpan.o [22]
uncomp_hdr_len          0x2000'da8f     0x1  Data  Lc  sicslowpan.o [22]
uncompress_addr          0x802'c2d9    0xe4  Code  Lc  sicslowpan.o [22]
uncompress_hdr_iphc      0x802'd031   0xa16  Code  Lc  sicslowpan.o [22]
unicast_connection      0x2000'1ffc    0x24  Data  Lc  AppUDPprocess.o [7]
unicast_connection1     0x2000'206c    0x24  Data  Lc  AppUDPprocess.o [7]
unicast_connection2     0x2000'22a0    0x24  Data  Lc  AppUDPprocess.o [7]
unicast_connection3     0x2000'22c4    0x24  Data  Lc  AppUDPprocess.o [7]
unicast_connection4     0x2000'22e8    0x24  Data  Lc  AppUDPprocess.o [7]
unicast_ie              0x2000'7acc    0x3c  Data  Gb  fan_app_auto.o [7]
update_bfio_with_procces_time
                         0x801'10e5    0xb0  Code  Gb  mac_frame_build.o [20]
update_client_solicit_mac_address
                         0x802'96b1    0xb4  Code  Gb  rpl-icmp6.o [22]
update_directlink_status
                         0x801'8a25    0x16  Code  Gb  uip-ds6-nbr.o [22]
update_expired_tmr_list
                         0x801'2d5b    0xaa  Code  Gb  sw_timer.o [8]
update_hbh_header        0x802'7c87    0xbe  Code  Lc  rpl-ext-header.o [22]
update_mac_routing_cost
                         0x801'16f9    0x8e  Code  Gb  mac_nbr_manager.o [20]
update_metric_container
                         0x803'46e7     0x6  Code  Lc  rpl-mrhof.o [22]
update_nbr_etx           0x801'1787    0x2a  Code  Gb  mac_nbr_manager.o [20]
update_pan_id_from_border_router
                         0x800'bc65    0x20  Code  Gb  network-manager.o [10]
update_pc_consistency    0x801'2b93     0xe  Code  Gb  pc_tmr.o [20]
update_ring_buffer       0x803'1e91    0xd8  Code  Lc  sl_iostream_uart.o [13]
update_rssi_for_every_pakt
                         0x801'6191    0x3a  Code  Gb  l2_l3_interface.o [22]
update_self_global_addr
                         0x800'bc85    0x18  Code  Gb  network-manager.o [10]
update_self_pan_version
                         0x801'1c45    0x22  Code  Gb  mac_nbr_manager.o [20]
update_seq_number_l2_attr
                         0x801'6201    0x12  Code  Gb  l2_l3_interface.o [22]
update_time              0x802'4ac9    0x66  Code  Lc  etimer.o [21]
update_total_sending_dur_for_hr
                         0x801'43e5    0x50  Code  Gb  fan_factorycmd.o [7]
update_ufsi_with_procces_time
                         0x801'10e1     0x4  Code  Gb  mac_frame_build.o [20]
upper_layer_chksum       0x802'9ef3    0x68  Code  Lc  uip6.o [22]
us_timer_isr             0x801'64a1    0x32  Code  Lc  hw_tmr.o [3]
us_timer_read            0x801'65dd    0x1c  Code  Gb  hw_tmr.o [3]
us_timer_set_value       0x801'65f9    0x4a  Code  Gb  hw_tmr.o [3]
usable_channel          0x2000'd154     0xc  Data  Gb  fan_sm.o [20]
used_map                0x2000'd440     0x8  Data  Lc  nbr-table.o [22]
vScaleEM01Cmd            0x802'9bb9     0xc  Code  Lc  em_emu.o [16]
vScaleEM01Config        0x2000'da80     0x1  Data  Lc  em_emu.o [16]
validateObj              0x801'e67d    0x26  Code  Lc  nvm3.o [24]
validateObjFragments     0x801'e44b   0x232  Code  Lc  nvm3.o [24]
validate_seq_no_incoming_pkt
                         0x800'b0cf    0x34  Code  Gb  mac_rcv.o [20]
vdac0ClkGet              0x801'c919    0x64  Code  Lc  em_cmu.o [16]
verfiy_trx_state         0x800'd87d    0x38  Code  Lc  trx_access.o [19]
vprintf                  0x800'5ea9    0x1c  Code  Gb  vprintf.o [23]
wFifoReadCounter        0x2000'0da8     0x2  Data  Gb  trx_access.o [19]
wReadBytesLeft          0x2000'0daa     0x2  Data  Gb  trx_access.o [19]
wReadPointer            0x2000'0da6     0x2  Data  Gb  trx_access.o [19]
wWritePointer           0x2000'0db0     0x2  Data  Gb  trx_access.o [19]
waitStateMax             0x801'cd51     0xe  Code  Lc  em_cmu.o [16]
wan_uip_icmp6_send       0x802'bc09    0xd8  Code  Gb  uip-icmp6.o [22]
wan_uip_icmp6_send_echo_reply
                         0x802'19a7    0x9e  Code  Gb  AppPING6Process.o [7]
wdog0ClkGet              0x801'cd5f    0x60  Code  Lc  em_cmu.o [16]
wdog1ClkGet              0x801'cdc1    0x60  Code  Lc  em_cmu.o [16]
window_allocate          0x803'3813    0x44  Code  Lc  roll-tm.o [22]
window_lookup            0x803'3857    0x38  Code  Lc  roll-tm.o [22]
window_update_bounds     0x803'388f    0x98  Code  Lc  roll-tm.o [22]
windows                 0x2000'ce40    0x30  Data  Lc  roll-tm.o [22]
wisun_parse_header_ie    0x801'4cdd    0x18  Code  Gb  ie_manager.o [20]
wisun_parse_mpx_ie       0x801'4d71    0x18  Code  Gb  ie_manager.o [20]
wisun_parse_payload_long_ie
                         0x801'4d33    0x3e  Code  Gb  ie_manager.o [20]
wisun_parse_payload_short_ie
                         0x801'4cf5    0x3e  Code  Gb  ie_manager.o [20]
workBegin                0x801'f133    0x16  Code  Lc  nvm3.o [24]
workEnd                  0x801'f149    0x14  Code  Lc  nvm3.o [24]
writeBurst              0x2000'084f    0x80  Code  Gb  em_msc.o [16]
writeFullAllowed         0x801'dc17    0x18  Code  Lc  nvm3.o [24]
write_device_table_entry_to_buffer
                         0x800'8905    0x44  Code  Gb  mac_security.o [20]
write_key_table_entry_to_buffer
                         0x800'8901     0x4  Code  Gb  mac_security.o [20]
write_security_level_table_entry_to_buffer
                         0x800'8949    0x24  Code  Gb  mac_security.o [20]
ws_send_pkt              0x801'1449    0xa0  Code  Gb  fan_sm.o [20]
xor_func                 0x800'd06d    0x1e  Code  Lc  p3_ccmstar.o [20]


[1] = D:\FG23\FG23_final_code\MeshApp_FG23_LBR\Kimbal_MeshApp_FG23_LBR\AppBuild\ewarm-iar\obj
[2] = D:\FG23\FG23_final_code\MeshApp_FG23_LBR\Kimbal_MeshApp_FG23_LBR\AppBuild\ewarm-iar\obj\APP_LOG_4972416739147312130.dir
[3] = D:\FG23\FG23_final_code\MeshApp_FG23_LBR\Kimbal_MeshApp_FG23_LBR\AppBuild\ewarm-iar\obj\HAL_18155169353449485031.dir
[4] = D:\FG23\FG23_final_code\MeshApp_FG23_LBR\Kimbal_MeshApp_FG23_LBR\AppBuild\ewarm-iar\obj\MeterApp_12051819094922122343.dir
[5] = D:\FG23\FG23_final_code\MeshApp_FG23_LBR\Kimbal_MeshApp_FG23_LBR\AppBuild\ewarm-iar\obj\Source_14930429232095039707.dir
[6] = D:\FG23\FG23_final_code\MeshApp_FG23_LBR\Kimbal_MeshApp_FG23_LBR\AppBuild\ewarm-iar\obj\Src_12316784073195354395.dir
[7] = D:\FG23\FG23_final_code\MeshApp_FG23_LBR\Kimbal_MeshApp_FG23_LBR\AppBuild\ewarm-iar\obj\Src_14949699383848397354.dir
[8] = D:\FG23\FG23_final_code\MeshApp_FG23_LBR\Kimbal_MeshApp_FG23_LBR\AppBuild\ewarm-iar\obj\Util_9809783495009140069.dir
[9] = D:\FG23\FG23_final_code\MeshApp_FG23_LBR\Kimbal_MeshApp_FG23_LBR\AppBuild\ewarm-iar\obj\autogen_4020999569460366166.dir
[10] = D:\FG23\FG23_final_code\MeshApp_FG23_LBR\Kimbal_MeshApp_FG23_LBR\AppBuild\ewarm-iar\obj\network_manager_5005759070473877390.dir
[11] = D:\FG23\FG23_final_code\MeshApp_FG23_LBR\Kimbal_MeshApp_FG23_LBR\AppBuild\ewarm-iar\obj\src_11161112033672506470.dir
[12] = D:\FG23\FG23_final_code\MeshApp_FG23_LBR\Kimbal_MeshApp_FG23_LBR\AppBuild\ewarm-iar\obj\src_11659692754380993443.dir
[13] = D:\FG23\FG23_final_code\MeshApp_FG23_LBR\Kimbal_MeshApp_FG23_LBR\AppBuild\ewarm-iar\obj\src_14552146716814908185.dir
[14] = D:\FG23\FG23_final_code\MeshApp_FG23_LBR\Kimbal_MeshApp_FG23_LBR\AppBuild\ewarm-iar\obj\src_16845863010765532355.dir
[15] = D:\FG23\FG23_final_code\MeshApp_FG23_LBR\Kimbal_MeshApp_FG23_LBR\AppBuild\ewarm-iar\obj\src_17898116864519350784.dir
[16] = D:\FG23\FG23_final_code\MeshApp_FG23_LBR\Kimbal_MeshApp_FG23_LBR\AppBuild\ewarm-iar\obj\src_3303982371595999919.dir
[17] = D:\FG23\FG23_final_code\MeshApp_FG23_LBR\Kimbal_MeshApp_FG23_LBR\AppBuild\ewarm-iar\obj\src_8171704489610867858.dir
[18] = D:\FG23\FG23_final_code\MeshApp_FG23_LBR\Kimbal_MeshApp_FG23_LBR\AppBuild\ewarm-iar\obj\src_8861381384260072712.dir
[19] = 80154_PHY_Lib.a
[20] = 802154_MAC_lib.a
[21] = ContikiOS_lib.a
[22] = RPL_IPv6_Lib.a
[23] = dl7M_tln.a
[24] = libnvm3_CM33_iar.a
[25] = librail_efr32xg23_iar_release.a
[26] = m7M_tls.a
[27] = rt7M_tl.a
[28] = shb_l.a

  192'007 bytes of readonly  code memory
      532 bytes of readwrite code memory
   24'585 bytes of readonly  data memory
   98'456 bytes of readwrite data memory

Errors: none
Warnings: none
