###############################################################################
#
# IAR ELF Linker V9.50.2.385/W64 for ARM                  24/Dec/2024  14:55:19
# Copyright 2007-2024 IAR Systems AB.
#
#    Output file                  =
#        C:\Users\PHYTEC\Desktop\custom-FG23\MeshApp_FG23_Node\AppBuild\ewarm-iar\exe\ProNICApp.out
#    Map file                     =
#        C:\Users\PHYTEC\Desktop\custom-FG23\MeshApp_FG23_Node\AppBuild\ewarm-iar\lst\ProNICApp.map
#    Import CMSE library file out =
#        C:\Users\PHYTEC\Desktop\custom-FG23\MeshApp_FG23_Node\AppBuild\ewarm-iar\exe\ProNICApp_import_lib.o
#    Command line                 =
#        -f
#        C:\Users\PHYTEC\Desktop\custom-FG23\MeshApp_FG23_Node\AppBuild\ewarm-iar\exe\ProNICApp.out.rsp
#        (C:\Users\PHYTEC\Desktop\custom-FG23\MeshApp_FG23_Node\libraries\80154_PHY_Lib.a
#        C:\Users\PHYTEC\Desktop\custom-FG23\MeshApp_FG23_Node\libraries\802154_MAC_lib.a
#        C:\Users\PHYTEC\Desktop\custom-FG23\MeshApp_FG23_Node\AppBuild\ewarm-iar\obj\app_init.o
#        C:\Users\PHYTEC\Desktop\custom-FG23\MeshApp_FG23_Node\AppBuild\ewarm-iar\obj\APP_LOG_4972416739147312130.dir\app_log.o
#        C:\Users\PHYTEC\Desktop\custom-FG23\MeshApp_FG23_Node\AppBuild\ewarm-iar\obj\network_manager_5005759070473877390.dir\app_mac_security_interface.o
#        C:\Users\PHYTEC\Desktop\custom-FG23\MeshApp_FG23_Node\AppBuild\ewarm-iar\obj\app_process.o
#        C:\Users\PHYTEC\Desktop\custom-FG23\MeshApp_FG23_Node\AppBuild\ewarm-iar\obj\Src_14949699383848397354.dir\AppPING6Process.o
#        C:\Users\PHYTEC\Desktop\custom-FG23\MeshApp_FG23_Node\AppBuild\ewarm-iar\obj\Src_14949699383848397354.dir\AppUDPprocess.o
#        C:\Users\PHYTEC\Desktop\custom-FG23\MeshApp_FG23_Node\AppBuild\ewarm-iar\obj\Util_9809783495009140069.dir\buff_mgmt.o
#        C:\Users\PHYTEC\Desktop\custom-FG23\MeshApp_FG23_Node\AppBuild\ewarm-iar\obj\Util_9809783495009140069.dir\buffer_service.o
#        C:\Users\PHYTEC\Desktop\custom-FG23\MeshApp_FG23_Node\AppBuild\ewarm-iar\obj\HAL_18155169353449485031.dir\clock.o
#        C:\Users\PHYTEC\Desktop\custom-FG23\MeshApp_FG23_Node\libraries\ContikiOS_lib.a
#        C:\Users\PHYTEC\Desktop\custom-FG23\MeshApp_FG23_Node\AppBuild\ewarm-iar\obj\src_8171704489610867858.dir\dmadrv.o
#        C:\Users\PHYTEC\Desktop\custom-FG23\MeshApp_FG23_Node\AppBuild\ewarm-iar\obj\Src_14949699383848397354.dir\eeprom_emulation.o
#        C:\Users\PHYTEC\Desktop\custom-FG23\MeshApp_FG23_Node\AppBuild\ewarm-iar\obj\src_3303982371595999919.dir\em_cmu.o
#        C:\Users\PHYTEC\Desktop\custom-FG23\MeshApp_FG23_Node\AppBuild\ewarm-iar\obj\src_3303982371595999919.dir\em_core.o
#        C:\Users\PHYTEC\Desktop\custom-FG23\MeshApp_FG23_Node\AppBuild\ewarm-iar\obj\src_3303982371595999919.dir\em_crypto.o
#        C:\Users\PHYTEC\Desktop\custom-FG23\MeshApp_FG23_Node\AppBuild\ewarm-iar\obj\src_3303982371595999919.dir\em_emu.o
#        C:\Users\PHYTEC\Desktop\custom-FG23\MeshApp_FG23_Node\AppBuild\ewarm-iar\obj\src_3303982371595999919.dir\em_eusart.o
#        C:\Users\PHYTEC\Desktop\custom-FG23\MeshApp_FG23_Node\AppBuild\ewarm-iar\obj\src_3303982371595999919.dir\em_gpio.o
#        C:\Users\PHYTEC\Desktop\custom-FG23\MeshApp_FG23_Node\AppBuild\ewarm-iar\obj\src_3303982371595999919.dir\em_ldma.o
#        C:\Users\PHYTEC\Desktop\custom-FG23\MeshApp_FG23_Node\AppBuild\ewarm-iar\obj\src_3303982371595999919.dir\em_leuart.o
#        C:\Users\PHYTEC\Desktop\custom-FG23\MeshApp_FG23_Node\AppBuild\ewarm-iar\obj\src_3303982371595999919.dir\em_msc.o
#        C:\Users\PHYTEC\Desktop\custom-FG23\MeshApp_FG23_Node\AppBuild\ewarm-iar\obj\src_3303982371595999919.dir\em_prs.o
#        C:\Users\PHYTEC\Desktop\custom-FG23\MeshApp_FG23_Node\AppBuild\ewarm-iar\obj\src_3303982371595999919.dir\em_rmu.o
#        C:\Users\PHYTEC\Desktop\custom-FG23\MeshApp_FG23_Node\AppBuild\ewarm-iar\obj\src_3303982371595999919.dir\em_rtc.o
#        C:\Users\PHYTEC\Desktop\custom-FG23\MeshApp_FG23_Node\AppBuild\ewarm-iar\obj\src_3303982371595999919.dir\em_rtcc.o
#        C:\Users\PHYTEC\Desktop\custom-FG23\MeshApp_FG23_Node\AppBuild\ewarm-iar\obj\src_3303982371595999919.dir\em_system.o
#        C:\Users\PHYTEC\Desktop\custom-FG23\MeshApp_FG23_Node\AppBuild\ewarm-iar\obj\src_3303982371595999919.dir\em_timer.o
#        C:\Users\PHYTEC\Desktop\custom-FG23\MeshApp_FG23_Node\AppBuild\ewarm-iar\obj\src_3303982371595999919.dir\em_usart.o
#        C:\Users\PHYTEC\Desktop\custom-FG23\MeshApp_FG23_Node\AppBuild\ewarm-iar\obj\src_3303982371595999919.dir\em_wdog.o
#        C:\Users\PHYTEC\Desktop\custom-FG23\MeshApp_FG23_Node\AppBuild\ewarm-iar\obj\Util_9809783495009140069.dir\event_manager.o
#        C:\Users\PHYTEC\Desktop\custom-FG23\MeshApp_FG23_Node\AppBuild\ewarm-iar\obj\Src_14949699383848397354.dir\fan_api.o
#        C:\Users\PHYTEC\Desktop\custom-FG23\MeshApp_FG23_Node\AppBuild\ewarm-iar\obj\Src_14949699383848397354.dir\fan_app_auto.o
#        C:\Users\PHYTEC\Desktop\custom-FG23\MeshApp_FG23_Node\AppBuild\ewarm-iar\obj\Src_14949699383848397354.dir\fan_app_test_harness.o
#        C:\Users\PHYTEC\Desktop\custom-FG23\MeshApp_FG23_Node\AppBuild\ewarm-iar\obj\Src_14949699383848397354.dir\fan_factorycmd.o
#        C:\Users\PHYTEC\Desktop\custom-FG23\MeshApp_FG23_Node\AppBuild\ewarm-iar\obj\Util_9809783495009140069.dir\hif_process.o
#        C:\Users\PHYTEC\Desktop\custom-FG23\MeshApp_FG23_Node\AppBuild\ewarm-iar\obj\Util_9809783495009140069.dir\hif_service.o
#        C:\Users\PHYTEC\Desktop\custom-FG23\MeshApp_FG23_Node\AppBuild\ewarm-iar\obj\Util_9809783495009140069.dir\hif_utility.o
#        C:\Users\PHYTEC\Desktop\custom-FG23\MeshApp_FG23_Node\AppBuild\ewarm-iar\obj\HAL_18155169353449485031.dir\hw_tmr.o
#        C:\Users\PHYTEC\Desktop\custom-FG23\MeshApp_FG23_Node\AppBuild\ewarm-iar\obj\MeterApp_12051819094922122343.dir\k_data_buffer.o
#        C:\Users\PHYTEC\Desktop\custom-FG23\MeshApp_FG23_Node\AppBuild\ewarm-iar\obj\MeterApp_12051819094922122343.dir\k_meter_comm.o
#        C:\Users\PHYTEC\Desktop\custom-FG23\MeshApp_FG23_Node\AppBuild\ewarm-iar\obj\MeterApp_12051819094922122343.dir\k_test_app.o
#        C:\Users\PHYTEC\Desktop\custom-FG23\MeshApp_FG23_Node\NVM\nvm3\lib\libnvm3_CM33_iar.a
#        C:\Users\PHYTEC\Desktop\custom-FG23\MeshApp_FG23_Node\PHY\radio\rail_lib\autogen\librail_release\librail_efr32xg23_iar_release.a
#        C:\Users\PHYTEC\Desktop\custom-FG23\MeshApp_FG23_Node\AppBuild\ewarm-iar\obj\Util_9809783495009140069.dir\list_latest.o
#        C:\Users\PHYTEC\Desktop\custom-FG23\MeshApp_FG23_Node\AppBuild\ewarm-iar\obj\main.o
#        C:\Users\PHYTEC\Desktop\custom-FG23\MeshApp_FG23_Node\AppBuild\ewarm-iar\obj\MeterApp_12051819094922122343.dir\meterReading.o
#        C:\Users\PHYTEC\Desktop\custom-FG23\MeshApp_FG23_Node\AppBuild\ewarm-iar\obj\network_manager_5005759070473877390.dir\network-manager.o
#        C:\Users\PHYTEC\Desktop\custom-FG23\MeshApp_FG23_Node\AppBuild\ewarm-iar\obj\Src_12316784073195354395.dir\nvm3_default_common_linker.o
#        C:\Users\PHYTEC\Desktop\custom-FG23\MeshApp_FG23_Node\AppBuild\ewarm-iar\obj\Src_12316784073195354395.dir\nvm3_hal_flash.o
#        C:\Users\PHYTEC\Desktop\custom-FG23\MeshApp_FG23_Node\AppBuild\ewarm-iar\obj\Src_12316784073195354395.dir\nvm3_lock.o
#        C:\Users\PHYTEC\Desktop\custom-FG23\MeshApp_FG23_Node\AppBuild\ewarm-iar\obj\Src_14949699383848397354.dir\nvm_app.o
#        C:\Users\PHYTEC\Desktop\custom-FG23\MeshApp_FG23_Node\AppBuild\ewarm-iar\obj\Util_9809783495009140069.dir\queue_latest.o
#        C:\Users\PHYTEC\Desktop\custom-FG23\MeshApp_FG23_Node\libraries\RPL_IPv6_Lib.a
#        C:\Users\PHYTEC\Desktop\custom-FG23\MeshApp_FG23_Node\AppBuild\ewarm-iar\obj\src_8861381384260072712.dir\sl_assert.o
#        C:\Users\PHYTEC\Desktop\custom-FG23\MeshApp_FG23_Node\AppBuild\ewarm-iar\obj\autogen_4020999569460366166.dir\sl_device_init_clocks.o
#        C:\Users\PHYTEC\Desktop\custom-FG23\MeshApp_FG23_Node\AppBuild\ewarm-iar\obj\src_17898116864519350784.dir\sl_device_init_dcdc_s1.o
#        C:\Users\PHYTEC\Desktop\custom-FG23\MeshApp_FG23_Node\AppBuild\ewarm-iar\obj\src_17898116864519350784.dir\sl_device_init_emu_s1.o
#        C:\Users\PHYTEC\Desktop\custom-FG23\MeshApp_FG23_Node\AppBuild\ewarm-iar\obj\src_17898116864519350784.dir\sl_device_init_hfxo_s1.o
#        C:\Users\PHYTEC\Desktop\custom-FG23\MeshApp_FG23_Node\AppBuild\ewarm-iar\obj\src_17898116864519350784.dir\sl_device_init_nvic.o
#        C:\Users\PHYTEC\Desktop\custom-FG23\MeshApp_FG23_Node\AppBuild\ewarm-iar\obj\autogen_4020999569460366166.dir\sl_event_handler.o
#        C:\Users\PHYTEC\Desktop\custom-FG23\MeshApp_FG23_Node\AppBuild\ewarm-iar\obj\src_14552146716814908185.dir\sl_iostream.o
#        C:\Users\PHYTEC\Desktop\custom-FG23\MeshApp_FG23_Node\AppBuild\ewarm-iar\obj\src_14552146716814908185.dir\sl_iostream_eusart.o
#        C:\Users\PHYTEC\Desktop\custom-FG23\MeshApp_FG23_Node\AppBuild\ewarm-iar\obj\sl_iostream_init_eusart_instances.o
#        C:\Users\PHYTEC\Desktop\custom-FG23\MeshApp_FG23_Node\AppBuild\ewarm-iar\obj\src_14552146716814908185.dir\sl_iostream_retarget_stdio.o
#        C:\Users\PHYTEC\Desktop\custom-FG23\MeshApp_FG23_Node\AppBuild\ewarm-iar\obj\src_14552146716814908185.dir\sl_iostream_uart.o
#        C:\Users\PHYTEC\Desktop\custom-FG23\MeshApp_FG23_Node\AppBuild\ewarm-iar\obj\src_11161112033672506470.dir\sl_memory.o
#        C:\Users\PHYTEC\Desktop\custom-FG23\MeshApp_FG23_Node\AppBuild\ewarm-iar\obj\src_11659692754380993443.dir\sl_mpu.o
#        C:\Users\PHYTEC\Desktop\custom-FG23\MeshApp_FG23_Node\AppBuild\ewarm-iar\obj\src_16845863010765532355.dir\sl_system_init.o
#        C:\Users\PHYTEC\Desktop\custom-FG23\MeshApp_FG23_Node\AppBuild\ewarm-iar\obj\src_16845863010765532355.dir\sl_system_process_action.o
#        C:\Users\PHYTEC\Desktop\custom-FG23\MeshApp_FG23_Node\AppBuild\ewarm-iar\obj\Source_14930429232095039707.dir\startup_efr32fg23.o
#        C:\Users\PHYTEC\Desktop\custom-FG23\MeshApp_FG23_Node\AppBuild\ewarm-iar\obj\Util_9809783495009140069.dir\sw_timer.o
#        C:\Users\PHYTEC\Desktop\custom-FG23\MeshApp_FG23_Node\AppBuild\ewarm-iar\obj\Source_14930429232095039707.dir\system_efr32fg23.o
#        C:\Users\PHYTEC\Desktop\custom-FG23\MeshApp_FG23_Node\AppBuild\ewarm-iar\obj\Util_9809783495009140069.dir\timer_service.o
#        C:\Users\PHYTEC\Desktop\custom-FG23\MeshApp_FG23_Node\AppBuild\ewarm-iar\obj\HAL_18155169353449485031.dir\uart_hal.o
#        --no_out_extension -o
#        C:\Users\PHYTEC\Desktop\custom-FG23\MeshApp_FG23_Node\AppBuild\ewarm-iar\exe\ProNICApp.out
#        --map
#        C:\Users\PHYTEC\Desktop\custom-FG23\MeshApp_FG23_Node\AppBuild\ewarm-iar\lst\ProNICApp.map
#        --log initialization,modules,sections,veneers --log_file
#        C:\Users\PHYTEC\Desktop\custom-FG23\MeshApp_FG23_Node\AppBuild\ewarm-iar\lst\ProNICApp.log
#        --config
#        C:\Users\PHYTEC\Desktop\custom-FG23\MeshApp_FG23_Node\AppBuild\..\SiliconLabs\autogen\linkerfile.icf
#        --diag_suppress Lp012 --semihosting --entry __iar_program_start
#        --redirect __iar_sh_stdout=__iar_sh_stdout_swo --no_vfe --text_out
#        locale --import_cmse_lib_out
#        C:\Users\PHYTEC\Desktop\custom-FG23\MeshApp_FG23_Node\AppBuild\ewarm-iar\exe\ProNICApp_import_lib.o
#        --cpu=Cortex-M33 --fpu=VFPv5_sp) --dependencies=n
#        C:\Users\PHYTEC\Desktop\custom-FG23\MeshApp_FG23_Node\AppBuild\ewarm-iar\exe\ProNICApp.out.iar_deps
#
###############################################################################

*******************************************************************************
*** RUNTIME MODEL ATTRIBUTES
***

CppFlavor       = *
__CPP_Runtime   = 1
__SystemLibrary = DLib
__dlib_version  = 6


*******************************************************************************
*** HEAP SELECTION
***

The basic heap was selected because --advanced_heap
was not specified and the application did not appear to
be primarily optimized for speed.


*******************************************************************************
*** PLACEMENT SUMMARY
***

define block application with fixed order { ro section .intvec, ro };
define block text_application_ram_init
   with alignment = 8 { ro code section text_application_ram_init };
"application":
       place at start of [from 0x800'0000 to 0x807'dfff] {
          block application, block text_application_ram_init };
define block storage with alignment = 8K { section INTERNAL_STORAGE };
define block nvm with alignment = 8K { section SIMEE };
"storage_regions":
       place at end of [from 0x800'0000 to 0x807'dfff] {
          block storage, block nvm };
define block CSTACK with alignment = 8 { section .stack };
define block HEAP with alignment = 8 { section .heap };
define block application_ram with fixed order { block CSTACK, rw, block HEAP };
"application_ram":
       place in [from 0x2000'0000 to 0x2000'ffff] { block application_ram };
do not initialize { section .noinit, section .stack, section .heap };
initialize by copy { rw };
keep { section .intvec };

No sections matched the following patterns:

  ro code section text_application_ram_init  in block text_application_ram_init
  rw code section text_application_ram       in block text_application_ram
  section INTERNAL_STORAGE                   in block storage


  Section              Kind         Address  Aligment      Size  Object
  -------              ----         -------  --------      ----  ------
"application":                                         0x3'2fd3
  application                    0x800'0000            0x3'2fd3  <Block>
    .intvec            const     0x800'0000       512     0x170  startup_efr32fg23.o [5]
    .rodata            const     0x800'0170         4       0x8  app_mac_security_interface.o [10]
    .rodata            const     0x800'0178         4      0x10  dmadrv.o [17]
    .rodata            const     0x800'0188         4      0x10  dmadrv.o [17]
    .rodata            const     0x800'0198         4       0x4  dmadrv.o [17]
    .rodata            const     0x800'019c         4     0x100  event_manager.o [8]
    .rodata            const     0x800'029c         4       0x8  fan_app_auto.o [7]
    .rodata            const     0x800'02a4         4      0x10  fan_app_auto.o [7]
    .rodata            const     0x800'02b4         4      0x10  fan_app_auto.o [7]
    .rodata            const     0x800'02c4         4      0x10  fan_app_auto.o [7]
    .rodata            const     0x800'02d4         4      0x10  fan_app_auto.o [7]
    .rodata            const     0x800'02e4         4      0x14  fan_app_auto.o [7]
    .rodata            const     0x800'02f8         4      0x14  fan_app_auto.o [7]
    .rodata            const     0x800'030c         4       0x8  fan_app_auto.o [7]
    .rodata            const     0x800'0314         4       0x8  fan_factorycmd.o [7]
    .rodata            const     0x800'031c         4       0x8  fan_factorycmd.o [7]
    .rodata            const     0x800'0324         4       0x8  fan_factorycmd.o [7]
    .rodata            const     0x800'032c         4       0x8  fan_factorycmd.o [7]
    .rodata            const     0x800'0334         4      0x10  hw_tmr.o [3]
    .rodata            const     0x800'0344         4      0x10  hw_tmr.o [3]
    .rodata            const     0x800'0354         4      0x10  hw_tmr.o [3]
    .rodata            const     0x800'0364         4      0x34  k_meter_comm.o [4]
    .rodata            const     0x800'0398         4      0x18  k_meter_comm.o [4]
    .rodata            const     0x800'03b0         4      0x28  k_meter_comm.o [4]
    .rodata            const     0x800'03d8         4      0x28  main.o [1]
    .rodata            const     0x800'0400         4      0x28  main.o [1]
    .rodata            const     0x800'0428         4      0x10  main.o [1]
    .rodata            const     0x800'0438         4      0x18  main.o [1]
    .rodata            const     0x800'0450         4      0x10  main.o [1]
    .rodata            const     0x800'0460         4       0x8  network-manager.o [10]
    .rodata            const     0x800'0468         4      0x1c  network-manager.o [10]
    .rodata            const     0x800'0484         4      0x18  network-manager.o [10]
    .rodata            const     0x800'049c         4       0x8  network-manager.o [10]
    .rodata            const     0x800'04a4         4       0x8  network-manager.o [10]
    .rodata            const     0x800'04ac         4       0x8  network-manager.o [10]
    .rodata            const     0x800'04b4         4       0x8  network-manager.o [10]
    .rodata            const     0x800'04bc         4       0x8  network-manager.o [10]
    .rodata            const     0x800'04c4         4       0x8  network-manager.o [10]
    .rodata            const     0x800'04cc         4       0x8  network-manager.o [10]
    .rodata            const     0x800'04d4         4       0x8  network-manager.o [10]
    .rodata            const     0x800'04dc         4       0x8  network-manager.o [10]
    .rodata            const     0x800'04e4         4       0x8  network-manager.o [10]
    .rodata            const     0x800'04ec         4       0x8  network-manager.o [10]
    .rodata            const     0x800'04f4         4       0x8  network-manager.o [10]
    .rodata            const     0x800'04fc         4       0x8  network-manager.o [10]
    .rodata            const     0x800'0504         4      0x1c  nvm3_hal_flash.o [6]
    .rodata            const     0x800'0520         4       0x4  nvm3_lock.o [6]
    .rodata            const     0x800'0524         4       0x8  sl_device_init_dcdc_s1.o [15]
    .rodata            const     0x800'052c         4      0x28  sl_device_init_hfxo_s1.o [15]
    .rodata            const     0x800'0554         4      0x20  sl_iostream_init_eusart_instances.o [1]
    .rodata            const     0x800'0574         4      0x30  sl_iostream_init_eusart_instances.o [1]
    .rodata            const     0x800'05a4         4       0x8  sl_iostream_init_eusart_instances.o [1]
    .rodata            const     0x800'05ac         4      0x18  sl_iostream_init_eusart_instances.o [1]
    .rodata            const     0x800'05c4         4      0x20  startup_efr32fg23.o [5]
    .rodata            const     0x800'05e4         4      0x10  startup_efr32fg23.o [5]
    .rodata            const     0x800'05f4         4      0x14  startup_efr32fg23.o [5]
    .rodata            const     0x800'0608         4      0x14  startup_efr32fg23.o [5]
    .rodata            const     0x800'061c         4      0x10  startup_efr32fg23.o [5]
    .rodata            const     0x800'062c         4      0x10  startup_efr32fg23.o [5]
    .rodata            const     0x800'063c         4      0x10  startup_efr32fg23.o [5]
    .rodata            const     0x800'064c         4      0x10  startup_efr32fg23.o [5]
    .rodata            const     0x800'065c         4      0x10  startup_efr32fg23.o [5]
    .rodata            const     0x800'066c         4      0x10  startup_efr32fg23.o [5]
    .rodata            const     0x800'067c         4      0x10  startup_efr32fg23.o [5]
    .rodata            const     0x800'068c         4      0x10  startup_efr32fg23.o [5]
    .rodata            const     0x800'069c         4      0x10  startup_efr32fg23.o [5]
    .rodata            const     0x800'06ac         4      0x10  startup_efr32fg23.o [5]
    .rodata            const     0x800'06bc         4      0x1c  uart_hal.o [3]
    .rodata            const     0x800'06d8         4      0x88  mac_interface_layer.o [20]
    .rodata            const     0x800'0760         4       0xc  sicslowpan.o [22]
    .rodata            const     0x800'076c         4       0x4  sicslowpan.o [22]
    .rodata            const     0x800'0770         4       0x4  sicslowpan.o [22]
    .rodata            const     0x800'0774         4       0x4  sicslowpan.o [22]
    .rodata            const     0x800'0778         4       0x4  sicslowpan.o [22]
    .rodata            const     0x800'077c         4       0xc  sicslowpan.o [22]
    .rodata            const     0x800'0788         4     0x200  plme.o [19]
    .rodata            const     0x800'0988         4      0x50  trx_access.o [19]
    .rodata            const     0x800'09d8         4      0x18  uip-ds6-nbr.o [22]
    .rodata            const     0x800'09f0         4     0x228  mac_pib.o [20]
    .rodata            const     0x800'0c18         4     0x4e0  mac_pib.o [20]
    .rodata            const     0x800'10f8         4      0x54  mac_pib.o [20]
    .rodata            const     0x800'114c         4       0x4  rpl-dag.o [22]
    .rodata            const     0x800'1150         4       0x8  linkaddr.o [22]
    .rodata            const     0x800'1158         4      0x14  rpl-dag-root.o [22]
    .rodata            const     0x800'116c         4      0x18  rpl-dag-root.o [22]
    .rodata            const     0x800'1184         4      0x14  l2_l3_interface.o [22]
    .rodata            const     0x800'1198         4      0x1c  l2_l3_interface.o [22]
    .rodata            const     0x800'11b4         4      0x48  mac_downlink.o [20]
    .rodata            const     0x800'11fc         4       0x8  roll-tm.o [22]
    .rodata            const     0x800'1204         4       0x8  roll-tm.o [22]
    .rodata            const     0x800'120c         4       0x8  roll-tm.o [22]
    .rodata            const     0x800'1214         4      0x10  roll-tm.o [22]
    .rodata            const     0x800'1224         4      0x50  rail_singleprotocol.o [25]
    .rodata            const     0x800'1274         4       0xc  rail_rf.o [25]
    .rodata            const     0x800'1280         4      0x18  rail_config.o [19]
    .rodata            const     0x800'1298         4       0xc  rail_config.o [19]
    .rodata            const     0x800'12a4         4       0xc  rail_config.o [19]
    .rodata            const     0x800'12b0         4       0xc  rail_config.o [19]
    .rodata            const     0x800'12bc         4      0x24  rail_config.o [19]
    .rodata            const     0x800'12e0         4       0x8  rail_config.o [19]
    .rodata            const     0x800'12e8         4       0x8  rail_config.o [19]
    .rodata            const     0x800'12f0         4       0x8  rail_config.o [19]
    .rodata            const     0x800'12f8         4      0x50  rail_config.o [19]
    .rodata            const     0x800'1348         4      0x50  rail_config.o [19]
    .rodata            const     0x800'1398         4      0x50  rail_config.o [19]
    .rodata            const     0x800'13e8         4     0x4dc  rail_config.o [19]
    .rodata            const     0x800'18c4         4     0x4dc  rail_config.o [19]
    .rodata            const     0x800'1da0         4     0x4dc  rail_config.o [19]
    .rodata            const     0x800'227c         4      0x24  rail_config.o [19]
    .rodata            const     0x800'22a0         4      0x24  rail_config.o [19]
    .rodata            const     0x800'22c4         4      0x24  rail_config.o [19]
    .rodata            const     0x800'22e8         4      0x18  rail_config.o [19]
    .rodata            const     0x800'2300         4      0x18  rail_config.o [19]
    .rodata            const     0x800'2318         4      0x18  rail_config.o [19]
    .rodata            const     0x800'2330         4      0x10  uip-debug.o [22]
    .rodata            const     0x800'2340         4      0x14  uip-debug.o [22]
    .rodata            const     0x800'2354         4      0x4c  pa_curves_efr32.o [19]
    .rodata            const     0x800'23a0         4      0x4c  pa_curves_efr32.o [19]
    .rodata            const     0x800'23ec         4      0x4c  pa_curves_efr32.o [19]
    .rodata            const     0x800'2438         4      0x4c  pa_curves_efr32.o [19]
    .rodata            const     0x800'2484         4      0x28  pa_curves_efr32.o [19]
    .rodata            const     0x800'24ac         4     0x100  p3_aes.o [20]
    .rodata            const     0x800'25ac         4     0x180  rail_rf_hal.o [25]
    .rodata            const     0x800'272c         4      0x2c  rfhal_radio.o [25]
    .rodata            const     0x800'2758         4    0x31dc  generic_efr32xg23_release_seq.o [25]
    .rodata            const     0x800'5934         4       0x4  generic_efr32xg23_release_seq.o [25]
    .rodata            const     0x800'5938         4      0x18  generic_efr32xg23_release_seq.o [25]
    .rodata            const     0x800'5950         4      0x18  generic_efr32xg23_release_seq.o [25]
    .rodata            const     0x800'5968         4      0x18  generic_efr32xg23_release_seq.o [25]
    .rodata            const     0x800'5980         4      0x18  generic_efr32xg23_release_seq.o [25]
    .text              ro code   0x800'5998         4     0x254  app_init.o [1]
    .text              ro code   0x800'5bec         4     0x2b8  em_gpio.o [16]
    .text              ro code   0x800'5ea4         2       0x8  em_core.o [16]
    .text              ro code   0x800'5eac         2       0x8  em_core.o [16]
    .text              ro code   0x800'5eb4         4      0x3c  app_log.o [2]
    .text              ro code   0x800'5ef0         4      0xcc  sl_iostream.o [13]
    .text              ro code   0x800'5fbc         4      0x1c  vprintf.o [23]
    .text              ro code   0x800'5fd8         4     0xea6  xprintffull_nomb.o [23]
    .rodata            const     0x800'6e7e         2       0x2  sicslowpan.o [22]
    .text              ro code   0x800'6e80         4      0x16  strchr.o [27]
    .rodata            const     0x800'6e96         2       0x2  sicslowpan.o [22]
    .text              ro code   0x800'6e98         4      0x40  xfail_s.o [23]
    .text              ro code   0x800'6ed8         4      0x36  strlen.o [27]
    .rodata            const     0x800'6f0e         2       0x2  sicslowpan.o [22]
    .text              ro code   0x800'6f10         4      0x58  memchr.o [27]
    .text              ro code   0x800'6f68         4      0x76  ABImemcpy_unaligned.o [27]
    .text              ro code   0x800'6fde         2      0x7e  lz77_init_single.o [27]
    .text              ro code   0x800'705c         4      0x70  frexp.o [26]
    .text              ro code   0x800'70cc         4      0x34  DblCmpLe.o [26]
    .text              ro code   0x800'7100         4      0x34  DblCmpGe.o [26]
    .text              ro code   0x800'7134         4     0x13a  ldexp.o [26]
    .rodata            const     0x800'726e                 0x1  nvm3_lock.o [6]
    .text              ro code   0x800'7270         4      0x36  DblToS32.o [26]
    .text              ro code   0x800'72a8         4      0x22  S32ToDbl.o [26]
    .text              ro code   0x800'72cc         4     0x25e  DblAddSub.o [26]
    .text              ro code   0x800'752c         4     0x246  DblDiv.o [26]
    .text              ro code   0x800'7774         4      0x22  DblToU32.o [26]
    .text              ro code   0x800'7798         4      0x1c  U32ToDbl.o [26]
    .text              ro code   0x800'77b4         4     0x1aa  DblMul.o [26]
    .text              ro code   0x800'7960         4     0x230  I64DivMod.o [27]
    .text              ro code   0x800'7b90         2       0x6  abort.o [23]
    .text              ro code   0x800'7b98         4       0x2  I64DivZer.o [27]
    .text              ro code   0x800'7b9c         4      0x14  exit.o [28]
    .text              ro code   0x800'7bb0         4     0x15a  app_mac_security_interface.o [10]
    .text              ro code   0x800'7d0c         4     0x9c8  mac_interface_layer.o [20]
    .text              ro code   0x800'86d4         4      0x66  ABImemset.o [27]
    .text              ro code   0x800'873a         2      0x24  macutils.o [20]
    .text              ro code   0x800'8760         4     0xaa4  mac_security.o [20]
    .text              ro code   0x800'9204         2     0x1ea  queue_latest.o [8]
    .text              ro code   0x800'93f0         4     0x19c  phy.o [19]
    .text              ro code   0x800'958c         4     0xec4  mac_if.o [20]
    .text              ro code   0x800'a450         4     0x1e8  timer_service.o [8]
    .text              ro code   0x800'a638         4      0xa4  event_manager.o [8]
    .text              ro code   0x800'a6dc         4     0x77c  macproc.o [20]
    .text              ro code   0x800'ae58         4     0x59c  mac_rcv.o [20]
    .text              ro code   0x800'b3f4         4     0xc04  network-manager.o [10]
    .text              ro code   0x800'bff8         4     0xfd4  mac_downlink.o [20]
    .text              ro code   0x800'cfcc         4      0x38  buffer_service.o [8]
    .text              ro code   0x800'd004         4      0x3a  ABImemset48.o [27]
    .text              ro code   0x800'd040         4      0x62  memcmp_unaligned.o [27]
    .text              ro code   0x800'd0a4         4     0x314  p3_ccmstar.o [20]
    .text              ro code   0x800'd3b8         4     0x2d8  sha256.o [20]
    .text              ro code   0x800'd690         4     0x830  trx_access.o [19]
    .text              ro code   0x800'dec0         4     0x492  plme.o [19]
    .text              ro code   0x800'e354         4     0x8d0  mac_pib.o [20]
    .text              ro code   0x800'ec24         4      0xd0  mac_queue_manager.o [20]
    .text              ro code   0x800'ecf4         4     0xc60  trxsm.o [20]
    .text              ro code   0x800'f954         4     0x7c0  mac_uplink.o [20]
    .text              ro code   0x801'0114         4    0x1040  mac_frame_build.o [20]
    .text              ro code   0x801'1154         4     0x17a  mac_mem.o [20]
    .text              ro code   0x801'12d0         4     0x32c  fan_sm.o [20]
    .text              ro code   0x801'15fc         4      0x78  mac_timer.o [20]
    .text              ro code   0x801'1674         4     0x9c4  mac_nbr_manager.o [20]
    .text              ro code   0x801'2038         4     0x2d8  pa_tmr.o [20]
    .text              ro code   0x801'2310         4     0x284  pas_tmr.o [20]
    .text              ro code   0x801'2594         4     0x2a4  pcs_tmr.o [20]
    .text              ro code   0x801'2838         4     0x320  pc_tmr.o [20]
    .text              ro code   0x801'2b58         4     0x2d4  sw_timer.o [8]
    .text              ro code   0x801'2e2c         2      0xae  list_latest.o [8]
    .text              ro code   0x801'2eda         2       0x4  rail_timer_interface.o [20]
    .text              ro code   0x801'2ee0         4      0x5c  contiki_mac_interface.o [20]
    .text              ro code   0x801'2f3c         4     0x508  mac_frame_parse.o [20]
    .text              ro code   0x801'3444         4     0x704  fan_factorycmd.o [7]
    .text              ro code   0x801'3b48         4    0x149a  ie_manager.o [20]
    .text              ro code   0x801'4fe4         4     0x55c  l2_l3_interface.o [22]
    .text              ro code   0x801'5540         4     0x55e  hw_tmr.o [3]
    .text              ro code   0x801'5aa0         4     0x510  main.o [1]
    .text              ro code   0x801'5fb0         2       0x2  app_log.o [2]
    .text              ro code   0x801'5fb4         4     0x1dc  fan_app_test_harness.o [7]
    .text              ro code   0x801'6190         4     0x268  buff_mgmt.o [8]
    .text              ro code   0x801'63f8         4     0x1cc  p3_aes.o [20]
    .text              ro code   0x801'65c4         4     0x298  pd.o [19]
    .text              ro code   0x801'685c         4     0x1b8  rail_singleprotocol.o [25]
    .text              ro code   0x801'6a14         2      0x96  rail_data.o [25]
    .text              ro code   0x801'6aac         4     0x484  rail_rf.o [25]
    .text              ro code   0x801'6f30         4      0x5c  rail_calibration.o [25]
    .text              ro code   0x801'6f8c         4     0x15a  rail_tx.o [25]
    .text              ro code   0x801'70e8         4      0x28  printf.o [23]
    .text              ro code   0x801'7110         4      0xa0  rand.o [23]
    .text              ro code   0x801'71b0         4       0x6  ABImemclr4.o [27]
    .text              ro code   0x801'71b6         2      0xcc  l3_timer_utility.o [22]
    .text              ro code   0x801'7284         4     0xca8  uip-ds6-nbr.o [22]
    .text              ro code   0x801'7f2c         4      0x48  U64ToFlt.o [26]
    .text              ro code   0x801'7f74         4      0x48  FltToDbl.o [26]
    .text              ro code   0x801'7fbc         4      0x66  ceil.o [26]
    .text              ro code   0x801'8022         2      0xd6  rail_timer.o [25]
    .text              ro code   0x801'80f8         2      0x44  l3_process_interface.o [22]
    .text              ro code   0x801'813c         4     0x1b0  packetbuf.o [22]
    .text              ro code   0x801'82ec         4     0x3e8  uip-ds6-route.o [22]
    .text              ro code   0x801'86d4         4    0x132c  rpl-dag.o [22]
    .text              ro code   0x801'9a00         4     0x3b4  AppUDPprocess.o [7]
    .text              ro code   0x801'9db4         4     0x380  link-stats.o [22]
    .text              ro code   0x801'a134         4      0x22  I64Shl.o [27]
    .text              ro code   0x801'a158         4      0x68  clock.o [3]
    .text              ro code   0x801'a1c0         4    0x155c  em_cmu.o [16]
    .text              ro code   0x801'b71c         4     0x2ae  em_timer.o [16]
    .text              ro code   0x801'b9cc         4      0x10  netstack.o [22]
    .text              ro code   0x801'b9dc         4     0x100  queuebuf.o [22]
    .text              ro code   0x801'badc         4     0x4dc  tcpip.o [22]
    .text              ro code   0x801'bfb8         4     0x370  rpl-dag-root.o [22]
    .text              ro code   0x801'c328         2      0x1c  sl_system_init.o [14]
    .text              ro code   0x801'c344         4      0xa0  sl_iostream_init_eusart_instances.o [1]
    .text              ro code   0x801'c3e4         4      0x1c  em_rmu.o [16]
    .text              ro code   0x801'c400         4      0x18  nvm3_default_common_linker.o [6]
    .text              ro code   0x801'c418         4    0x18e0  nvm3.o [24]
    .text              ro code   0x801'dcf8         4     0x1f4  process.o [21]
    .text              ro code   0x801'deec         4     0x148  ctimer.o [21]
    .text              ro code   0x801'e034         4     0x3b4  fan_app_auto.o [7]
    .text              ro code   0x801'e3e8         4     0x3c8  k_meter_comm.o [4]
    .text              ro code   0x801'e7b0         2      0x14  sl_system_process_action.o [14]
    .text              ro code   0x801'e7c4         2     0x134  em_wdog.o [16]
    .text              ro code   0x801'e8f8         4     0x9e4  rpl-timers.o [22]
    .text              ro code   0x801'f2dc         4      0xa8  rfhal_rac.o [25]
    .text              ro code   0x801'f384         4    0x1af0  rail_rf_hal.o [25]
    .text              ro code   0x802'0e74         2      0x22  rail_rx.o [25]
    .text              ro code   0x802'0e96         2       0xa  rail_config.o [19]
    .text              ro code   0x802'0ea0         4      0x2e  rfhal_module.o [25]
    .text              ro code   0x802'0ed0         4      0x20  rail_assert.o [25]
    .text              ro code   0x802'0ef0         4     0x1a4  rfhal_signing.o [25]
    .text              ro code   0x802'1094         4     0x6bc  rfhal_radio.o [25]
    .text              ro code   0x802'1750         4     0x284  pa_conversions_efr32.o [19]
    .text              ro code   0x802'19d4         4       0x6  rail_zwave_rf_hal.o [25]
    .text              ro code   0x802'19dc         4     0x182  rfhal_rftest.o [25]
    .text              ro code   0x802'1b60         4     0x660  rfhal_pa.o [25]
    .text              ro code   0x802'21c0         2      0x2c  stimer.o [21]
    .text              ro code   0x802'21ec         4     0x1b8  etimer.o [21]
    .text              ro code   0x802'23a4         2      0x80  timer.o [21]
    .text              ro code   0x802'2424         4     0x46c  nbr-table.o [22]
    .text              ro code   0x802'2890         4     0x8b4  uip-ds6.o [22]
    .text              ro code   0x802'3144         4      0xa6  uip-packetqueue.o [22]
    .text              ro code   0x802'31ec         4     0x120  rpl.o [22]
    .text              ro code   0x802'330c         4      0x3a  linkaddr.o [22]
    .text              ro code   0x802'3348         4     0xbe0  uip-nd6.o [22]
    .text              ro code   0x802'3f28         4     0x528  fan_api.o [7]
    .text              ro code   0x802'4450         4      0x14  wisun_l3_modified.o [22]
    .text              ro code   0x802'4464         4      0x68  floor.o [26]
    .text              ro code   0x802'44cc         4     0x6a0  rfhal_protimer.o [25]
    .text              ro code   0x802'4b6c         4     0x2ee  tmrdrv.o [25]
    .text              ro code   0x802'4e5a         2       0xc  em_core.o [16]
    .text              ro code   0x802'4e66         2       0x6  em_core.o [16]
    .text              ro code   0x802'4e6c         2      0x60  l3_list_utility.o [22]
    .text              ro code   0x802'4ecc         2      0x46  l3_memb_utility.o [22]
    .text              ro code   0x802'4f14         4      0xbc  uip-debug.o [22]
    .text              ro code   0x802'4fd0         4     0xe18  rpl-ext-header.o [22]
    .text              ro code   0x802'5de8         4    0x13a4  rpl-icmp6.o [22]
    .text              ro code   0x802'718c         4     0x1bc  simple-udp.o [22]
    .text              ro code   0x802'7348         4     0x1c0  uart_hal.o [3]
    .text              ro code   0x802'7508         4     0x20c  system_efr32fg23.o [5]
    .text              ro code   0x802'7714         4     0x340  em_emu.o [16]
    .text              ro code   0x802'7a54         4     0xa50  uip6.o [22]
    .text              ro code   0x802'84a4         4     0x3f0  AppPING6Process.o [7]
    .text              ro code   0x802'8894         4      0xea  sl_event_handler.o [9]
    .text              ro code   0x802'8980         4      0x44  em_msc.o [16]
    .text              ro code   0x802'89c4         4     0x3e0  sl_iostream_eusart.o [13]
    .text              ro code   0x802'8da4         4     0x242  nvm3_page.o [24]
    .text              ro code   0x802'8fe8         4     0x1ba  nvm3_object.o [24]
    .text              ro code   0x802'91a4         4     0x284  nvm3_cache.o [24]
    .text              ro code   0x802'9428         2      0x3e  nvm3_utils.o [24]
    .text              ro code   0x802'9468         4      0x10  nvm3_lock.o [6]
    .text              ro code   0x802'9478         4      0x10  nvm3_lock.o [6]
    .text              ro code   0x802'9488         2      0x14  nvm3_lock.o [6]
    .text              ro code   0x802'949c         2      0xb2  list.o [21]
    .text              ro code   0x802'954e         2       0xe  k_data_buffer.o [4]
    .text              ro code   0x802'955c         2       0x8  l3_random_utility.o [22]
    .text              ro code   0x802'9564         4     0x30c  rfhal_timings.o [25]
    .text              ro code   0x802'9870         4    0x13fc  generic_phy.o [25]
    .text              ro code   0x802'ac6c         4      0x2c  rail_data.o [25]
    .text              ro code   0x802'ac98         4     0x69c  rfhal_bufc.o [25]
    .text              ro code   0x802'b334         4     0x780  rfhal_synth.o [25]
    .text              ro code   0x802'bab4         4      0x48  rail_ieee802154_rf_hal.o [25]
    .text              ro code   0x802'bafc         4      0xb8  rail_mfm_rf_hal.o [25]
    .text              ro code   0x802'bbb4         4      0x58  rfhal_antenna.o [25]
    .text              ro code   0x802'bc0c         4      0x88  rfhal_ircal.o [25]
    .text              ro code   0x802'bc94         4     0x828  rfhal_rfeca.o [25]
    .text              ro code   0x802'c4bc         4     0x21c  rfhal_pti.o [25]
    .text              ro code   0x802'c6d8         2      0x1a  sl_rail_util_callbacks.o [19]
    .text              ro code   0x802'c6f4         4      0x50  em_system.o [16]
    .text              ro code   0x802'c744         4       0x6  ABImemclr.o [27]
    .text              ro code   0x802'c74c         4      0x54  seq_globals.o [25]
    .text              ro code   0x802'c7a0         4     0x208  rpl-ns.o [22]
    .text              ro code   0x802'c9a8         4     0x600  uip-icmp6.o [22]
    .text              ro code   0x802'cfa8         4      0x28  tmrdrv_config.o [25]
    .text              ro code   0x802'cfd0         2      0xb4  memb.o [21]
    .text              ro code   0x802'd084         4      0x78  ABImemmove_unaligned.o [27]
    .text              ro code   0x802'd0fc         4      0xc0  uip-udp-packet.o [22]
    .text              ro code   0x802'd1bc         4     0x252  em_usart.o [16]
    .text              ro code   0x802'd40e         2       0x2  em_emu.o [16]
    .text              ro code   0x802'd410         4    0x23d8  sicslowpan.o [22]
    .text              ro code   0x802'f7e8         4      0x54  sl_device_init_nvic.o [15]
    .text              ro code   0x802'f83c         4      0x1c  sl_device_init_dcdc_s1.o [15]
    .text              ro code   0x802'f858         4      0xa4  sl_device_init_hfxo_s1.o [15]
    .text              ro code   0x802'f8fc         4      0xa0  sl_device_init_clocks.o [9]
    .text              ro code   0x802'f99c         4      0x2c  sl_device_init_emu_s1.o [15]
    .text              ro code   0x802'f9c8         4     0x22c  sl_mpu.o [12]
    .text              ro code   0x802'fbf4         4      0x34  sl_rail_util_pti.o [19]
    .text              ro code   0x802'fc28         2       0xc  sl_rail_util_rssi.o [19]
    .text              ro code   0x802'fc34         4     0x680  sl_iostream_uart.o [13]
    .text              ro code   0x803'02b4         4     0x752  em_eusart.o [16]
    .text              ro code   0x803'0a06         2       0xa  random.o [21]
    .text              ro code   0x803'0a10         4      0x24  rfhal_rand.o [25]
    .text              ro code   0x803'0a34         4      0x10  generic_phy.o [25]
    .text              ro code   0x803'0a44         4      0x1e  U64Shr.o [27]
    .text              ro code   0x803'0a62         2       0x2  sl_rail_util_callbacks.o [19]
    .text              ro code   0x803'0a64         4       0x2  rfhal_tempcal.o [25]
    .text              ro code   0x803'0a66         2       0x8  sl_mpu.o [12]
    .text              ro code   0x803'0a6e         2       0x6  rail_pti.o [25]
    .text              ro code   0x803'0a74         2       0xc  rail_rssi.o [25]
    .text              ro code   0x803'0a80         4     0x51c  dmadrv.o [17]
    .text              ro code   0x803'0f9c         4     0x384  em_ldma.o [16]
    Veneer             ro code   0x803'1320         4       0x8  - Linker created -
    Veneer             ro code   0x803'1328         4       0x8  - Linker created -
    .text              ro code   0x803'1330         4     0x150  nvm3_hal_flash.o [6]
    .text              ro code   0x803'1480         4      0xe4  startup_efr32fg23.o [5]
    .text              ro code   0x803'1564         4      0x1c  cstartup_M.o [27]
    .text              ro code   0x803'1580         4      0x22  fpinit_M.o [26]
    .text              ro code   0x803'15a4         4      0x1e  cmain.o [27]
    .text              ro code   0x803'15c2         2       0x4  low_level_init.o [23]
    .text              ro code   0x803'15c8         4      0x2a  data_init.o [27]
    .text              ro code   0x803'15f2         2       0x4  exit.o [23]
    .text              ro code   0x803'15f8         4       0xa  cexit.o [27]
    .text              ro code   0x803'1604         4    0x1028  roll-tm.o [22]
    .text              ro code   0x803'262c         4       0x8  rail_power_manager.o [25]
    .text              ro code   0x803'2634         4      0x1c  rfhal_rtccsync.o [25]
    .text              ro code   0x803'2650         4       0x6  rfhal_thermistor.o [25]
    .text              ro code   0x803'2656         2      0x58  sl_iostream_retarget_stdio.o [13]
    .text              ro code   0x803'26ae         2     0x222  rpl-mrhof.o [22]
    .text              ro code   0x803'28d0         2      0x16  xprout.o [23]
    .text              ro code   0x803'28e6         2      0x20  putchar.o [23]
    .text              ro code   0x803'2906         2      0x38  zero_init3.o [27]
    .iar.init_table    const     0x803'2940         4      0x38  - Linker created -
    .rodata            const     0x803'2978                 0x0  zero_init3.o [27]
    .rodata            const     0x803'2978                 0x0  lz77_init_single.o [27]
    Initializer bytes  const     0x803'2978               0x497  <for rw-1>
    Initializer bytes  const     0x803'2e0f               0x1c4  <for .textrw-1>
                               - 0x803'2fd3            0x3'2fd3

"storage_regions":                                       0xa000
  storage                        0x807'4000      8192       0x0  <Block>
  nvm                            0x807'4000      8192    0xa000  <Block>
    SIMEE              zero      0x807'4000         4    0xa000  nvm3_default_common_linker.o [6]
                               - 0x807'e000              0xa000

"application_ram":                                       0xf530
  application_ram               0x2000'0000              0xf530  <Block>
    CSTACK                      0x2000'0000         8     0x800  <Block>
      .stack           uninit   0x2000'0000         4     0x800  sl_memory.o [11]
    .textrw                     0x2000'0800               0x214  <Block>
      .textrw-1                 0x2000'0800               0x214  <Init block>
        .textrw        inited   0x2000'0800         4     0x214  em_msc.o [16]
    rw-1                        0x2000'0a18               0x8a4  <Init block>
      .data            inited   0x2000'0a18         8      0x18  etimer.o [21]
      .data            inited   0x2000'0a30         4       0xc  AppPING6Process.o [7]
      .data            inited   0x2000'0a3c         4       0xc  AppUDPprocess.o [7]
      .data            inited   0x2000'0a48         4      0x3c  buffer_service.o [8]
      .data            inited   0x2000'0a84         4       0x8  fan_app_test_harness.o [7]
      .data            inited   0x2000'0a8c         4      0x40  hw_tmr.o [3]
      .data            inited   0x2000'0acc         4       0x4  main.o [1]
      .data            inited   0x2000'0ad0         4      0x78  network-manager.o [10]
      .data            inited   0x2000'0b48         4       0x8  network-manager.o [10]
      .data            inited   0x2000'0b50         4       0x4  nvm3_default_common_linker.o [6]
      .data            inited   0x2000'0b54         4      0x1c  nvm3_default_common_linker.o [6]
      .data            inited   0x2000'0b70         4       0x4  nvm3_default_common_linker.o [6]
      .data            inited   0x2000'0b74         4       0x4  system_efr32fg23.o [5]
      .data            inited   0x2000'0b78         4       0x4  system_efr32fg23.o [5]
      .data            inited   0x2000'0b7c         4       0x4  system_efr32fg23.o [5]
      .data            inited   0x2000'0b80         4       0x4  system_efr32fg23.o [5]
      .data            inited   0x2000'0b84         4       0x4  uart_hal.o [3]
      .data            inited   0x2000'0b88         4       0xc  tcpip.o [22]
      .data            inited   0x2000'0b94         4       0x4  uip-icmp6.o [22]
      .data            inited   0x2000'0b98         4       0x4  uip-icmp6.o [22]
      .data            inited   0x2000'0b9c         4       0xc  uip-icmp6.o [22]
      .data            inited   0x2000'0ba8         4       0xc  uip-icmp6.o [22]
      .data            inited   0x2000'0bb4         4       0xc  rpl-icmp6.o [22]
      .data            inited   0x2000'0bc0         4       0xc  rpl-icmp6.o [22]
      .data            inited   0x2000'0bcc         4       0xc  rpl-icmp6.o [22]
      .data            inited   0x2000'0bd8         4       0xc  rpl-icmp6.o [22]
      .data            inited   0x2000'0be4         4       0xc  simple-udp.o [22]
      .data            inited   0x2000'0bf0         4       0xc  contiki_mac_interface.o [20]
      .data            inited   0x2000'0bfc         4     0x1b0  plme.o [19]
      .data            inited   0x2000'0dac         4     0x174  trx_access.o [19]
      .data            inited   0x2000'0f20         4      0x10  uip-ds6-nbr.o [22]
      .data            inited   0x2000'0f30         4       0x4  uip-ds6-nbr.o [22]
      .data            inited   0x2000'0f34         4       0x4  rpl-ns.o [22]
      .data            inited   0x2000'0f38         4       0xc  rpl-ns.o [22]
      .data            inited   0x2000'0f44         4      0x14  pd.o [19]
      .data            inited   0x2000'0f58         4      0x10  link-stats.o [22]
      .data            inited   0x2000'0f68         4       0x4  link-stats.o [22]
      .data            inited   0x2000'0f6c         4      0x10  rpl-dag.o [22]
      .data            inited   0x2000'0f7c         4       0x4  rpl-dag.o [22]
      .data            inited   0x2000'0f80         4      0x14  ctimer.o [21]
      .data            inited   0x2000'0f94         4       0xc  queuebuf.o [22]
      .data            inited   0x2000'0fa0         4       0xc  queuebuf.o [22]
      .data            inited   0x2000'0fac         4       0x8  pa_conversions_efr32.o [19]
      .data            inited   0x2000'0fb4         4     0x100  sha256.o [20]
      .data            inited   0x2000'10b4         4       0x4  packetbuf.o [22]
      .data            inited   0x2000'10b8         4       0xc  uip-nd6.o [22]
      .data            inited   0x2000'10c4         4       0xc  uip-nd6.o [22]
      .data            inited   0x2000'10d0         4      0x10  uip-ds6-route.o [22]
      .data            inited   0x2000'10e0         4       0x4  uip-ds6-route.o [22]
      .data            inited   0x2000'10e4         4       0xc  uip-ds6-route.o [22]
      .data            inited   0x2000'10f0         4       0x4  uip-ds6-route.o [22]
      .data            inited   0x2000'10f4         4       0xc  uip-ds6-route.o [22]
      .data            inited   0x2000'1100         4       0x4  uip-ds6-route.o [22]
      .data            inited   0x2000'1104         4       0xc  uip-ds6-route.o [22]
      .data            inited   0x2000'1110         4       0x4  uip-ds6-route.o [22]
      .data            inited   0x2000'1114         4       0xc  uip-packetqueue.o [22]
      .data            inited   0x2000'1120         4       0xc  roll-tm.o [22]
      .data            inited   0x2000'112c         4      0x1c  rail_singleprotocol.o [25]
      .data            inited   0x2000'1148         4       0x4  rail_rf.o [25]
      .data            inited   0x2000'114c         4      0x10  rail_rf.o [25]
      .data            inited   0x2000'115c         4       0x8  rail_config.o [19]
      .data            inited   0x2000'1164         4       0x8  rail_config.o [19]
      .data            inited   0x2000'116c         4       0x8  rail_config.o [19]
      .data            inited   0x2000'1174         4      0x10  rail_config.o [19]
      .data            inited   0x2000'1184         4       0xc  nbr-table.o [22]
      .data            inited   0x2000'1190         4       0x4  nbr-table.o [22]
      .data            inited   0x2000'1194         4      0x28  rpl-mrhof.o [22]
      .data            inited   0x2000'11bc         4      0x58  rail_power_manager.o [25]
      .data            inited   0x2000'1214         4      0x1c  rail_rf_hal.o [25]
      .data            inited   0x2000'1230         4       0xc  rail_rf_hal.o [25]
      .data            inited   0x2000'123c         4      0x10  rfhal_radio.o [25]
      .data            inited   0x2000'124c         4       0x8  rfhal_radio.o [25]
      .data            inited   0x2000'1254         4      0x1c  rfhal_pa.o [25]
      .data            inited   0x2000'1270         4       0xc  rail_assert.o [25]
      .data            inited   0x2000'127c         4       0x4  generic_efr32xg23_release_seq.o [25]
      .data            inited   0x2000'1280         4      0x20  rfhal_thermistor.o [25]
      .data            inited   0x2000'12a0         4       0x8  rand.o [23]
      .data            inited   0x2000'12a8         2       0x2  em_cmu.o [16]
      .data            inited   0x2000'12aa         2       0x2  sicslowpan.o [22]
      .data            inited   0x2000'12ac         2       0x2  sicslowpan.o [22]
      .data            inited   0x2000'12ae         2       0x2  rail_rf_hal.o [25]
      .data            inited   0x2000'12b0                 0x1  app_log.o [2]
      .data            inited   0x2000'12b1                 0x1  app_log.o [2]
      .data            inited   0x2000'12b2                 0x1  app_log.o [2]
      .data            inited   0x2000'12b3                 0x1  em_cmu.o [16]
      .data            inited   0x2000'12b4                 0x1  tcpip.o [22]
      .data            inited   0x2000'12b5                 0x1  uip-icmp6.o [22]
      .data            inited   0x2000'12b6                 0x1  uip-icmp6.o [22]
      .data            inited   0x2000'12b7                 0x1  uip-ds6-nbr.o [22]
      .data            inited   0x2000'12b8                 0x1  rpl-dag.o [22]
      .data            inited   0x2000'12b9                 0x1  rpl-dag.o [22]
      .data            inited   0x2000'12ba                 0x2  pa_tmr.o [20]
    .bss               zero     0x2000'12c0         8      0x18  AppPING6Process.o [7]
    .bss               zero     0x2000'12d8         8      0x30  AppUDPprocess.o [7]
    .bss               zero     0x2000'1308         8       0x8  clock.o [3]
    .bss               zero     0x2000'1310         8       0x8  clock.o [3]
    .bss               zero     0x2000'1318         8      0x30  k_meter_comm.o [4]
    .bss               zero     0x2000'1348         8     0x270  network-manager.o [10]
    .bss               zero     0x2000'15b8         8      0x50  nvm3_default_common_linker.o [6]
    .bss               zero     0x2000'1608         8      0x30  sicslowpan.o [22]
    .bss               zero     0x2000'1638         8      0x18  uip-ds6.o [22]
    .bss               zero     0x2000'1650         8      0x40  trx_access.o [19]
    .bss               zero     0x2000'1690         8      0xc0  mac_if.o [20]
    .bss               zero     0x2000'1750         8      0x4c  pc_tmr.o [20]
    .bss               zero     0x2000'179c         4       0x4  app_log.o [2]
    .bss               zero     0x2000'17a0         8     0x188  link-stats.o [22]
    .bss               zero     0x2000'1928         8      0x30  link-stats.o [22]
    .bss               zero     0x2000'1958         8     0x1e8  rpl-dag.o [22]
    .bss               zero     0x2000'1b40         8      0x4c  pa_tmr.o [20]
    .bss               zero     0x2000'1b8c         4       0x4  AppPING6Process.o [7]
    .bss               zero     0x2000'1b90         8      0x30  rpl-timers.o [22]
    .bss               zero     0x2000'1bc0         8      0x30  rpl-timers.o [22]
    .bss               zero     0x2000'1bf0         8      0x30  rpl-timers.o [22]
    .bss               zero     0x2000'1c20         8      0x30  rpl-dag-root.o [22]
    .bss               zero     0x2000'1c50         8      0x30  l2_l3_interface.o [22]
    .bss               zero     0x2000'1c80         8      0x30  l2_l3_interface.o [22]
    .bss               zero     0x2000'1cb0         8      0x90  uip-packetqueue.o [22]
    .bss               zero     0x2000'1d40         8      0xc0  roll-tm.o [22]
    .bss               zero     0x2000'1e00         8     0x198  rail_rf.o [25]
    .bss               zero     0x2000'1f98         8      0x4c  pas_tmr.o [20]
    .bss               zero     0x2000'1fe4         4      0x24  AppUDPprocess.o [7]
    .bss               zero     0x2000'2008         8      0x4c  pcs_tmr.o [20]
    .bss               zero     0x2000'2054         4      0x24  AppUDPprocess.o [7]
    .bss               zero     0x2000'2078         8      0x30  mac_timer.o [20]
    .bss               zero     0x2000'20a8         8      0x30  mac_timer.o [20]
    .bss               zero     0x2000'20d8         8      0x30  mac_timer.o [20]
    .bss               zero     0x2000'2108         8      0x30  mac_timer.o [20]
    .bss               zero     0x2000'2138         8      0x28  trxsm.o [20]
    .bss               zero     0x2000'2160         8      0x90  rfhal_bufc.o [25]
    .bss               zero     0x2000'21f0         8      0x18  generic_phy.o [25]
    .bss               zero     0x2000'2208         4      0x30  AppPING6Process.o [7]
    .bss               zero     0x2000'2238         4      0x50  AppPING6Process.o [7]
    .bss               zero     0x2000'2288         4      0x24  AppUDPprocess.o [7]
    .bss               zero     0x2000'22ac         4      0x24  AppUDPprocess.o [7]
    .bss               zero     0x2000'22d0         4      0x24  AppUDPprocess.o [7]
    .bss               zero     0x2000'22f4         4      0x30  AppUDPprocess.o [7]
    .bss               zero     0x2000'2324         4       0x4  AppUDPprocess.o [7]
    .bss               zero     0x2000'2328         4       0x4  buff_mgmt.o [8]
    .bss               zero     0x2000'232c         4       0x4  buff_mgmt.o [8]
    .bss               zero     0x2000'2330         4    0x55b0  buffer_service.o [8]
    .bss               zero     0x2000'78e0         4      0x80  dmadrv.o [17]
    .bss               zero     0x2000'7960         4     0x100  dmadrv.o [17]
    .bss               zero     0x2000'7a60         4       0x4  event_manager.o [8]
    .bss               zero     0x2000'7a64         4       0x8  fan_api.o [7]
    .bss               zero     0x2000'7a6c         4      0x4c  fan_app_auto.o [7]
    .bss               zero     0x2000'7ab8         4      0x3c  fan_app_auto.o [7]
    .bss               zero     0x2000'7af4         4       0xc  fan_app_auto.o [7]
    .bss               zero     0x2000'7b00         4      0x44  fan_app_auto.o [7]
    .bss               zero     0x2000'7b44         4      0x18  fan_factorycmd.o [7]
    .bss               zero     0x2000'7b5c         4      0x18  fan_factorycmd.o [7]
    .bss               zero     0x2000'7b74         4       0x4  fan_factorycmd.o [7]
    .bss               zero     0x2000'7b78         4       0x4  fan_factorycmd.o [7]
    .bss               zero     0x2000'7b7c         4       0x8  fan_factorycmd.o [7]
    .bss               zero     0x2000'7b84         4      0x10  fan_factorycmd.o [7]
    .bss               zero     0x2000'7b94         4       0x4  hw_tmr.o [3]
    .bss               zero     0x2000'7b98         4       0x4  k_meter_comm.o [4]
    .bss               zero     0x2000'7b9c         4       0x4  k_meter_comm.o [4]
    .bss               zero     0x2000'7ba0         4     0x5e0  k_meter_comm.o [4]
    .bss               zero     0x2000'8180         4     0xbc0  k_meter_comm.o [4]
    .bss               zero     0x2000'8d40         4       0xc  k_test_app.o [4]
    .bss               zero     0x2000'8d4c         4     0x1f4  k_test_app.o [4]
    .bss               zero     0x2000'8f40         4       0x4  main.o [1]
    .bss               zero     0x2000'8f44         4      0x10  main.o [1]
    .bss               zero     0x2000'8f54         4       0x4  main.o [1]
    .bss               zero     0x2000'8f58         4       0x4  main.o [1]
    .bss               zero     0x2000'8f5c         4       0x4  main.o [1]
    .bss               zero     0x2000'8f60         4       0x8  network-manager.o [10]
    .bss               zero     0x2000'8f68         4     0x640  nvm3_default_common_linker.o [6]
    .bss               zero     0x2000'95a8         4       0x4  nvm3_lock.o [6]
    .bss               zero     0x2000'95ac         4      0x2c  nvm3_lock.o [6]
    .bss               zero     0x2000'95d8         4      0x2c  nvm3_lock.o [6]
    .bss               zero     0x2000'9604         4      0x2c  nvm3_lock.o [6]
    .bss               zero     0x2000'9630         4      0x2c  nvm3_lock.o [6]
    .bss               zero     0x2000'965c         4       0x4  sl_event_handler.o [9]
    .bss               zero     0x2000'9660         4       0x4  sl_iostream.o [13]
    .bss               zero     0x2000'9664         4      0x18  sl_iostream_init_eusart_instances.o [1]
    .bss               zero     0x2000'967c         4      0x64  sl_iostream_init_eusart_instances.o [1]
    .bss               zero     0x2000'96e0         4      0x20  sl_iostream_init_eusart_instances.o [1]
    .bss               zero     0x2000'9700         4       0x4  sl_mpu.o [12]
    .bss               zero     0x2000'9704         4       0x4  sw_timer.o [8]
    .bss               zero     0x2000'9708         4      0x34  timer_service.o [8]
    .bss               zero     0x2000'973c         4      0x10  timer_service.o [8]
    .bss               zero     0x2000'974c         4       0x4  timer_service.o [8]
    .bss               zero     0x2000'9750         4       0x4  timer_service.o [8]
    .bss               zero     0x2000'9754         4       0x4  uart_hal.o [3]
    .bss               zero     0x2000'9758         4       0x4  uart_hal.o [3]
    .bss               zero     0x2000'975c         4      0x18  mac_interface_layer.o [20]
    .bss               zero     0x2000'9774         4       0x4  mac_security.o [20]
    .bss               zero     0x2000'9778         4     0x184  mac_security.o [20]
    .bss               zero     0x2000'98fc         4       0x4  mac_security.o [20]
    .bss               zero     0x2000'9900         4       0x4  sicslowpan.o [22]
    .bss               zero     0x2000'9904         4       0x4  sicslowpan.o [22]
    .bss               zero     0x2000'9908         4       0x4  sicslowpan.o [22]
    .bss               zero     0x2000'990c         4      0xc8  sicslowpan.o [22]
    .bss               zero     0x2000'99d4         4       0x4  sicslowpan.o [22]
    .bss               zero     0x2000'99d8         4       0x4  sicslowpan.o [22]
    .bss               zero     0x2000'99dc         4       0xc  sicslowpan.o [22]
    .bss               zero     0x2000'99e8         4       0x4  sicslowpan.o [22]
    .bss               zero     0x2000'99ec         4       0x4  sicslowpan.o [22]
    .bss               zero     0x2000'99f0         4       0x4  tcpip.o [22]
    .bss               zero     0x2000'99f4         4       0x4  tcpip.o [22]
    .bss               zero     0x2000'99f8         4       0xc  process.o [21]
    .bss               zero     0x2000'9a04         4     0x180  process.o [21]
    .bss               zero     0x2000'9b84         4       0x8  uip6.o [22]
    .bss               zero     0x2000'9b8c         4       0x4  uip6.o [22]
    .bss               zero     0x2000'9b90         4     0x800  uip6.o [22]
    .bss               zero     0x2000'a390         4       0x4  uip6.o [22]
    .bss               zero     0x2000'a394         4       0x4  uip6.o [22]
    .bss               zero     0x2000'a398         4       0x4  uip6.o [22]
    .bss               zero     0x2000'a39c         4       0x4  uip6.o [22]
    .bss               zero     0x2000'a3a0         4     0x140  uip6.o [22]
    .bss               zero     0x2000'a4e0         4       0x8  uip6.o [22]
    .bss               zero     0x2000'a4e8         4     0x108  uip-ds6.o [22]
    .bss               zero     0x2000'a5f0         4      0x60  uip-ds6.o [22]
    .bss               zero     0x2000'a650         4      0x10  uip-ds6.o [22]
    .bss               zero     0x2000'a660         4       0x4  uip-ds6.o [22]
    .bss               zero     0x2000'a664         4       0x4  uip-ds6.o [22]
    .bss               zero     0x2000'a668         4       0x4  uip-ds6.o [22]
    .bss               zero     0x2000'a66c         4      0x10  uip-icmp6.o [22]
    .bss               zero     0x2000'a67c         4       0x4  uip-icmp6.o [22]
    .bss               zero     0x2000'a680         4       0x4  uip-icmp6.o [22]
    .bss               zero     0x2000'a684         4     0x3c4  rpl-icmp6.o [22]
    .bss               zero     0x2000'aa48         4      0x10  rpl-icmp6.o [22]
    .bss               zero     0x2000'aa58         4     0x800  simple-udp.o [22]
    .bss               zero     0x2000'b258         4      0x40  plme.o [19]
    .bss               zero     0x2000'b298         4       0x4  plme.o [19]
    .bss               zero     0x2000'b29c         4       0x4  trx_access.o [19]
    .bss               zero     0x2000'b2a0         4     0x200  trx_access.o [19]
    .bss               zero     0x2000'b4a0         4     0x400  trx_access.o [19]
    .bss               zero     0x2000'b8a0         4       0x4  trx_access.o [19]
    .bss               zero     0x2000'b8a4         4       0x4  trx_access.o [19]
    .bss               zero     0x2000'b8a8         4       0x8  mac_nbr_manager.o [20]
    .bss               zero     0x2000'b8b0         4      0x12  mac_nbr_manager.o [20]
    .bss               zero     0x2000'b8c2         2       0x2  AppPING6Process.o [7]
    .bss               zero     0x2000'b8c4         4     0x118  mac_nbr_manager.o [20]
    .bss               zero     0x2000'b9dc         4      0x10  mac_nbr_manager.o [20]
    .bss               zero     0x2000'b9ec         4     0x834  mac_if.o [20]
    .bss               zero     0x2000'c220         4      0x18  mac_if.o [20]
    .bss               zero     0x2000'c238         4     0x214  uip-ds6-nbr.o [22]
    .bss               zero     0x2000'c44c         4      0x10  uip-ds6-nbr.o [22]
    .bss               zero     0x2000'c45c         4      0x10  uip-ds6-nbr.o [22]
    .bss               zero     0x2000'c46c         4       0x4  rpl-ns.o [22]
    .bss               zero     0x2000'c470         4       0x4  rpl-ns.o [22]
    .bss               zero     0x2000'c474         4      0x20  rpl-ns.o [22]
    .bss               zero     0x2000'c494         4     0x400  rpl-ns.o [22]
    .bss               zero     0x2000'c894         4       0x6  pc_tmr.o [20]
    .bss               zero     0x2000'c89a         2       0x2  AppUDPprocess.o [7]
    .bss               zero     0x2000'c89c         4     0x228  mac_pib.o [20]
    .bss               zero     0x2000'cac4         4       0x8  mac_pib.o [20]
    .bss               zero     0x2000'cacc         4       0x4  link-stats.o [22]
    .bss               zero     0x2000'cad0         4       0x4  link-stats.o [22]
    .bss               zero     0x2000'cad4         4      0x38  rpl-dag.o [22]
    .bss               zero     0x2000'cb0c         4       0x4  rpl-dag.o [22]
    .bss               zero     0x2000'cb10         4       0x8  linkaddr.o [22]
    .bss               zero     0x2000'cb18         4       0x8  nvm3.o [24]
    .bss               zero     0x2000'cb20         4       0x5  pa_tmr.o [20]
    .bss               zero     0x2000'cb26         2       0x2  fan_app_auto.o [7]
    .bss               zero     0x2000'cb28         4      0x1c  queuebuf.o [22]
    .bss               zero     0x2000'cb44         4      0x68  queuebuf.o [22]
    .bss               zero     0x2000'cbac         4      0x1c  queuebuf.o [22]
    .bss               zero     0x2000'cbc8         4     0x6e8  queuebuf.o [22]
    .bss               zero     0x2000'd2b0         4       0x8  rpl-dag-root.o [22]
    .bss               zero     0x2000'd2b8         4      0x10  rpl-dag-root.o [22]
    .bss               zero     0x2000'd2c8         4       0x8  l2_l3_interface.o [22]
    .bss               zero     0x2000'd2d0         4       0x8  l2_l3_interface.o [22]
    .bss               zero     0x2000'd2d8         4      0x30  pa_conversions_efr32.o [19]
    .bss               zero     0x2000'd308         4       0x8  mac_rcv.o [20]
    .bss               zero     0x2000'd310         4     0x178  mac_data.o [20]
    .bss               zero     0x2000'd488         4      0x2c  packetbuf.o [22]
    .bss               zero     0x2000'd4b4         4      0x10  packetbuf.o [22]
    .bss               zero     0x2000'd4c4         4     0x708  packetbuf.o [22]
    .bss               zero     0x2000'dbcc         4      0x64  rpl-ext-header.o [22]
    .bss               zero     0x2000'dc30         4       0x8  rpl-ext-header.o [22]
    .bss               zero     0x2000'dc38         4       0x4  rpl-ext-header.o [22]
    .bss               zero     0x2000'dc3c         4       0x4  uip-nd6.o [22]
    .bss               zero     0x2000'dc40         4       0x4  uip-nd6.o [22]
    .bss               zero     0x2000'dc44         4       0x4  uip-nd6.o [22]
    .bss               zero     0x2000'dc48         4       0x4  uip-nd6.o [22]
    .bss               zero     0x2000'dc4c         4      0x38  uip-ds6-route.o [22]
    .bss               zero     0x2000'dc84         4      0x28  uip-ds6-route.o [22]
    .bss               zero     0x2000'dcac         4     0x140  uip-ds6-route.o [22]
    .bss               zero     0x2000'ddec         4       0x4  uip-ds6-route.o [22]
    .bss               zero     0x2000'ddf0         4      0x28  uip-ds6-route.o [22]
    .bss               zero     0x2000'de18         4     0x640  uip-ds6-route.o [22]
    .bss               zero     0x2000'e458         4       0x4  uip-ds6-route.o [22]
    .bss               zero     0x2000'e45c         4       0x4  uip-ds6-route.o [22]
    .bss               zero     0x2000'e460         4      0x40  uip-ds6-route.o [22]
    .bss               zero     0x2000'e4a0         4       0x4  uip-ds6-route.o [22]
    .bss               zero     0x2000'e4a4         4      0x30  roll-tm.o [22]
    .bss               zero     0x2000'e4d4         4      0x8c  roll-tm.o [22]
    .bss               zero     0x2000'e560         4       0x4  roll-tm.o [22]
    .bss               zero     0x2000'e564         4       0x4  roll-tm.o [22]
    .bss               zero     0x2000'e568         4       0x4  roll-tm.o [22]
    .bss               zero     0x2000'e56c         4       0x4  roll-tm.o [22]
    .bss               zero     0x2000'e570         4       0x4  roll-tm.o [22]
    .bss               zero     0x2000'e574         4       0x4  roll-tm.o [22]
    .bss               zero     0x2000'e578         4       0x4  roll-tm.o [22]
    .bss               zero     0x2000'e57c         4       0x8  rail_singleprotocol.o [25]
    .bss               zero     0x2000'e584         4     0x200  rail_data.o [25]
    .bss               zero     0x2000'e784         4       0x4  pas_tmr.o [20]
    .bss               zero     0x2000'e788         4       0x4  pcs_tmr.o [20]
    .bss               zero     0x2000'e78c         4      0x38  fan_sm.o [20]
    .bss               zero     0x2000'e7c4         4     0x1a4  fan_sm.o [20]
    .bss               zero     0x2000'e968         4     0x12c  mac_queue_manager.o [20]
    .bss               zero     0x2000'ea94         4       0xc  trxsm.o [20]
    .bss               zero     0x2000'eaa0         4       0x4  trxsm.o [20]
    .bss               zero     0x2000'eaa4         4       0x8  nbr-table.o [22]
    .bss               zero     0x2000'eaac         4       0x8  nbr-table.o [22]
    .bss               zero     0x2000'eab4         4      0x20  nbr-table.o [22]
    .bss               zero     0x2000'ead4         4       0x4  nbr-table.o [22]
    .bss               zero     0x2000'ead8         4       0x8  nbr-table.o [22]
    .bss               zero     0x2000'eae0         4      0x54  nbr-table.o [22]
    .bss               zero     0x2000'eb34         4       0x4  nbr-table.o [22]
    .bss               zero     0x2000'eb38         4       0x4  mac_frame_parse.o [20]
    .bss               zero     0x2000'eb3c         4      0x14  rail_rf_hal.o [25]
    .bss               zero     0x2000'eb50         4      0x48  rfhal_radio.o [25]
    .bss               zero     0x2000'eb98         4       0x4  rfhal_timings.o [25]
    .bss               zero     0x2000'eb9c         4       0x4  rfhal_timings.o [25]
    .bss               zero     0x2000'eba0         4      0x1c  rfhal_signing.o [25]
    .bss               zero     0x2000'ebbc         4      0x34  rfhal_rftest.o [25]
    .bss               zero     0x2000'ebf0         4      0x16  rfhal_pti.o [25]
    .bss               zero     0x2000'ec06         2       0x2  fan_factorycmd.o [7]
    .bss               zero     0x2000'ec08         4       0xc  rfhal_protimer.o [25]
    .bss               zero     0x2000'ec14         4      0x10  rfhal_protimer.o [25]
    .bss               zero     0x2000'ec24         4       0x4  rfhal_protimer.o [25]
    .bss               zero     0x2000'ec28         4       0xc  tmrdrv.o [25]
    .bss               zero     0x2000'ec34         4       0xc  rfhal_synth.o [25]
    .bss               zero     0x2000'ec40         4       0xc  rfhal_rfeca.o [25]
    .bss               zero     0x2000'ec4c         4      0x84  rand.o [23]
    .bss               zero     0x2000'ecd0         4       0x4  xfail_s.o [23]
    .bss               zero     0x2000'ecd4         2       0x2  main.o [1]
    .bss               zero     0x2000'ecd6         2       0x2  sw_timer.o [8]
    .bss               zero     0x2000'ecd8         2       0x2  uart_hal.o [3]
    .bss               zero     0x2000'ecda         2       0x2  sicslowpan.o [22]
    .bss               zero     0x2000'ecdc         2       0x2  sicslowpan.o [22]
    .bss               zero     0x2000'ecde         2       0x2  uip6.o [22]
    .bss               zero     0x2000'ece0         2       0x2  uip6.o [22]
    .bss               zero     0x2000'ece2         2       0x2  uip6.o [22]
    .bss               zero     0x2000'ece4         2       0x2  rpl-icmp6.o [22]
    .bss               zero     0x2000'ece6         2       0x2  rpl-icmp6.o [22]
    .bss               zero     0x2000'ece8         2       0x2  rpl-timers.o [22]
    .bss               zero     0x2000'ecea         2       0x2  packetbuf.o [22]
    .bss               zero     0x2000'ecec         2       0x2  packetbuf.o [22]
    .bss               zero     0x2000'ecee         2       0x2  rpl-ext-header.o [22]
    .bss               zero     0x2000'ecf0         2       0x2  uip-ds6-route.o [22]
    .bss               zero     0x2000'ecf2         2       0x2  uip-packetqueue.o [22]
    .bss               zero     0x2000'ecf4         2       0x2  roll-tm.o [22]
    .bss               zero     0x2000'ecf6         2       0x2  roll-tm.o [22]
    .bss               zero     0x2000'ecf8         2       0x2  trxsm.o [20]
    .bss               zero     0x2000'ecfa         2       0x2  generic_phy.o [25]
    .bss               zero     0x2000'ecfc                 0x1  app_log.o [2]
    .bss               zero     0x2000'ecfd                 0x1  AppPING6Process.o [7]
    .bss               zero     0x2000'ecfe                 0x1  dmadrv.o [17]
    .bss               zero     0x2000'ecff                 0x1  em_emu.o [16]
    .bss               zero     0x2000'ed00                 0x1  fan_app_auto.o [7]
    .bss               zero     0x2000'ed01                 0x1  fan_factorycmd.o [7]
    .bss               zero     0x2000'ed02                 0x1  fan_factorycmd.o [7]
    .bss               zero     0x2000'ed03                 0x1  fan_factorycmd.o [7]
    .bss               zero     0x2000'ed04                 0x1  hw_tmr.o [3]
    .bss               zero     0x2000'ed05                 0x1  hw_tmr.o [3]
    .bss               zero     0x2000'ed06                 0x1  main.o [1]
    .bss               zero     0x2000'ed07                 0x1  main.o [1]
    .bss               zero     0x2000'ed08                 0x1  main.o [1]
    .bss               zero     0x2000'ed09                 0x1  network-manager.o [10]
    .bss               zero     0x2000'ed0a                 0x1  network-manager.o [10]
    .bss               zero     0x2000'ed0b                 0x1  timer_service.o [8]
    .bss               zero     0x2000'ed0c                 0x1  timer_service.o [8]
    .bss               zero     0x2000'ed0d                 0x1  sicslowpan.o [22]
    .bss               zero     0x2000'ed0e                 0x1  sicslowpan.o [22]
    .bss               zero     0x2000'ed0f                 0x1  tcpip.o [22]
    .bss               zero     0x2000'ed10                 0x1  tcpip.o [22]
    .bss               zero     0x2000'ed11                 0x1  uip6.o [22]
    .bss               zero     0x2000'ed12                 0x1  uip6.o [22]
    .bss               zero     0x2000'ed13                 0x1  uip6.o [22]
    .bss               zero     0x2000'ed14                 0x1  uip6.o [22]
    .bss               zero     0x2000'ed15                 0x1  uip-ds6.o [22]
    .bss               zero     0x2000'ed16                 0x1  uip-ds6.o [22]
    .bss               zero     0x2000'ed17                 0x1  rpl-icmp6.o [22]
    .bss               zero     0x2000'ed18                 0x1  rpl-icmp6.o [22]
    .bss               zero     0x2000'ed19                 0x1  rpl-icmp6.o [22]
    .bss               zero     0x2000'ed1a                 0x1  simple-udp.o [22]
    .bss               zero     0x2000'ed1b                 0x1  link-stats.o [22]
    .bss               zero     0x2000'ed1c                 0x1  link-stats.o [22]
    .bss               zero     0x2000'ed1d                 0x1  link-stats.o [22]
    .bss               zero     0x2000'ed1e                 0x1  rpl-timers.o [22]
    .bss               zero     0x2000'ed1f                 0x1  rpl-timers.o [22]
    .bss               zero     0x2000'ed20                 0x1  rpl-timers.o [22]
    .bss               zero     0x2000'ed21                 0x1  rpl-timers.o [22]
    .bss               zero     0x2000'ed22                 0x1  rpl-timers.o [22]
    .bss               zero     0x2000'ed23                 0x1  rpl-dag-root.o [22]
    .bss               zero     0x2000'ed24                 0x1  rpl-dag-root.o [22]
    .bss               zero     0x2000'ed25                 0x1  l2_l3_interface.o [22]
    .bss               zero     0x2000'ed26                 0x1  packetbuf.o [22]
    .bss               zero     0x2000'ed27                 0x1  rpl.o [22]
    .bss               zero     0x2000'ed28                 0x1  uip-nd6.o [22]
    .bss               zero     0x2000'ed29                 0x1  pcs_tmr.o [20]
    .bss               zero     0x2000'ed2a                 0x1  rail_rf_hal.o [25]
[...]
trickle_timer_send_pc_pkt_immediately
                         0x801'2a8f     0xc  Code  Gb  pc_tmr.o [20]
trig_wan_ping            0x802'3f29     0xa  Code  Gb  fan_api.o [7]
trigger_FAN_MAC_Start    0x800'b463     0xe  Code  Lc  network-manager.o [10]
trigger_SECURE_NON_SECURE_ACK
                         0x800'b0e5    0x22  Code  Gb  mac_rcv.o [20]
trigger_pa_frame_on_timer
                         0x800'9cdd     0x6  Code  Gb  mac_if.o [20]
trigger_pas_frame_on_timer
                         0x800'9ce9     0x6  Code  Gb  mac_if.o [20]
trigger_pc_frame_on_timer
                         0x800'9ce3     0x6  Code  Gb  mac_if.o [20]
trigger_pcs_frame_on_timer
                         0x800'9cef     0x6  Code  Gb  mac_if.o [20]
trx_complete_timestamp  0x2000'0dd4     0x4  Data  Gb  trx_access.o [19]
trx_packet_rx_cb         0x801'6745    0x10  Code  Gb  pd.o [19]
trxsm                   0x2000'1690    0xc0  Data  Gb  mac_if.o [20]
trxsm_activate_csm       0x800'f847    0x32  Code  Lc  trxsm.o [20]
trxsm_alarm              0x800'f6fd     0x8  Code  Lc  trxsm.o [20]
trxsm_alarm_cap_tx_wait
                         0x800'f75d    0x22  Code  Lc  trxsm.o [20]
trxsm_alarm_wait_bcn_wait
                         0x800'f705    0x34  Code  Lc  trxsm.o [20]
trxsm_alarm_wait_mpm_eb_wait
                         0x800'f739    0x22  Code  Lc  trxsm.o [20]
trxsm_cancel_curr_activities
                         0x800'f89d    0x22  Code  Lc  trxsm.o [20]
trxsm_cap_ack_tx_send    0x800'f661    0x66  Code  Lc  trxsm.o [20]
trxsm_cap_tx_send        0x800'f29d   0x1fc  Code  Lc  trxsm.o [20]
trxsm_cap_tx_wait        0x800'f499   0x1c6  Code  Lc  trxsm.o [20]
trxsm_cfp                0x800'f6c9     0xe  Code  Lc  trxsm.o [20]
trxsm_deactivate_csm     0x800'f879    0x24  Code  Lc  trxsm.o [20]
trxsm_enqueue_completed_msg
                         0x800'f8c9    0x20  Code  Lc  trxsm.o [20]
trxsm_get_result         0x800'ed93     0x4  Code  Gb  trxsm.o [20]
trxsm_get_state          0x800'ed8f     0x4  Code  Gb  trxsm.o [20]
trxsm_idle               0x800'edfd   0x2e0  Code  Lc  trxsm.o [20]
trxsm_initialise         0x800'ed4d    0x16  Code  Gb  trxsm.o [20]
trxsm_off                0x800'f6d9    0x24  Code  Lc  trxsm.o [20]
trxsm_p                 0x2000'b9ec     0x4  Data  Gb  mac_if.o [20]
trxsm_requeue            0x800'f77f    0xc8  Code  Lc  trxsm.o [20]
trxsm_start              0x800'ed63    0x2c  Code  Gb  trxsm.o [20]
trxsm_transit            0x800'f8bf     0xa  Code  Gb  trxsm.o [20]
trxsm_wait_bcn_wait      0x800'f0dd    0x9e  Code  Lc  trxsm.o [20]
trxsm_wait_mpm_eb_wait   0x800'f17d   0x11e  Code  Lc  trxsm.o [20]
tsm_alarm                0x801'3a55    0x10  Code  Gb  fan_factorycmd.o [7]
tsm_sending_mod_stream   0x801'39a5    0x50  Code  Lc  fan_factorycmd.o [7]
tsm_sending_unmod_stream
                         0x801'3959    0x4a  Code  Lc  fan_factorycmd.o [7]
ttl_values               0x800'0778     0x4  Data  Lc  sicslowpan.o [22]
tunnel_ptr              0x2000'dc38     0x4  Data  Gb  rpl-ext-header.o [22]
txBuffer                0x2000'b2a0   0x200  Data  Gb  trx_access.o [19]
txPowerConfigSubGhz     0x2000'0fac     0x8  Data  Lc  pa_conversions_efr32.o [19]
tx_fifo                 0x2000'0e78    0x80  Data  Lc  trx_access.o [19]
tx_irq_count            0x2000'0de0     0x4  Data  Lc  trx_access.o [19]
tx_try_index            0x2000'0dbb     0x1  Data  Gb  trx_access.o [19]
uart0                   0x2000'0b84     0x4  Data  Lc  uart_hal.o [3]
uart_deinit              0x802'fdc1    0x8e  Code  Lc  sl_iostream_uart.o [13]
uart_hal_write           0x802'741d    0x3a  Code  Gb  uart_hal.o [3]
uart_read                0x802'ff69    0x36  Code  Lc  sl_iostream_uart.o [13]
uart_write               0x802'ff51    0x16  Code  Lc  sl_iostream_uart.o [13]
ud_dlms                 0x2000'7ba0   0x5e0  Data  Gb  k_meter_comm.o [4]
udp_counter             0x2000'c89a     0x2  Data  Lc  AppUDPprocess.o [7]
udp_new                  0x801'bb1f    0x2e  Code  Gb  tcpip.o [22]
udp_param               0x2000'22f4    0x30  Data  Lc  AppUDPprocess.o [7]
udp_process             0x2000'0a3c     0xc  Data  Gb  AppUDPprocess.o [7]
udp_send_counter        0x2000'2324     0x4  Data  Gb  AppUDPprocess.o [7]
udp_send_ctimer         0x2000'12d8    0x30  Data  Lc  AppUDPprocess.o [7]
udp_send_ctimer_callback
                         0x801'9add    0x48  Code  Lc  AppUDPprocess.o [7]
uip_aligned_buf         0x2000'9b90   0x800  Data  Gb  uip6.o [22]
uip_appdata             0x2000'a390     0x4  Data  Gb  uip6.o [22]
uip_conn                0x2000'a398     0x4  Data  Gb  uip6.o [22]
uip_create_multi_dao_opt
                         0x802'6ec5   0x1a6  Code  Gb  rpl-icmp6.o [22]
uip_data_len            0x2000'ecee     0x2  Data  Gb  rpl-ext-header.o [22]
uip_debug_ipaddr_print   0x802'4f15    0xbc  Code  Gb  uip-debug.o [22]
uip_ds6_addr_add         0x802'2c79    0x96  Code  Gb  uip-ds6.o [22]
uip_ds6_addr_lookup      0x802'2d5f    0x28  Code  Gb  uip-ds6.o [22]
uip_ds6_addr_rm          0x802'2d0f    0x50  Code  Gb  uip-ds6.o [22]
uip_ds6_addr_size       0x2000'ed15     0x1  Data  Gb  uip-ds6.o [22]
uip_ds6_compute_reachable_time
                         0x802'30d3    0x32  Code  Gb  uip-ds6.o [22]
uip_ds6_defrt_add        0x801'8549    0x5c  Code  Gb  uip-ds6-route.o [22]
uip_ds6_defrt_choose     0x801'8615    0x3c  Code  Gb  uip-ds6-route.o [22]
uip_ds6_defrt_lookup     0x801'85e3    0x32  Code  Gb  uip-ds6-route.o [22]
uip_ds6_defrt_rm         0x801'85a5    0x3e  Code  Gb  uip-ds6-route.o [22]
uip_ds6_get_addr_iid     0x802'3059    0x26  Code  Gb  uip-ds6.o [22]
uip_ds6_get_global       0x802'2de9    0x62  Code  Gb  uip-ds6.o [22]
uip_ds6_get_link_local   0x802'2d87    0x62  Code  Gb  uip-ds6.o [22]
uip_ds6_if              0x2000'a4e8   0x108  Data  Gb  uip-ds6.o [22]
uip_ds6_init             0x802'2891   0x1a2  Code  Gb  uip-ds6.o [22]
uip_ds6_is_addr_directlink
                         0x802'2bc3    0xb6  Code  Gb  uip-ds6.o [22]
uip_ds6_is_addr_onlink   0x802'2b6f    0x54  Code  Gb  uip-ds6.o [22]
uip_ds6_link_neighbor_callback
                         0x801'7487    0x32  Code  Gb  uip-ds6-nbr.o [22]
uip_ds6_list_loop        0x802'2a85    0x72  Code  Gb  uip-ds6.o [22]
uip_ds6_maddr_add        0x802'2e4b    0x3a  Code  Gb  uip-ds6.o [22]
uip_ds6_maddr_lookup     0x802'2e8f    0x24  Code  Gb  uip-ds6.o [22]
uip_ds6_maddr_rm         0x802'2e85     0xa  Code  Gb  uip-ds6.o [22]
uip_ds6_nbr_add          0x801'729b   0x100  Code  Gb  uip-ds6-nbr.o [22]
uip_ds6_nbr_get_ll       0x801'73c5    0x12  Code  Gb  uip-ds6-nbr.o [22]
uip_ds6_nbr_ipaddr_from_lladdr
                         0x801'7459    0x12  Code  Gb  uip-ds6-nbr.o [22]
uip_ds6_nbr_ll_lookup    0x801'7447    0x12  Code  Gb  uip-ds6-nbr.o [22]
uip_ds6_nbr_lladdr_from_ipaddr
                         0x801'746b    0x1c  Code  Gb  uip-ds6-nbr.o [22]
uip_ds6_nbr_lookup       0x801'73fd    0x4a  Code  Gb  uip-ds6-nbr.o [22]
uip_ds6_nbr_num          0x801'73d7    0x26  Code  Gb  uip-ds6-nbr.o [22]
uip_ds6_nbr_refresh_reachable_state
                         0x801'758f    0x24  Code  Gb  uip-ds6-nbr.o [22]
uip_ds6_nbr_rm           0x801'739d    0x28  Code  Gb  uip-ds6-nbr.o [22]
uip_ds6_nbr_update_rsl_ie
                         0x801'7865    0x80  Code  Gb  uip-ds6-nbr.o [22]
uip_ds6_neighbor_periodic
                         0x801'74b9    0xd6  Code  Gb  uip-ds6-nbr.o [22]
uip_ds6_neighbors_init   0x801'7285    0x16  Code  Gb  uip-ds6-nbr.o [22]
uip_ds6_netif_addr_list_offset
                        0x2000'ed16     0x1  Data  Gb  uip-ds6.o [22]
uip_ds6_notification_add
                         0x801'8341    0x20  Code  Gb  uip-ds6-route.o [22]
uip_ds6_periodic         0x802'2a33    0x52  Code  Gb  uip-ds6.o [22]
uip_ds6_prefix_add       0x802'2af7    0x78  Code  Gb  uip-ds6.o [22]
uip_ds6_prefix_list     0x2000'a5f0    0x60  Data  Gb  uip-ds6.o [22]
uip_ds6_route_head       0x801'83d3     0xe  Code  Gb  uip-ds6-route.o [22]
uip_ds6_route_init       0x801'8361    0x40  Code  Gb  uip-ds6-route.o [22]
uip_ds6_route_lookup     0x801'83f5    0x80  Code  Gb  uip-ds6-route.o [22]
uip_ds6_route_next       0x801'83e1    0x14  Code  Gb  uip-ds6-route.o [22]
uip_ds6_route_nexthop    0x801'83bb    0x18  Code  Gb  uip-ds6-route.o [22]
uip_ds6_route_nexthop_lladdr
                         0x801'83a1    0x1a  Code  Lc  uip-ds6-route.o [22]
uip_ds6_route_rm         0x801'8475    0x90  Code  Gb  uip-ds6-route.o [22]
uip_ds6_rpl_choose       0x801'8651    0x58  Code  Gb  uip-ds6-route.o [22]
uip_ds6_select_src       0x802'2eb3   0x180  Code  Gb  uip-ds6.o [22]
uip_ds6_set_addr_iid     0x802'3033    0x26  Code  Gb  uip-ds6.o [22]
uip_ds6_timer_periodic  0x2000'1638    0x18  Data  Gb  uip-ds6.o [22]
uip_ds6_update_rsl_ie    0x801'77d7    0x8e  Code  Gb  uip-ds6-nbr.o [22]
uip_ext_bitmap          0x2000'ed11     0x1  Data  Gb  uip6.o [22]
uip_ext_len             0x2000'ed12     0x1  Data  Gb  uip6.o [22]
uip_ext_opt_offset      0x2000'ed13     0x1  Data  Gb  uip6.o [22]
uip_flags               0x2000'ed14     0x1  Data  Gb  uip6.o [22]
uip_get_prio_based_parent_ip
                         0x801'7c73    0x32  Code  Gb  uip-ds6-nbr.o [22]
uip_get_prio_based_parent_nbr
                         0x801'7ca5    0x32  Code  Gb  uip-ds6-nbr.o [22]
uip_htonl                0x802'843f    0x22  Code  Gb  uip6.o [22]
uip_htons                0x802'842f    0x10  Code  Gb  uip6.o [22]
uip_icmp6_conns         0x2000'a4e0     0x8  Data  Gb  uip6.o [22]
uip_icmp6_error_output   0x802'cb1b   0x1b4  Code  Gb  uip-icmp6.o [22]
uip_icmp6_init           0x802'cf63    0x10  Code  Gb  uip-icmp6.o [22]
uip_icmp6_input          0x802'c9ed    0x40  Code  Gb  uip-icmp6.o [22]
uip_icmp6_register_input_handler
                         0x802'ca2d    0x12  Code  Gb  uip-icmp6.o [22]
uip_icmp6_send           0x802'cccf   0x10a  Code  Gb  uip-icmp6.o [22]
uip_icmp6chksum          0x802'7b0b     0xa  Code  Gb  uip6.o [22]
uip_init                 0x802'7b1f    0x38  Code  Gb  uip6.o [22]
uip_len                 0x2000'ecde     0x2  Data  Gb  uip6.o [22]
uip_lladdr              0x2000'9b84     0x8  Data  Gb  uip6.o [22]
uip_nd6_init             0x802'3e9b    0x10  Code  Gb  uip-nd6.o [22]
uip_nd6_ns_aro_output    0x802'39ff   0x214  Code  Gb  uip-nd6.o [22]
uip_nd6_ns_output        0x802'3891   0x16e  Code  Gb  uip-nd6.o [22]
uip_next_hdr            0x2000'9b8c     0x4  Data  Gb  uip6.o [22]
uip_packetqueue_alloc    0x802'315f    0x36  Code  Gb  uip-packetqueue.o [22]
uip_packetqueue_buf      0x802'31bd    0x10  Code  Gb  uip-packetqueue.o [22]
uip_packetqueue_buflen   0x802'31cd    0x12  Code  Gb  uip-packetqueue.o [22]
uip_packetqueue_free     0x802'3195    0x20  Code  Gb  uip-packetqueue.o [22]
uip_packetqueue_new      0x802'3159     0x6  Code  Gb  uip-packetqueue.o [22]
uip_packetqueue_set_buflen
                         0x802'31df     0xc  Code  Gb  uip-packetqueue.o [22]
uip_process              0x802'7d6d   0x6c2  Code  Gb  uip6.o [22]
uip_sappdata            0x2000'a394     0x4  Data  Gb  uip6.o [22]
uip_slen                0x2000'ece0     0x2  Data  Gb  uip6.o [22]
uip_udp_conn            0x2000'a39c     0x4  Data  Gb  uip6.o [22]
uip_udp_conns           0x2000'a3a0   0x140  Data  Gb  uip6.o [22]
uip_udp_new              0x802'7bbd    0xc0  Code  Gb  uip6.o [22]
uip_udp_packet_send      0x802'd0fd    0x62  Code  Gb  uip-udp-packet.o [22]
uip_udp_packet_sendto    0x802'd171    0x4c  Code  Gb  uip-udp-packet.o [22]
uip_udpchksum            0x802'7b15     0xa  Code  Gb  uip6.o [22]
unc_ctxconf              0x800'0770     0x4  Data  Gb  sicslowpan.o [22]
unc_llconf               0x800'076c     0x4  Data  Gb  sicslowpan.o [22]
unc_mxconf               0x800'0774     0x4  Data  Gb  sicslowpan.o [22]
uncomp_hdr_len          0x2000'ed0e     0x1  Data  Lc  sicslowpan.o [22]
uncompress_addr          0x802'd911    0xe4  Code  Lc  sicslowpan.o [22]
uncompress_hdr_iphc      0x802'e669   0xa16  Code  Lc  sicslowpan.o [22]
unicast_connection      0x2000'1fe4    0x24  Data  Lc  AppUDPprocess.o [7]
unicast_connection1     0x2000'2054    0x24  Data  Lc  AppUDPprocess.o [7]
unicast_connection2     0x2000'2288    0x24  Data  Lc  AppUDPprocess.o [7]
unicast_connection3     0x2000'22ac    0x24  Data  Lc  AppUDPprocess.o [7]
unicast_connection4     0x2000'22d0    0x24  Data  Lc  AppUDPprocess.o [7]
unicast_ie              0x2000'7ab8    0x3c  Data  Gb  fan_app_auto.o [7]
update_bfio_with_procces_time
                         0x801'1079    0xb0  Code  Gb  mac_frame_build.o [20]
update_client_solicit_mac_address
                         0x802'70a1    0xb4  Code  Gb  rpl-icmp6.o [22]
update_directlink_status
                         0x801'765d    0x16  Code  Gb  uip-ds6-nbr.o [22]
update_expired_tmr_list
                         0x801'2cff    0xaa  Code  Gb  sw_timer.o [8]
update_hbh_header        0x802'5677    0xbe  Code  Lc  rpl-ext-header.o [22]
update_mac_routing_cost
                         0x801'168d    0x8e  Code  Gb  mac_nbr_manager.o [20]
update_metric_container
                         0x803'28cb     0x6  Code  Lc  rpl-mrhof.o [22]
update_nbr_etx           0x801'171b    0x2a  Code  Gb  mac_nbr_manager.o [20]
update_pan_id_from_border_router
                         0x800'bc9d    0x20  Code  Gb  network-manager.o [10]
update_pc_consistency    0x801'2b27     0xe  Code  Gb  pc_tmr.o [20]
update_ring_buffer       0x803'0075    0xd8  Code  Lc  sl_iostream_uart.o [13]
update_rssi_for_every_pakt
                         0x801'5501    0x2e  Code  Gb  l2_l3_interface.o [22]
update_self_global_addr
                         0x800'bcbd    0x18  Code  Gb  network-manager.o [10]
update_self_pan_version
                         0x801'1bd9    0x22  Code  Gb  mac_nbr_manager.o [20]
update_seq_number_l2_attr
                         0x801'552f    0x12  Code  Gb  l2_l3_interface.o [22]
update_time              0x802'21ed    0x66  Code  Lc  etimer.o [21]
update_total_sending_dur_for_hr
                         0x801'3a0d    0x46  Code  Gb  fan_factorycmd.o [7]
update_ufsi_with_procces_time
                         0x801'1075     0x4  Code  Gb  mac_frame_build.o [20]
upper_layer_chksum       0x802'7aa3    0x68  Code  Lc  uip6.o [22]
us_timer_isr             0x801'57cd    0x32  Code  Lc  hw_tmr.o [3]
us_timer_read            0x801'5909    0x1c  Code  Gb  hw_tmr.o [3]
us_timer_set_value       0x801'5925    0x4a  Code  Gb  hw_tmr.o [3]
usable_channel          0x2000'e7b8     0xc  Data  Gb  fan_sm.o [20]
used_map                0x2000'eaa4     0x8  Data  Lc  nbr-table.o [22]
vScaleEM01Cmd            0x802'7769     0xc  Code  Lc  em_emu.o [16]
vScaleEM01Config        0x2000'ecff     0x1  Data  Lc  em_emu.o [16]
validateObj              0x801'cef1    0x26  Code  Lc  nvm3.o [24]
validateObjFragments     0x801'ccbf   0x232  Code  Lc  nvm3.o [24]
validate_seq_no_incoming_pkt
                         0x800'b107    0x34  Code  Gb  mac_rcv.o [20]
vdac0ClkGet              0x801'b18d    0x64  Code  Lc  em_cmu.o [16]
verfiy_trx_state         0x800'd8b5    0x38  Code  Lc  trx_access.o [19]
vprintf                  0x800'5fbd    0x1c  Code  Gb  vprintf.o [23]
wFifoReadCounter        0x2000'0dc4     0x2  Data  Gb  trx_access.o [19]
wReadBytesLeft          0x2000'0dc6     0x2  Data  Gb  trx_access.o [19]
wReadPointer            0x2000'0dc2     0x2  Data  Gb  trx_access.o [19]
wWritePointer           0x2000'0dcc     0x2  Data  Gb  trx_access.o [19]
waitStateMax             0x801'b5c5     0xe  Code  Lc  em_cmu.o [16]
wan_uip_icmp6_send       0x802'cdd9    0xd8  Code  Gb  uip-icmp6.o [22]
wan_uip_icmp6_send_echo_reply
                         0x802'878b    0x9e  Code  Gb  AppPING6Process.o [7]
wdog0ClkGet              0x801'b5d3    0x60  Code  Lc  em_cmu.o [16]
wdog1ClkGet              0x801'b635    0x60  Code  Lc  em_cmu.o [16]
window_allocate          0x803'19f7    0x44  Code  Lc  roll-tm.o [22]
window_lookup            0x803'1a3b    0x38  Code  Lc  roll-tm.o [22]
window_update_bounds     0x803'1a73    0x98  Code  Lc  roll-tm.o [22]
windows                 0x2000'e4a4    0x30  Data  Lc  roll-tm.o [22]
wisun_parse_header_ie    0x801'401d    0x18  Code  Gb  ie_manager.o [20]
wisun_parse_mpx_ie       0x801'40b1    0x18  Code  Gb  ie_manager.o [20]
wisun_parse_payload_long_ie
                         0x801'4073    0x3e  Code  Gb  ie_manager.o [20]
wisun_parse_payload_short_ie
                         0x801'4035    0x3e  Code  Gb  ie_manager.o [20]
workBegin                0x801'd9a7    0x16  Code  Lc  nvm3.o [24]
workEnd                  0x801'd9bd    0x14  Code  Lc  nvm3.o [24]
writeBurst              0x2000'084f    0x80  Code  Gb  em_msc.o [16]
writeFullAllowed         0x801'c48b    0x18  Code  Lc  nvm3.o [24]
write_device_table_entry_to_buffer
                         0x800'8a0d    0x44  Code  Gb  mac_security.o [20]
write_key_table_entry_to_buffer
                         0x800'8a09     0x4  Code  Gb  mac_security.o [20]
write_security_level_table_entry_to_buffer
                         0x800'8a51    0x24  Code  Gb  mac_security.o [20]
ws_send_pkt              0x801'13dd    0xa0  Code  Gb  fan_sm.o [20]
xor_func                 0x800'd0a5    0x1e  Code  Lc  p3_ccmstar.o [20]


[1] = C:\Users\PHYTEC\Desktop\custom-FG23\MeshApp_FG23_Node\AppBuild\ewarm-iar\obj
[2] = C:\Users\PHYTEC\Desktop\custom-FG23\MeshApp_FG23_Node\AppBuild\ewarm-iar\obj\APP_LOG_4972416739147312130.dir
[3] = C:\Users\PHYTEC\Desktop\custom-FG23\MeshApp_FG23_Node\AppBuild\ewarm-iar\obj\HAL_18155169353449485031.dir
[4] = C:\Users\PHYTEC\Desktop\custom-FG23\MeshApp_FG23_Node\AppBuild\ewarm-iar\obj\MeterApp_12051819094922122343.dir
[5] = C:\Users\PHYTEC\Desktop\custom-FG23\MeshApp_FG23_Node\AppBuild\ewarm-iar\obj\Source_14930429232095039707.dir
[6] = C:\Users\PHYTEC\Desktop\custom-FG23\MeshApp_FG23_Node\AppBuild\ewarm-iar\obj\Src_12316784073195354395.dir
[7] = C:\Users\PHYTEC\Desktop\custom-FG23\MeshApp_FG23_Node\AppBuild\ewarm-iar\obj\Src_14949699383848397354.dir
[8] = C:\Users\PHYTEC\Desktop\custom-FG23\MeshApp_FG23_Node\AppBuild\ewarm-iar\obj\Util_9809783495009140069.dir
[9] = C:\Users\PHYTEC\Desktop\custom-FG23\MeshApp_FG23_Node\AppBuild\ewarm-iar\obj\autogen_4020999569460366166.dir
[10] = C:\Users\PHYTEC\Desktop\custom-FG23\MeshApp_FG23_Node\AppBuild\ewarm-iar\obj\network_manager_5005759070473877390.dir
[11] = C:\Users\PHYTEC\Desktop\custom-FG23\MeshApp_FG23_Node\AppBuild\ewarm-iar\obj\src_11161112033672506470.dir
[12] = C:\Users\PHYTEC\Desktop\custom-FG23\MeshApp_FG23_Node\AppBuild\ewarm-iar\obj\src_11659692754380993443.dir
[13] = C:\Users\PHYTEC\Desktop\custom-FG23\MeshApp_FG23_Node\AppBuild\ewarm-iar\obj\src_14552146716814908185.dir
[14] = C:\Users\PHYTEC\Desktop\custom-FG23\MeshApp_FG23_Node\AppBuild\ewarm-iar\obj\src_16845863010765532355.dir
[15] = C:\Users\PHYTEC\Desktop\custom-FG23\MeshApp_FG23_Node\AppBuild\ewarm-iar\obj\src_17898116864519350784.dir
[16] = C:\Users\PHYTEC\Desktop\custom-FG23\MeshApp_FG23_Node\AppBuild\ewarm-iar\obj\src_3303982371595999919.dir
[17] = C:\Users\PHYTEC\Desktop\custom-FG23\MeshApp_FG23_Node\AppBuild\ewarm-iar\obj\src_8171704489610867858.dir
[18] = C:\Users\PHYTEC\Desktop\custom-FG23\MeshApp_FG23_Node\AppBuild\ewarm-iar\obj\src_8861381384260072712.dir
[19] = 80154_PHY_Lib.a
[20] = 802154_MAC_lib.a
[21] = ContikiOS_lib.a
[22] = RPL_IPv6_Lib.a
[23] = dl7M_tln.a
[24] = libnvm3_CM33_iar.a
[25] = librail_efr32xg23_iar_release.a
[26] = m7M_tls.a
[27] = rt7M_tl.a
[28] = shb_l.a

  184'223 bytes of readonly  code memory
      532 bytes of readwrite code memory
   24'628 bytes of readonly  data memory
  103'192 bytes of readwrite data memory

Errors: none
Warnings: none
